The target system is: Emscripten - 1 - x86
The host system is: Linux - 6.19.14+deb14-amd64 - x86_64
Performing C SOURCE FILE Test CMAKE_HAVE_LIBC_PTHREAD succeeded with the following output:
Change Dir: /home/luca/learnhardcode/cpp/emception/build/quicknode/CMakeFiles/CMakeTmp

Run Build Command(s):/usr/bin/ninja cmTC_652b1 && [1/2] Building C object CMakeFiles/cmTC_652b1.dir/src.c.o
[2/2] Linking C executable cmTC_652b1.js
cache:INFO: generating system library: sysroot/lib/wasm32-emscripten/libc++abi-debug.a... (this will be cached in "/emsdk/upstream/emscripten/cache/sysroot/lib/wasm32-emscripten/libc++abi-debug.a" for subsequent builds)
system_libs:INFO: compiled 15 inputs
cache:INFO:  - ok


Source file was:
#include <pthread.h>

void* test_func(void* data)
{
  return data;
}

int main(void)
{
  pthread_t thread;
  pthread_create(&thread, NULL, test_func, NULL);
  pthread_detach(thread);
  pthread_join(thread, NULL);
  pthread_atfork(NULL, NULL, NULL);
  pthread_exit(NULL);

  return 0;
}

