The target system is: Emscripten - 1 - x86
The host system is: Linux - 6.19.14+deb14-amd64 - x86_64
Performing C SOURCE FILE Test BROTLI_EMSCRIPTEN succeeded with the following output:
Change Dir: /home/luca/learnhardcode/cpp/emception/build/brotli/CMakeFiles/CMakeTmp

Run Build Command(s):/usr/bin/ninja cmTC_332c4 && [1/2] Building C object CMakeFiles/cmTC_332c4.dir/src.c.o
[2/2] Linking C executable cmTC_332c4.js
cache:INFO: generating system library: sysroot/lib/wasm32-emscripten/lto/libstubs-debug.a... (this will be cached in "/emsdk/upstream/emscripten/cache/sysroot/lib/wasm32-emscripten/lto/libstubs-debug.a" for subsequent builds)
system_libs:INFO: compiled 2 inputs
cache:INFO:  - ok
cache:INFO: generating system library: sysroot/lib/wasm32-emscripten/lto/libc-debug.a... (this will be cached in "/emsdk/upstream/emscripten/cache/sysroot/lib/wasm32-emscripten/lto/libc-debug.a" for subsequent builds)
system_libs:INFO: compiled 998 inputs
cache:INFO:  - ok
cache:INFO: generating system library: sysroot/lib/wasm32-emscripten/lto/libc++abi-debug-noexcept.a... (this will be cached in "/emsdk/upstream/emscripten/cache/sysroot/lib/wasm32-emscripten/lto/libc++abi-debug-noexcept.a" for subsequent builds)
system_libs:INFO: compiled 16 inputs
cache:INFO:  - ok


Source file was:
#if defined(__EMSCRIPTEN__)
   int main() {return 0;}
   #endif
Determining if the function log2 exists passed with the following output:
Change Dir: /home/luca/learnhardcode/cpp/emception/build/brotli/CMakeFiles/CMakeTmp

Run Build Command(s):/usr/bin/ninja cmTC_5b9b8 && [1/2] Building C object CMakeFiles/cmTC_5b9b8.dir/CheckFunctionExists.c.o
/usr/share/cmake-3.16/Modules/CheckFunctionExists.c:7:3: warning: incompatible redeclaration of library function 'log2' [-Wincompatible-library-redeclaration]
  CHECK_FUNCTION_EXISTS(void);
  ^
<command line>:2:31: note: expanded from here
#define CHECK_FUNCTION_EXISTS log2
                              ^
/usr/share/cmake-3.16/Modules/CheckFunctionExists.c:7:3: note: 'log2' is a builtin with type 'double (double)'
<command line>:2:31: note: expanded from here
#define CHECK_FUNCTION_EXISTS log2
                              ^
1 warning generated.
[2/2] Linking C executable cmTC_5b9b8.js
wasm-ld: warning: function signature mismatch: log2
>>> defined as () -> i32 in lto.tmp
>>> defined as (f64) -> f64 in /emsdk/upstream/emscripten/cache/sysroot/lib/wasm32-emscripten/lto/libc-debug.a(log2.o)



