The target system is: Emscripten - 1 - x86
The host system is: Linux - 6.19.14+deb14-amd64 - x86_64
Performing C++ SOURCE FILE Test LLVM_LIBSTDCXX_MIN succeeded with the following output:
Change Dir: /home/luca/learnhardcode/cpp/emception/build/llvm/CMakeFiles/CMakeTmp

Run Build Command(s):/usr/bin/ninja cmTC_c4cd7 && [1/2] Building CXX object CMakeFiles/cmTC_c4cd7.dir/src.cxx.o
[2/2] Linking CXX executable cmTC_c4cd7.js
cache:INFO: generating system library: sysroot/lib/wasm32-emscripten/libGL.a... (this will be cached in "/emsdk/upstream/emscripten/cache/sysroot/lib/wasm32-emscripten/libGL.a" for subsequent builds)
system_libs:INFO: compiled 3 inputs
cache:INFO:  - ok
cache:INFO: generating system library: sysroot/lib/wasm32-emscripten/libal.a... (this will be cached in "/emsdk/upstream/emscripten/cache/sysroot/lib/wasm32-emscripten/libal.a" for subsequent builds)
system_libs:INFO: compiled 1 inputs
cache:INFO:  - ok
cache:INFO: generating system library: sysroot/lib/wasm32-emscripten/libhtml5.a... (this will be cached in "/emsdk/upstream/emscripten/cache/sysroot/lib/wasm32-emscripten/libhtml5.a" for subsequent builds)
system_libs:INFO: compiled 2 inputs
cache:INFO:  - ok
cache:INFO: generating system library: sysroot/lib/wasm32-emscripten/libstubs.a... (this will be cached in "/emsdk/upstream/emscripten/cache/sysroot/lib/wasm32-emscripten/libstubs.a" for subsequent builds)
system_libs:INFO: compiled 2 inputs
cache:INFO:  - ok
cache:INFO: generating system library: sysroot/lib/wasm32-emscripten/libnoexit.a... (this will be cached in "/emsdk/upstream/emscripten/cache/sysroot/lib/wasm32-emscripten/libnoexit.a" for subsequent builds)
system_libs:INFO: compiled 1 inputs
cache:INFO:  - ok
cache:INFO: generating system library: sysroot/lib/wasm32-emscripten/libc.a... (this will be cached in "/emsdk/upstream/emscripten/cache/sysroot/lib/wasm32-emscripten/libc.a" for subsequent builds)
system_libs:INFO: compiled 998 inputs
cache:INFO:  - ok
cache:INFO: generating system library: sysroot/lib/wasm32-emscripten/libdlmalloc.a... (this will be cached in "/emsdk/upstream/emscripten/cache/sysroot/lib/wasm32-emscripten/libdlmalloc.a" for subsequent builds)
system_libs:INFO: compiled 2 inputs
cache:INFO:  - ok
cache:INFO: generating system library: sysroot/lib/wasm32-emscripten/libcompiler_rt.a... (this will be cached in "/emsdk/upstream/emscripten/cache/sysroot/lib/wasm32-emscripten/libcompiler_rt.a" for subsequent builds)
system_libs:INFO: compiled 175 inputs
cache:INFO:  - ok
cache:INFO: generating system library: sysroot/lib/wasm32-emscripten/libc++-noexcept.a... (this will be cached in "/emsdk/upstream/emscripten/cache/sysroot/lib/wasm32-emscripten/libc++-noexcept.a" for subsequent builds)
system_libs:INFO: compiled 46 inputs
cache:INFO:  - ok
cache:INFO: generating system library: sysroot/lib/wasm32-emscripten/libc++abi-noexcept.a... (this will be cached in "/emsdk/upstream/emscripten/cache/sysroot/lib/wasm32-emscripten/libc++abi-noexcept.a" for subsequent builds)
system_libs:INFO: compiled 16 inputs
cache:INFO:  - ok
cache:INFO: generating system library: sysroot/lib/wasm32-emscripten/libsockets.a... (this will be cached in "/emsdk/upstream/emscripten/cache/sysroot/lib/wasm32-emscripten/libsockets.a" for subsequent builds)
system_libs:INFO: compiled 21 inputs
cache:INFO:  - ok


Source file was:

#include <iosfwd>
#if defined(__GLIBCXX__)
#if !defined(_GLIBCXX_RELEASE) || _GLIBCXX_RELEASE < 7
#error Unsupported libstdc++ version
#endif
#endif
int main() { return 0; }

Performing C++ SOURCE FILE Test LLVM_LIBSTDCXX_SOFT_ERROR succeeded with the following output:
Change Dir: /home/luca/learnhardcode/cpp/emception/build/llvm/CMakeFiles/CMakeTmp

Run Build Command(s):/usr/bin/ninja cmTC_b59f7 && [1/2] Building CXX object CMakeFiles/cmTC_b59f7.dir/src.cxx.o
[2/2] Linking CXX executable cmTC_b59f7.js


Source file was:

#include <iosfwd>
#if defined(__GLIBCXX__)
#if !defined(_GLIBCXX_RELEASE) || _GLIBCXX_RELEASE < 7
#error Unsupported libstdc++ version
#endif
#endif
int main() { return 0; }

Determining if the include file dlfcn.h exists passed with the following output:
Change Dir: /home/luca/learnhardcode/cpp/emception/build/llvm/CMakeFiles/CMakeTmp

Run Build Command(s):/usr/bin/ninja cmTC_def2c && [1/2] Building C object CMakeFiles/cmTC_def2c.dir/CheckIncludeFile.c.o
[2/2] Linking C executable cmTC_def2c.js



Determining if the include file errno.h exists passed with the following output:
Change Dir: /home/luca/learnhardcode/cpp/emception/build/llvm/CMakeFiles/CMakeTmp

Run Build Command(s):/usr/bin/ninja cmTC_04904 && [1/2] Building C object CMakeFiles/cmTC_04904.dir/CheckIncludeFile.c.o
[2/2] Linking C executable cmTC_04904.js



Determining if the include file fcntl.h exists passed with the following output:
Change Dir: /home/luca/learnhardcode/cpp/emception/build/llvm/CMakeFiles/CMakeTmp

Run Build Command(s):/usr/bin/ninja cmTC_389bb && [1/2] Building C object CMakeFiles/cmTC_389bb.dir/CheckIncludeFile.c.o
[2/2] Linking C executable cmTC_389bb.js



Determining if the include file link.h exists passed with the following output:
Change Dir: /home/luca/learnhardcode/cpp/emception/build/llvm/CMakeFiles/CMakeTmp

Run Build Command(s):/usr/bin/ninja cmTC_eb3b3 && [1/2] Building C object CMakeFiles/cmTC_eb3b3.dir/CheckIncludeFile.c.o
[2/2] Linking C executable cmTC_eb3b3.js



Determining if the include file pthread.h exists passed with the following output:
Change Dir: /home/luca/learnhardcode/cpp/emception/build/llvm/CMakeFiles/CMakeTmp

Run Build Command(s):/usr/bin/ninja cmTC_35375 && [1/2] Building C object CMakeFiles/cmTC_35375.dir/CheckIncludeFile.c.o
[2/2] Linking C executable cmTC_35375.js



Determining if the include file signal.h exists passed with the following output:
Change Dir: /home/luca/learnhardcode/cpp/emception/build/llvm/CMakeFiles/CMakeTmp

Run Build Command(s):/usr/bin/ninja cmTC_6e9c3 && [1/2] Building C object CMakeFiles/cmTC_6e9c3.dir/CheckIncludeFile.c.o
[2/2] Linking C executable cmTC_6e9c3.js



Determining if the include file sys/ioctl.h exists passed with the following output:
Change Dir: /home/luca/learnhardcode/cpp/emception/build/llvm/CMakeFiles/CMakeTmp

Run Build Command(s):/usr/bin/ninja cmTC_a152e && [1/2] Building C object CMakeFiles/cmTC_a152e.dir/CheckIncludeFile.c.o
[2/2] Linking C executable cmTC_a152e.js



Determining if the include file sys/mman.h exists passed with the following output:
Change Dir: /home/luca/learnhardcode/cpp/emception/build/llvm/CMakeFiles/CMakeTmp

Run Build Command(s):/usr/bin/ninja cmTC_0a3fe && [1/2] Building C object CMakeFiles/cmTC_0a3fe.dir/CheckIncludeFile.c.o
[2/2] Linking C executable cmTC_0a3fe.js



Determining if the include file sys/param.h exists passed with the following output:
Change Dir: /home/luca/learnhardcode/cpp/emception/build/llvm/CMakeFiles/CMakeTmp

Run Build Command(s):/usr/bin/ninja cmTC_7095c && [1/2] Building C object CMakeFiles/cmTC_7095c.dir/CheckIncludeFile.c.o
[2/2] Linking C executable cmTC_7095c.js



Determining if the include file sys/resource.h exists passed with the following output:
Change Dir: /home/luca/learnhardcode/cpp/emception/build/llvm/CMakeFiles/CMakeTmp

Run Build Command(s):/usr/bin/ninja cmTC_f8e2f && [1/2] Building C object CMakeFiles/cmTC_f8e2f.dir/CheckIncludeFile.c.o
[2/2] Linking C executable cmTC_f8e2f.js



Determining if the include file sys/stat.h exists passed with the following output:
Change Dir: /home/luca/learnhardcode/cpp/emception/build/llvm/CMakeFiles/CMakeTmp

Run Build Command(s):/usr/bin/ninja cmTC_8046f && [1/2] Building C object CMakeFiles/cmTC_8046f.dir/CheckIncludeFile.c.o
[2/2] Linking C executable cmTC_8046f.js



Determining if the include file sys/time.h exists passed with the following output:
Change Dir: /home/luca/learnhardcode/cpp/emception/build/llvm/CMakeFiles/CMakeTmp

Run Build Command(s):/usr/bin/ninja cmTC_92f70 && [1/2] Building C object CMakeFiles/cmTC_92f70.dir/CheckIncludeFile.c.o
[2/2] Linking C executable cmTC_92f70.js



Determining if the include file sys/types.h exists passed with the following output:
Change Dir: /home/luca/learnhardcode/cpp/emception/build/llvm/CMakeFiles/CMakeTmp

Run Build Command(s):/usr/bin/ninja cmTC_cb228 && [1/2] Building C object CMakeFiles/cmTC_cb228.dir/CheckIncludeFile.c.o
[2/2] Linking C executable cmTC_cb228.js



Determining if the include file sysexits.h exists passed with the following output:
Change Dir: /home/luca/learnhardcode/cpp/emception/build/llvm/CMakeFiles/CMakeTmp

Run Build Command(s):/usr/bin/ninja cmTC_5c93e && [1/2] Building C object CMakeFiles/cmTC_5c93e.dir/CheckIncludeFile.c.o
[2/2] Linking C executable cmTC_5c93e.js



Determining if the include file termios.h exists passed with the following output:
Change Dir: /home/luca/learnhardcode/cpp/emception/build/llvm/CMakeFiles/CMakeTmp

Run Build Command(s):/usr/bin/ninja cmTC_7ca88 && [1/2] Building C object CMakeFiles/cmTC_7ca88.dir/CheckIncludeFile.c.o
[2/2] Linking C executable cmTC_7ca88.js



Determining if the include file unistd.h exists passed with the following output:
Change Dir: /home/luca/learnhardcode/cpp/emception/build/llvm/CMakeFiles/CMakeTmp

Run Build Command(s):/usr/bin/ninja cmTC_ab7e0 && [1/2] Building C object CMakeFiles/cmTC_ab7e0.dir/CheckIncludeFile.c.o
[2/2] Linking C executable cmTC_ab7e0.js



Determining if the include file fenv.h exists passed with the following output:
Change Dir: /home/luca/learnhardcode/cpp/emception/build/llvm/CMakeFiles/CMakeTmp

Run Build Command(s):/usr/bin/ninja cmTC_15910 && [1/2] Building C object CMakeFiles/cmTC_15910.dir/CheckIncludeFile.c.o
[2/2] Linking C executable cmTC_15910.js



Determining if the FE_ALL_EXCEPT exist passed with the following output:
Change Dir: /home/luca/learnhardcode/cpp/emception/build/llvm/CMakeFiles/CMakeTmp

Run Build Command(s):/usr/bin/ninja cmTC_69f20 && [1/2] Building C object CMakeFiles/cmTC_69f20.dir/CheckSymbolExists.c.o
[2/2] Linking C executable cmTC_69f20.js


File /home/luca/learnhardcode/cpp/emception/build/llvm/CMakeFiles/CMakeTmp/CheckSymbolExists.c:
/* */
#include <fenv.h>

int main(int argc, char** argv)
{
  (void)argv;
#ifndef FE_ALL_EXCEPT
  return ((int*)(&FE_ALL_EXCEPT))[argc];
#else
  (void)argc;
  return 0;
#endif
}
Determining if the function pthread_create exists in the pthread passed with the following output:
Change Dir: /home/luca/learnhardcode/cpp/emception/build/llvm/CMakeFiles/CMakeTmp

Run Build Command(s):/usr/bin/ninja cmTC_1f526 && [1/2] Building C object CMakeFiles/cmTC_1f526.dir/CheckFunctionExists.c.o
[2/2] Linking C executable cmTC_1f526.js
wasm-ld: warning: function signature mismatch: pthread_create
>>> defined as () -> i32 in CMakeFiles/cmTC_1f526.dir/CheckFunctionExists.c.o
>>> defined as (i32, i32, i32, i32) -> i32 in /emsdk/upstream/emscripten/cache/sysroot/lib/wasm32-emscripten/libc.a(library_pthread_stub.o)



Determining if the function pthread_rwlock_init exists in the pthread passed with the following output:
Change Dir: /home/luca/learnhardcode/cpp/emception/build/llvm/CMakeFiles/CMakeTmp

Run Build Command(s):/usr/bin/ninja cmTC_c961e && [1/2] Building C object CMakeFiles/cmTC_c961e.dir/CheckFunctionExists.c.o
[2/2] Linking C executable cmTC_c961e.js
wasm-ld: warning: function signature mismatch: pthread_rwlock_init
>>> defined as () -> i32 in CMakeFiles/cmTC_c961e.dir/CheckFunctionExists.c.o
>>> defined as (i32, i32) -> i32 in /emsdk/upstream/emscripten/cache/sysroot/lib/wasm32-emscripten/libc.a(library_pthread_stub.o)



Determining if the function pthread_mutex_lock exists in the pthread passed with the following output:
Change Dir: /home/luca/learnhardcode/cpp/emception/build/llvm/CMakeFiles/CMakeTmp

Run Build Command(s):/usr/bin/ninja cmTC_154d8 && [1/2] Building C object CMakeFiles/cmTC_154d8.dir/CheckFunctionExists.c.o
[2/2] Linking C executable cmTC_154d8.js
wasm-ld: warning: function signature mismatch: pthread_mutex_lock
>>> defined as () -> i32 in CMakeFiles/cmTC_154d8.dir/CheckFunctionExists.c.o
>>> defined as (i32) -> i32 in /emsdk/upstream/emscripten/cache/sysroot/lib/wasm32-emscripten/libc.a(library_pthread_stub.o)



Determining if the function dlopen exists in the dl passed with the following output:
Change Dir: /home/luca/learnhardcode/cpp/emception/build/llvm/CMakeFiles/CMakeTmp

Run Build Command(s):/usr/bin/ninja cmTC_e8d90 && [1/2] Building C object CMakeFiles/cmTC_e8d90.dir/CheckFunctionExists.c.o
[2/2] Linking C executable cmTC_e8d90.js
wasm-ld: warning: function signature mismatch: dlopen
>>> defined as () -> i32 in CMakeFiles/cmTC_e8d90.dir/CheckFunctionExists.c.o
>>> defined as (i32, i32) -> i32 in /emsdk/upstream/emscripten/cache/sysroot/lib/wasm32-emscripten/libc.a(dynlink.o)



Determining if the function clock_gettime exists in the rt passed with the following output:
Change Dir: /home/luca/learnhardcode/cpp/emception/build/llvm/CMakeFiles/CMakeTmp

Run Build Command(s):/usr/bin/ninja cmTC_194a6 && [1/2] Building C object CMakeFiles/cmTC_194a6.dir/CheckFunctionExists.c.o
[2/2] Linking C executable cmTC_194a6.js
wasm-ld: warning: function signature mismatch: clock_gettime
>>> defined as () -> i32 in CMakeFiles/cmTC_194a6.dir/CheckFunctionExists.c.o
>>> defined as (i32, i32) -> i32 in /emsdk/upstream/emscripten/cache/sysroot/lib/wasm32-emscripten/libc.a(emscripten_time.o)



Performing C SOURCE FILE Test CMAKE_HAVE_LIBC_PTHREAD succeeded with the following output:
Change Dir: /home/luca/learnhardcode/cpp/emception/build/llvm/CMakeFiles/CMakeTmp

Run Build Command(s):/usr/bin/ninja cmTC_70e54 && [1/2] Building C object CMakeFiles/cmTC_70e54.dir/src.c.o
[2/2] Linking C executable cmTC_70e54.js


Source file was:
#include <pthread.h>

void* test_func(void* data)
{
  return data;
}

int main(void)
{
  pthread_t thread;
  pthread_create(&thread, NULL, test_func, NULL);
  pthread_detach(thread);
  pthread_join(thread, NULL);
  pthread_atfork(NULL, NULL, NULL);
  pthread_exit(NULL);

  return 0;
}

Performing C SOURCE FILE Test C_SUPPORTS_WERROR_UNGUARDED_AVAILABILITY_NEW succeeded with the following output:
Change Dir: /home/luca/learnhardcode/cpp/emception/build/llvm/CMakeFiles/CMakeTmp

Run Build Command(s):/usr/bin/ninja cmTC_b9236 && [1/2] Building C object CMakeFiles/cmTC_b9236.dir/src.c.o
[2/2] Linking C executable cmTC_b9236.js


Source file was:
int main(void) { return 0; }
Determining if the _Unwind_Backtrace exist passed with the following output:
Change Dir: /home/luca/learnhardcode/cpp/emception/build/llvm/CMakeFiles/CMakeTmp

Run Build Command(s):/usr/bin/ninja cmTC_6aa6e && [1/2] Building C object CMakeFiles/cmTC_6aa6e.dir/CheckSymbolExists.c.o
[2/2] Linking C executable cmTC_6aa6e.js


File /home/luca/learnhardcode/cpp/emception/build/llvm/CMakeFiles/CMakeTmp/CheckSymbolExists.c:
/* */
#include <unwind.h>

int main(int argc, char** argv)
{
  (void)argv;
#ifndef _Unwind_Backtrace
  return ((int*)(&_Unwind_Backtrace))[argc];
#else
  (void)argc;
  return 0;
#endif
}
Determining if the getpagesize exist passed with the following output:
Change Dir: /home/luca/learnhardcode/cpp/emception/build/llvm/CMakeFiles/CMakeTmp

Run Build Command(s):/usr/bin/ninja cmTC_1fb01 && [1/2] Building C object CMakeFiles/cmTC_1fb01.dir/CheckSymbolExists.c.o
[2/2] Linking C executable cmTC_1fb01.js


File /home/luca/learnhardcode/cpp/emception/build/llvm/CMakeFiles/CMakeTmp/CheckSymbolExists.c:
/* */
#include <unistd.h>

int main(int argc, char** argv)
{
  (void)argv;
#ifndef getpagesize
  return ((int*)(&getpagesize))[argc];
#else
  (void)argc;
  return 0;
#endif
}
Determining if the sysconf exist passed with the following output:
Change Dir: /home/luca/learnhardcode/cpp/emception/build/llvm/CMakeFiles/CMakeTmp

Run Build Command(s):/usr/bin/ninja cmTC_7691d && [1/2] Building C object CMakeFiles/cmTC_7691d.dir/CheckSymbolExists.c.o
[2/2] Linking C executable cmTC_7691d.js


File /home/luca/learnhardcode/cpp/emception/build/llvm/CMakeFiles/CMakeTmp/CheckSymbolExists.c:
/* */
#include <unistd.h>

int main(int argc, char** argv)
{
  (void)argv;
#ifndef sysconf
  return ((int*)(&sysconf))[argc];
#else
  (void)argc;
  return 0;
#endif
}
Determining if the getrusage exist passed with the following output:
Change Dir: /home/luca/learnhardcode/cpp/emception/build/llvm/CMakeFiles/CMakeTmp

Run Build Command(s):/usr/bin/ninja cmTC_5e3cc && [1/2] Building C object CMakeFiles/cmTC_5e3cc.dir/CheckSymbolExists.c.o
[2/2] Linking C executable cmTC_5e3cc.js


File /home/luca/learnhardcode/cpp/emception/build/llvm/CMakeFiles/CMakeTmp/CheckSymbolExists.c:
/* */
#include <sys/resource.h>

int main(int argc, char** argv)
{
  (void)argv;
#ifndef getrusage
  return ((int*)(&getrusage))[argc];
#else
  (void)argc;
  return 0;
#endif
}
Determining if the setrlimit exist passed with the following output:
Change Dir: /home/luca/learnhardcode/cpp/emception/build/llvm/CMakeFiles/CMakeTmp

Run Build Command(s):/usr/bin/ninja cmTC_77853 && [1/2] Building C object CMakeFiles/cmTC_77853.dir/CheckSymbolExists.c.o
[2/2] Linking C executable cmTC_77853.js


File /home/luca/learnhardcode/cpp/emception/build/llvm/CMakeFiles/CMakeTmp/CheckSymbolExists.c:
/* */
#include <sys/resource.h>

int main(int argc, char** argv)
{
  (void)argv;
#ifndef setrlimit
  return ((int*)(&setrlimit))[argc];
#else
  (void)argc;
  return 0;
#endif
}
Determining if the isatty exist passed with the following output:
Change Dir: /home/luca/learnhardcode/cpp/emception/build/llvm/CMakeFiles/CMakeTmp

Run Build Command(s):/usr/bin/ninja cmTC_6a4f8 && [1/2] Building C object CMakeFiles/cmTC_6a4f8.dir/CheckSymbolExists.c.o
[2/2] Linking C executable cmTC_6a4f8.js


File /home/luca/learnhardcode/cpp/emception/build/llvm/CMakeFiles/CMakeTmp/CheckSymbolExists.c:
/* */
#include <unistd.h>

int main(int argc, char** argv)
{
  (void)argv;
#ifndef isatty
  return ((int*)(&isatty))[argc];
#else
  (void)argc;
  return 0;
#endif
}
Determining if the futimens exist passed with the following output:
Change Dir: /home/luca/learnhardcode/cpp/emception/build/llvm/CMakeFiles/CMakeTmp

Run Build Command(s):/usr/bin/ninja cmTC_d74e2 && [1/2] Building C object CMakeFiles/cmTC_d74e2.dir/CheckSymbolExists.c.o
[2/2] Linking C executable cmTC_d74e2.js


File /home/luca/learnhardcode/cpp/emception/build/llvm/CMakeFiles/CMakeTmp/CheckSymbolExists.c:
/* */
#include <sys/stat.h>

int main(int argc, char** argv)
{
  (void)argv;
#ifndef futimens
  return ((int*)(&futimens))[argc];
#else
  (void)argc;
  return 0;
#endif
}
Determining if the sigaltstack exist passed with the following output:
Change Dir: /home/luca/learnhardcode/cpp/emception/build/llvm/CMakeFiles/CMakeTmp

Run Build Command(s):/usr/bin/ninja cmTC_acd73 && [1/2] Building C object CMakeFiles/cmTC_acd73.dir/CheckSymbolExists.c.o
[2/2] Linking C executable cmTC_acd73.js


File /home/luca/learnhardcode/cpp/emception/build/llvm/CMakeFiles/CMakeTmp/CheckSymbolExists.c:
/* */
#include <signal.h>

int main(int argc, char** argv)
{
  (void)argv;
#ifndef sigaltstack
  return ((int*)(&sigaltstack))[argc];
#else
  (void)argc;
  return 0;
#endif
}
Determining if the lseek64 exist passed with the following output:
Change Dir: /home/luca/learnhardcode/cpp/emception/build/llvm/CMakeFiles/CMakeTmp

Run Build Command(s):/usr/bin/ninja cmTC_c9c0f && [1/2] Building C object CMakeFiles/cmTC_c9c0f.dir/CheckSymbolExists.c.o
[2/2] Linking C executable cmTC_c9c0f.js


File /home/luca/learnhardcode/cpp/emception/build/llvm/CMakeFiles/CMakeTmp/CheckSymbolExists.c:
/* */
#include <sys/types.h>
#include <unistd.h>

int main(int argc, char** argv)
{
  (void)argv;
#ifndef lseek64
  return ((int*)(&lseek64))[argc];
#else
  (void)argc;
  return 0;
#endif
}
Determining if the mallinfo exist passed with the following output:
Change Dir: /home/luca/learnhardcode/cpp/emception/build/llvm/CMakeFiles/CMakeTmp

Run Build Command(s):/usr/bin/ninja cmTC_aac03 && [1/2] Building C object CMakeFiles/cmTC_aac03.dir/CheckSymbolExists.c.o
[2/2] Linking C executable cmTC_aac03.js


File /home/luca/learnhardcode/cpp/emception/build/llvm/CMakeFiles/CMakeTmp/CheckSymbolExists.c:
/* */
#include <malloc.h>

int main(int argc, char** argv)
{
  (void)argv;
#ifndef mallinfo
  return ((int*)(&mallinfo))[argc];
#else
  (void)argc;
  return 0;
#endif
}
Determining if the getrlimit exist passed with the following output:
Change Dir: /home/luca/learnhardcode/cpp/emception/build/llvm/CMakeFiles/CMakeTmp

Run Build Command(s):/usr/bin/ninja cmTC_5bd3b && [1/2] Building C object CMakeFiles/cmTC_5bd3b.dir/CheckSymbolExists.c.o
[2/2] Linking C executable cmTC_5bd3b.js


File /home/luca/learnhardcode/cpp/emception/build/llvm/CMakeFiles/CMakeTmp/CheckSymbolExists.c:
/* */
#include <sys/types.h>
#include <sys/time.h>
#include <sys/resource.h>

int main(int argc, char** argv)
{
  (void)argv;
#ifndef getrlimit
  return ((int*)(&getrlimit))[argc];
#else
  (void)argc;
  return 0;
#endif
}
Determining if the posix_spawn exist passed with the following output:
Change Dir: /home/luca/learnhardcode/cpp/emception/build/llvm/CMakeFiles/CMakeTmp

Run Build Command(s):/usr/bin/ninja cmTC_19dc5 && [1/2] Building C object CMakeFiles/cmTC_19dc5.dir/CheckSymbolExists.c.o
[2/2] Linking C executable cmTC_19dc5.js


File /home/luca/learnhardcode/cpp/emception/build/llvm/CMakeFiles/CMakeTmp/CheckSymbolExists.c:
/* */
#include <spawn.h>

int main(int argc, char** argv)
{
  (void)argv;
#ifndef posix_spawn
  return ((int*)(&posix_spawn))[argc];
#else
  (void)argc;
  return 0;
#endif
}
Determining if the pread exist passed with the following output:
Change Dir: /home/luca/learnhardcode/cpp/emception/build/llvm/CMakeFiles/CMakeTmp

Run Build Command(s):/usr/bin/ninja cmTC_b672d && [1/2] Building C object CMakeFiles/cmTC_b672d.dir/CheckSymbolExists.c.o
[2/2] Linking C executable cmTC_b672d.js


File /home/luca/learnhardcode/cpp/emception/build/llvm/CMakeFiles/CMakeTmp/CheckSymbolExists.c:
/* */
#include <unistd.h>

int main(int argc, char** argv)
{
  (void)argv;
#ifndef pread
  return ((int*)(&pread))[argc];
#else
  (void)argc;
  return 0;
#endif
}
Determining if the sbrk exist passed with the following output:
Change Dir: /home/luca/learnhardcode/cpp/emception/build/llvm/CMakeFiles/CMakeTmp

Run Build Command(s):/usr/bin/ninja cmTC_6d5e0 && [1/2] Building C object CMakeFiles/cmTC_6d5e0.dir/CheckSymbolExists.c.o
[2/2] Linking C executable cmTC_6d5e0.js


File /home/luca/learnhardcode/cpp/emception/build/llvm/CMakeFiles/CMakeTmp/CheckSymbolExists.c:
/* */
#include <unistd.h>

int main(int argc, char** argv)
{
  (void)argv;
#ifndef sbrk
  return ((int*)(&sbrk))[argc];
#else
  (void)argc;
  return 0;
#endif
}
Determining if the strerror exist passed with the following output:
Change Dir: /home/luca/learnhardcode/cpp/emception/build/llvm/CMakeFiles/CMakeTmp

Run Build Command(s):/usr/bin/ninja cmTC_f8d75 && [1/2] Building C object CMakeFiles/cmTC_f8d75.dir/CheckSymbolExists.c.o
[2/2] Linking C executable cmTC_f8d75.js


File /home/luca/learnhardcode/cpp/emception/build/llvm/CMakeFiles/CMakeTmp/CheckSymbolExists.c:
/* */
#include <string.h>

int main(int argc, char** argv)
{
  (void)argv;
#ifndef strerror
  return ((int*)(&strerror))[argc];
#else
  (void)argc;
  return 0;
#endif
}
Determining if the strerror_r exist passed with the following output:
Change Dir: /home/luca/learnhardcode/cpp/emception/build/llvm/CMakeFiles/CMakeTmp

Run Build Command(s):/usr/bin/ninja cmTC_79ae1 && [1/2] Building C object CMakeFiles/cmTC_79ae1.dir/CheckSymbolExists.c.o
[2/2] Linking C executable cmTC_79ae1.js


File /home/luca/learnhardcode/cpp/emception/build/llvm/CMakeFiles/CMakeTmp/CheckSymbolExists.c:
/* */
#include <string.h>

int main(int argc, char** argv)
{
  (void)argv;
#ifndef strerror_r
  return ((int*)(&strerror_r))[argc];
#else
  (void)argc;
  return 0;
#endif
}
Determining if the setenv exist passed with the following output:
Change Dir: /home/luca/learnhardcode/cpp/emception/build/llvm/CMakeFiles/CMakeTmp

Run Build Command(s):/usr/bin/ninja cmTC_dc5b1 && [1/2] Building C object CMakeFiles/cmTC_dc5b1.dir/CheckSymbolExists.c.o
[2/2] Linking C executable cmTC_dc5b1.js


File /home/luca/learnhardcode/cpp/emception/build/llvm/CMakeFiles/CMakeTmp/CheckSymbolExists.c:
/* */
#include <stdlib.h>

int main(int argc, char** argv)
{
  (void)argv;
#ifndef setenv
  return ((int*)(&setenv))[argc];
#else
  (void)argc;
  return 0;
#endif
}
Determining if the dlopen exist passed with the following output:
Change Dir: /home/luca/learnhardcode/cpp/emception/build/llvm/CMakeFiles/CMakeTmp

Run Build Command(s):/usr/bin/ninja cmTC_9a24b && [1/2] Building C object CMakeFiles/cmTC_9a24b.dir/CheckSymbolExists.c.o
[2/2] Linking C executable cmTC_9a24b.js


File /home/luca/learnhardcode/cpp/emception/build/llvm/CMakeFiles/CMakeTmp/CheckSymbolExists.c:
/* */
#include <dlfcn.h>

int main(int argc, char** argv)
{
  (void)argv;
#ifndef dlopen
  return ((int*)(&dlopen))[argc];
#else
  (void)argc;
  return 0;
#endif
}
Determining if the dladdr exist passed with the following output:
Change Dir: /home/luca/learnhardcode/cpp/emception/build/llvm/CMakeFiles/CMakeTmp

Run Build Command(s):/usr/bin/ninja cmTC_c1d77 && [1/2] Building C object CMakeFiles/cmTC_c1d77.dir/CheckSymbolExists.c.o
[2/2] Linking C executable cmTC_c1d77.js


File /home/luca/learnhardcode/cpp/emception/build/llvm/CMakeFiles/CMakeTmp/CheckSymbolExists.c:
/* */
#include <dlfcn.h>

int main(int argc, char** argv)
{
  (void)argv;
#ifndef dladdr
  return ((int*)(&dladdr))[argc];
#else
  (void)argc;
  return 0;
#endif
}
Performing C SOURCE FILE Test HAVE_STRUCT_STAT_ST_MTIM_TV_NSEC succeeded with the following output:
Change Dir: /home/luca/learnhardcode/cpp/emception/build/llvm/CMakeFiles/CMakeTmp

Run Build Command(s):/usr/bin/ninja cmTC_e5f43 && [1/2] Building C object CMakeFiles/cmTC_e5f43.dir/src.c.o
[2/2] Linking C executable cmTC_e5f43.js


Source file was:

#include <sys/types.h>
#include <sys/stat.h>

int main()
{
  (void)sizeof(((struct stat *)0)->st_mtim.tv_nsec);
  return 0;
}

Performing C++ SOURCE FILE Test HAVE_CXX_ATOMICS_WITHOUT_LIB succeeded with the following output:
Change Dir: /home/luca/learnhardcode/cpp/emception/build/llvm/CMakeFiles/CMakeTmp

Run Build Command(s):/usr/bin/ninja cmTC_85921 && [1/2] Building CXX object CMakeFiles/cmTC_85921.dir/src.cxx.o
[2/2] Linking CXX executable cmTC_85921.js


Source file was:

#include <atomic>
std::atomic<int> x;
std::atomic<short> y;
std::atomic<char> z;
int main() {
  ++z;
  ++y;
  return ++x;
}

Performing C++ SOURCE FILE Test HAVE_CXX_ATOMICS64_WITHOUT_LIB succeeded with the following output:
Change Dir: /home/luca/learnhardcode/cpp/emception/build/llvm/CMakeFiles/CMakeTmp

Run Build Command(s):/usr/bin/ninja cmTC_4f5b9 && [1/2] Building CXX object CMakeFiles/cmTC_4f5b9.dir/src.cxx.o
[2/2] Linking CXX executable cmTC_4f5b9.js


Source file was:

#include <atomic>
#include <cstdint>
std::atomic<uint64_t> x (0);
int main() {
  uint64_t i = x.load(std::memory_order_relaxed);
  (void)i;
  return 0;
}

Performing C++ SOURCE FILE Test LLVM_HAS_ATOMICS succeeded with the following output:
Change Dir: /home/luca/learnhardcode/cpp/emception/build/llvm/CMakeFiles/CMakeTmp

Run Build Command(s):/usr/bin/ninja cmTC_38357 && [1/2] Building CXX object CMakeFiles/cmTC_38357.dir/src.cxx.o
[2/2] Linking CXX executable cmTC_38357.js


Source file was:

#ifdef _MSC_VER
#include <windows.h>
#endif
int main() {
#ifdef _MSC_VER
        volatile LONG val = 1;
        MemoryBarrier();
        InterlockedCompareExchange(&val, 0, 1);
        InterlockedIncrement(&val);
        InterlockedDecrement(&val);
#else
        volatile unsigned long val = 1;
        __sync_synchronize();
        __sync_val_compare_and_swap(&val, 1, 0);
        __sync_add_and_fetch(&val, 1);
        __sync_sub_and_fetch(&val, 1);
#endif
        return 0;
      }

Performing C++ SOURCE FILE Test SUPPORTS_VARIADIC_MACROS_FLAG succeeded with the following output:
Change Dir: /home/luca/learnhardcode/cpp/emception/build/llvm/CMakeFiles/CMakeTmp

Run Build Command(s):/usr/bin/ninja cmTC_357d9 && [1/2] Building CXX object CMakeFiles/cmTC_357d9.dir/src.cxx.o
[2/2] Linking CXX executable cmTC_357d9.js


Source file was:
int main() { return 0; }
Performing C++ SOURCE FILE Test SUPPORTS_GNU_ZERO_VARIADIC_MACRO_ARGUMENTS_FLAG succeeded with the following output:
Change Dir: /home/luca/learnhardcode/cpp/emception/build/llvm/CMakeFiles/CMakeTmp

Run Build Command(s):/usr/bin/ninja cmTC_deddb && [1/2] Building CXX object CMakeFiles/cmTC_deddb.dir/src.cxx.o
[2/2] Linking CXX executable cmTC_deddb.js


Source file was:
int main() { return 0; }
Performing C SOURCE FILE Test C_SUPPORTS_FPIC succeeded with the following output:
Change Dir: /home/luca/learnhardcode/cpp/emception/build/llvm/CMakeFiles/CMakeTmp

Run Build Command(s):/usr/bin/ninja cmTC_9e0e6 && [1/2] Building C object CMakeFiles/cmTC_9e0e6.dir/src.c.o
[2/2] Linking C executable cmTC_9e0e6.js


Source file was:
int main(void) { return 0; }
Performing C++ SOURCE FILE Test CXX_SUPPORTS_FPIC succeeded with the following output:
Change Dir: /home/luca/learnhardcode/cpp/emception/build/llvm/CMakeFiles/CMakeTmp

Run Build Command(s):/usr/bin/ninja cmTC_08553 && [1/2] Building CXX object CMakeFiles/cmTC_08553.dir/src.cxx.o
[2/2] Linking CXX executable cmTC_08553.js


Source file was:
int main() { return 0; }
Performing C++ SOURCE FILE Test SUPPORTS_FVISIBILITY_INLINES_HIDDEN_FLAG succeeded with the following output:
Change Dir: /home/luca/learnhardcode/cpp/emception/build/llvm/CMakeFiles/CMakeTmp

Run Build Command(s):/usr/bin/ninja cmTC_ca11c && [1/2] Building CXX object CMakeFiles/cmTC_ca11c.dir/src.cxx.o
[2/2] Linking CXX executable cmTC_ca11c.js


Source file was:
int main() { return 0; }
Performing C SOURCE FILE Test C_SUPPORTS_WERROR_DATE_TIME succeeded with the following output:
Change Dir: /home/luca/learnhardcode/cpp/emception/build/llvm/CMakeFiles/CMakeTmp

Run Build Command(s):/usr/bin/ninja cmTC_cb378 && [1/2] Building C object CMakeFiles/cmTC_cb378.dir/src.c.o
[2/2] Linking C executable cmTC_cb378.js


Source file was:
int main(void) { return 0; }
Performing C++ SOURCE FILE Test CXX_SUPPORTS_WERROR_DATE_TIME succeeded with the following output:
Change Dir: /home/luca/learnhardcode/cpp/emception/build/llvm/CMakeFiles/CMakeTmp

Run Build Command(s):/usr/bin/ninja cmTC_68d50 && [1/2] Building CXX object CMakeFiles/cmTC_68d50.dir/src.cxx.o
[2/2] Linking CXX executable cmTC_68d50.js


Source file was:
int main() { return 0; }
Performing C++ SOURCE FILE Test CXX_SUPPORTS_WERROR_UNGUARDED_AVAILABILITY_NEW succeeded with the following output:
Change Dir: /home/luca/learnhardcode/cpp/emception/build/llvm/CMakeFiles/CMakeTmp

Run Build Command(s):/usr/bin/ninja cmTC_b2ff6 && [1/2] Building CXX object CMakeFiles/cmTC_b2ff6.dir/src.cxx.o
[2/2] Linking CXX executable cmTC_b2ff6.js


Source file was:
int main() { return 0; }
Performing C++ SOURCE FILE Test CXX_SUPPORTS_MISSING_FIELD_INITIALIZERS_FLAG succeeded with the following output:
Change Dir: /home/luca/learnhardcode/cpp/emception/build/llvm/CMakeFiles/CMakeTmp

Run Build Command(s):/usr/bin/ninja cmTC_f3d06 && [1/2] Building CXX object CMakeFiles/cmTC_f3d06.dir/src.cxx.o
[2/2] Linking CXX executable cmTC_f3d06.js


Source file was:
int main() { return 0; }
Performing C SOURCE FILE Test C_SUPPORTS_CXX98_COMPAT_EXTRA_SEMI_FLAG succeeded with the following output:
Change Dir: /home/luca/learnhardcode/cpp/emception/build/llvm/CMakeFiles/CMakeTmp

Run Build Command(s):/usr/bin/ninja cmTC_caa29 && [1/2] Building C object CMakeFiles/cmTC_caa29.dir/src.c.o
[2/2] Linking C executable cmTC_caa29.js


Source file was:
int main(void) { return 0; }
Performing C++ SOURCE FILE Test CXX_SUPPORTS_CXX98_COMPAT_EXTRA_SEMI_FLAG succeeded with the following output:
Change Dir: /home/luca/learnhardcode/cpp/emception/build/llvm/CMakeFiles/CMakeTmp

Run Build Command(s):/usr/bin/ninja cmTC_b273d && [1/2] Building CXX object CMakeFiles/cmTC_b273d.dir/src.cxx.o
[2/2] Linking CXX executable cmTC_b273d.js


Source file was:
int main() { return 0; }
Performing C SOURCE FILE Test C_SUPPORTS_IMPLICIT_FALLTHROUGH_FLAG succeeded with the following output:
Change Dir: /home/luca/learnhardcode/cpp/emception/build/llvm/CMakeFiles/CMakeTmp

Run Build Command(s):/usr/bin/ninja cmTC_e888c && [1/2] Building C object CMakeFiles/cmTC_e888c.dir/src.c.o
[2/2] Linking C executable cmTC_e888c.js


Source file was:
int main(void) { return 0; }
Performing C++ SOURCE FILE Test CXX_SUPPORTS_IMPLICIT_FALLTHROUGH_FLAG succeeded with the following output:
Change Dir: /home/luca/learnhardcode/cpp/emception/build/llvm/CMakeFiles/CMakeTmp

Run Build Command(s):/usr/bin/ninja cmTC_271a9 && [1/2] Building CXX object CMakeFiles/cmTC_271a9.dir/src.cxx.o
[2/2] Linking CXX executable cmTC_271a9.js


Source file was:
int main() { return 0; }
Performing C SOURCE FILE Test C_SUPPORTS_COVERED_SWITCH_DEFAULT_FLAG succeeded with the following output:
Change Dir: /home/luca/learnhardcode/cpp/emception/build/llvm/CMakeFiles/CMakeTmp

Run Build Command(s):/usr/bin/ninja cmTC_b70b9 && [1/2] Building C object CMakeFiles/cmTC_b70b9.dir/src.c.o
[2/2] Linking C executable cmTC_b70b9.js


Source file was:
int main(void) { return 0; }
Performing C++ SOURCE FILE Test CXX_SUPPORTS_COVERED_SWITCH_DEFAULT_FLAG succeeded with the following output:
Change Dir: /home/luca/learnhardcode/cpp/emception/build/llvm/CMakeFiles/CMakeTmp

Run Build Command(s):/usr/bin/ninja cmTC_d068a && [1/2] Building CXX object CMakeFiles/cmTC_d068a.dir/src.cxx.o
[2/2] Linking CXX executable cmTC_d068a.js


Source file was:
int main() { return 0; }
Performing C++ SOURCE FILE Test CXX_SUPPORTS_NOEXCEPT_TYPE_FLAG succeeded with the following output:
Change Dir: /home/luca/learnhardcode/cpp/emception/build/llvm/CMakeFiles/CMakeTmp

Run Build Command(s):/usr/bin/ninja cmTC_2299c && [1/2] Building CXX object CMakeFiles/cmTC_2299c.dir/src.cxx.o
[2/2] Linking CXX executable cmTC_2299c.js


Source file was:
int main() { return 0; }
Performing C++ SOURCE FILE Test CXX_WONT_WARN_ON_FINAL_NONVIRTUALDTOR succeeded with the following output:
Change Dir: /home/luca/learnhardcode/cpp/emception/build/llvm/CMakeFiles/CMakeTmp

Run Build Command(s):/usr/bin/ninja cmTC_9ddb1 && [1/2] Building CXX object CMakeFiles/cmTC_9ddb1.dir/src.cxx.o
[2/2] Linking CXX executable cmTC_9ddb1.js


Source file was:
class f {};
                             class base {friend f; public: virtual void anchor();protected: ~base();};
                             int main() { return 0; }
Performing C++ SOURCE FILE Test CXX_SUPPORTS_SUGGEST_OVERRIDE_FLAG succeeded with the following output:
Change Dir: /home/luca/learnhardcode/cpp/emception/build/llvm/CMakeFiles/CMakeTmp

Run Build Command(s):/usr/bin/ninja cmTC_e0385 && [1/2] Building CXX object CMakeFiles/cmTC_e0385.dir/src.cxx.o
[2/2] Linking CXX executable cmTC_e0385.js


Source file was:
int main() { return 0; }
Performing C++ SOURCE FILE Test CXX_WSUGGEST_OVERRIDE_ALLOWS_ONLY_FINAL succeeded with the following output:
Change Dir: /home/luca/learnhardcode/cpp/emception/build/llvm/CMakeFiles/CMakeTmp

Run Build Command(s):/usr/bin/ninja cmTC_28365 && [1/2] Building CXX object CMakeFiles/cmTC_28365.dir/src.cxx.o
src.cxx:1:7: warning: 'base' has virtual functions but non-virtual destructor [-Wnon-virtual-dtor]
class base {public: virtual void anchor();};
      ^
src.cxx:2:38: warning: 'derived' has virtual functions but non-virtual destructor [-Wnon-virtual-dtor]
                               class derived : base {public: void anchor() final;};
                                     ^
2 warnings generated.
[2/2] Linking CXX executable cmTC_28365.js


Source file was:
class base {public: virtual void anchor();};
                               class derived : base {public: void anchor() final;};
                               int main() { return 0; }
Performing C SOURCE FILE Test C_SUPPORTS_STRING_CONVERSION_FLAG succeeded with the following output:
Change Dir: /home/luca/learnhardcode/cpp/emception/build/llvm/CMakeFiles/CMakeTmp

Run Build Command(s):/usr/bin/ninja cmTC_a6f3a && [1/2] Building C object CMakeFiles/cmTC_a6f3a.dir/src.c.o
[2/2] Linking C executable cmTC_a6f3a.js


Source file was:
int main(void) { return 0; }
Performing C++ SOURCE FILE Test CXX_SUPPORTS_STRING_CONVERSION_FLAG succeeded with the following output:
Change Dir: /home/luca/learnhardcode/cpp/emception/build/llvm/CMakeFiles/CMakeTmp

Run Build Command(s):/usr/bin/ninja cmTC_75ee3 && [1/2] Building CXX object CMakeFiles/cmTC_75ee3.dir/src.cxx.o
[2/2] Linking CXX executable cmTC_75ee3.js


Source file was:
int main() { return 0; }
Performing C SOURCE FILE Test C_SUPPORTS_MISLEADING_INDENTATION_FLAG succeeded with the following output:
Change Dir: /home/luca/learnhardcode/cpp/emception/build/llvm/CMakeFiles/CMakeTmp

Run Build Command(s):/usr/bin/ninja cmTC_2b2ee && [1/2] Building C object CMakeFiles/cmTC_2b2ee.dir/src.c.o
[2/2] Linking C executable cmTC_2b2ee.js


Source file was:
int main(void) { return 0; }
Performing C++ SOURCE FILE Test CXX_SUPPORTS_MISLEADING_INDENTATION_FLAG succeeded with the following output:
Change Dir: /home/luca/learnhardcode/cpp/emception/build/llvm/CMakeFiles/CMakeTmp

Run Build Command(s):/usr/bin/ninja cmTC_aac12 && [1/2] Building CXX object CMakeFiles/cmTC_aac12.dir/src.cxx.o
[2/2] Linking CXX executable cmTC_aac12.js


Source file was:
int main() { return 0; }
Performing C SOURCE FILE Test C_SUPPORTS_CTAD_MAYBE_UNSPPORTED_FLAG succeeded with the following output:
Change Dir: /home/luca/learnhardcode/cpp/emception/build/llvm/CMakeFiles/CMakeTmp

Run Build Command(s):/usr/bin/ninja cmTC_08663 && [1/2] Building C object CMakeFiles/cmTC_08663.dir/src.c.o
[2/2] Linking C executable cmTC_08663.js


Source file was:
int main(void) { return 0; }
Performing C++ SOURCE FILE Test CXX_SUPPORTS_CTAD_MAYBE_UNSPPORTED_FLAG succeeded with the following output:
Change Dir: /home/luca/learnhardcode/cpp/emception/build/llvm/CMakeFiles/CMakeTmp

Run Build Command(s):/usr/bin/ninja cmTC_34053 && [1/2] Building CXX object CMakeFiles/cmTC_34053.dir/src.cxx.o
[2/2] Linking CXX executable cmTC_34053.js


Source file was:
int main() { return 0; }
Performing C++ SOURCE FILE Test LINKER_SUPPORTS_COLOR_DIAGNOSTICS succeeded with the following output:
Change Dir: /home/luca/learnhardcode/cpp/emception/build/llvm/CMakeFiles/CMakeTmp

Run Build Command(s):/usr/bin/ninja cmTC_77d7b && [1/2] Building CXX object CMakeFiles/cmTC_77d7b.dir/src.cxx.o
[2/2] Linking CXX executable cmTC_77d7b.js


Source file was:
int main() { return 0; }
Performing C SOURCE FILE Test C_SUPPORTS_FNO_FUNCTION_SECTIONS succeeded with the following output:
Change Dir: /home/luca/learnhardcode/cpp/emception/build/llvm/CMakeFiles/CMakeTmp

Run Build Command(s):/usr/bin/ninja cmTC_715d7 && [1/2] Building C object CMakeFiles/cmTC_715d7.dir/src.c.o
[2/2] Linking C executable cmTC_715d7.js


Source file was:
int main(void) { return 0; }
Performing C SOURCE FILE Test C_SUPPORTS_FFUNCTION_SECTIONS succeeded with the following output:
Change Dir: /home/luca/learnhardcode/cpp/emception/build/llvm/CMakeFiles/CMakeTmp

Run Build Command(s):/usr/bin/ninja cmTC_964f5 && [1/2] Building C object CMakeFiles/cmTC_964f5.dir/src.c.o
[2/2] Linking C executable cmTC_964f5.js


Source file was:
int main(void) { return 0; }
Performing C++ SOURCE FILE Test CXX_SUPPORTS_FFUNCTION_SECTIONS succeeded with the following output:
Change Dir: /home/luca/learnhardcode/cpp/emception/build/llvm/CMakeFiles/CMakeTmp

Run Build Command(s):/usr/bin/ninja cmTC_c5280 && [1/2] Building CXX object CMakeFiles/cmTC_c5280.dir/src.cxx.o
[2/2] Linking CXX executable cmTC_c5280.js


Source file was:
int main() { return 0; }
Performing C SOURCE FILE Test C_SUPPORTS_FDATA_SECTIONS succeeded with the following output:
Change Dir: /home/luca/learnhardcode/cpp/emception/build/llvm/CMakeFiles/CMakeTmp

Run Build Command(s):/usr/bin/ninja cmTC_93e4f && [1/2] Building C object CMakeFiles/cmTC_93e4f.dir/src.c.o
[2/2] Linking C executable cmTC_93e4f.js


Source file was:
int main(void) { return 0; }
Performing C++ SOURCE FILE Test CXX_SUPPORTS_FDATA_SECTIONS succeeded with the following output:
Change Dir: /home/luca/learnhardcode/cpp/emception/build/llvm/CMakeFiles/CMakeTmp

Run Build Command(s):/usr/bin/ninja cmTC_b8b60 && [1/2] Building CXX object CMakeFiles/cmTC_b8b60.dir/src.cxx.o
[2/2] Linking CXX executable cmTC_b8b60.js


Source file was:
int main() { return 0; }
Performing C++ SOURCE FILE Test HAS_WERROR_GLOBAL_CTORS succeeded with the following output:
Change Dir: /home/luca/learnhardcode/cpp/emception/build/llvm/CMakeFiles/CMakeTmp

Run Build Command(s):/usr/bin/ninja cmTC_db197 && [1/2] Building CXX object CMakeFiles/cmTC_db197.dir/src.cxx.o
[2/2] Linking CXX executable cmTC_db197.js


Source file was:
int main() { return 0; }
Determining if the include file sys/resource.h exists passed with the following output:
Change Dir: /home/luca/learnhardcode/cpp/emception/build/llvm/CMakeFiles/CMakeTmp

Run Build Command(s):/usr/bin/ninja cmTC_6dea4 && [1/2] Building C object CMakeFiles/cmTC_6dea4.dir/CheckIncludeFile.c.o
[2/2] Linking C executable cmTC_6dea4.js



Performing C++ SOURCE FILE Test CXX_SUPPORTS_NO_NESTED_ANON_TYPES_FLAG succeeded with the following output:
Change Dir: /home/luca/learnhardcode/cpp/emception/build/llvm/CMakeFiles/CMakeTmp

Run Build Command(s):/usr/bin/ninja cmTC_611b0 && [1/2] Building CXX object CMakeFiles/cmTC_611b0.dir/src.cxx.o
[2/2] Linking CXX executable cmTC_611b0.js


Source file was:
int main() { return 0; }
Determining if the function shm_open exists in the rt passed with the following output:
Change Dir: /home/luca/learnhardcode/cpp/emception/build/llvm/CMakeFiles/CMakeTmp

Run Build Command(s):/usr/bin/ninja cmTC_ad494 && [1/2] Building C object CMakeFiles/cmTC_ad494.dir/CheckFunctionExists.c.o
[2/2] Linking C executable cmTC_ad494.js
wasm-ld: warning: function signature mismatch: shm_open
>>> defined as () -> i32 in CMakeFiles/cmTC_ad494.dir/CheckFunctionExists.c.o
>>> defined as (i32, i32, i32) -> i32 in /emsdk/upstream/emscripten/cache/sysroot/lib/wasm32-emscripten/libc.a(shm_open.o)



Performing C++ SOURCE FILE Test HAVE_CXX_FLAG_STD_CXX11 succeeded with the following output:
Change Dir: /home/luca/learnhardcode/cpp/emception/build/llvm/CMakeFiles/CMakeTmp

Run Build Command(s):/usr/bin/ninja cmTC_ca10a && [1/2] Building CXX object CMakeFiles/cmTC_ca10a.dir/src.cxx.o
[2/2] Linking CXX executable cmTC_ca10a.js


Source file was:
int main() { return 0; }
Performing C++ SOURCE FILE Test HAVE_CXX_FLAG_WALL succeeded with the following output:
Change Dir: /home/luca/learnhardcode/cpp/emception/build/llvm/CMakeFiles/CMakeTmp

Run Build Command(s):/usr/bin/ninja cmTC_ea31c && [1/2] Building CXX object CMakeFiles/cmTC_ea31c.dir/src.cxx.o
[2/2] Linking CXX executable cmTC_ea31c.js


Source file was:
int main() { return 0; }
Performing C++ SOURCE FILE Test HAVE_CXX_FLAG_WEXTRA succeeded with the following output:
Change Dir: /home/luca/learnhardcode/cpp/emception/build/llvm/CMakeFiles/CMakeTmp

Run Build Command(s):/usr/bin/ninja cmTC_86927 && [1/2] Building CXX object CMakeFiles/cmTC_86927.dir/src.cxx.o
[2/2] Linking CXX executable cmTC_86927.js


Source file was:
int main() { return 0; }
Performing C++ SOURCE FILE Test HAVE_CXX_FLAG_WSHADOW succeeded with the following output:
Change Dir: /home/luca/learnhardcode/cpp/emception/build/llvm/CMakeFiles/CMakeTmp

Run Build Command(s):/usr/bin/ninja cmTC_5e740 && [1/2] Building CXX object CMakeFiles/cmTC_5e740.dir/src.cxx.o
[2/2] Linking CXX executable cmTC_5e740.js


Source file was:
int main() { return 0; }
Performing C++ SOURCE FILE Test HAVE_CXX_FLAG_WSUGGEST_OVERRIDE succeeded with the following output:
Change Dir: /home/luca/learnhardcode/cpp/emception/build/llvm/CMakeFiles/CMakeTmp

Run Build Command(s):/usr/bin/ninja cmTC_91678 && [1/2] Building CXX object CMakeFiles/cmTC_91678.dir/src.cxx.o
[2/2] Linking CXX executable cmTC_91678.js


Source file was:
int main() { return 0; }
Performing C++ SOURCE FILE Test HAVE_CXX_FLAG_PEDANTIC succeeded with the following output:
Change Dir: /home/luca/learnhardcode/cpp/emception/build/llvm/CMakeFiles/CMakeTmp

Run Build Command(s):/usr/bin/ninja cmTC_8f170 && [1/2] Building CXX object CMakeFiles/cmTC_8f170.dir/src.cxx.o
[2/2] Linking CXX executable cmTC_8f170.js


Source file was:
int main() { return 0; }
Performing C++ SOURCE FILE Test HAVE_CXX_FLAG_PEDANTIC_ERRORS succeeded with the following output:
Change Dir: /home/luca/learnhardcode/cpp/emception/build/llvm/CMakeFiles/CMakeTmp

Run Build Command(s):/usr/bin/ninja cmTC_42401 && [1/2] Building CXX object CMakeFiles/cmTC_42401.dir/src.cxx.o
[2/2] Linking CXX executable cmTC_42401.js


Source file was:
int main() { return 0; }
Performing C++ SOURCE FILE Test HAVE_CXX_FLAG_WSHORTEN_64_TO_32 succeeded with the following output:
Change Dir: /home/luca/learnhardcode/cpp/emception/build/llvm/CMakeFiles/CMakeTmp

Run Build Command(s):/usr/bin/ninja cmTC_848ec && [1/2] Building CXX object CMakeFiles/cmTC_848ec.dir/src.cxx.o
[2/2] Linking CXX executable cmTC_848ec.js


Source file was:
int main() { return 0; }
Performing C++ SOURCE FILE Test HAVE_CXX_FLAG_FSTRICT_ALIASING succeeded with the following output:
Change Dir: /home/luca/learnhardcode/cpp/emception/build/llvm/CMakeFiles/CMakeTmp

Run Build Command(s):/usr/bin/ninja cmTC_092ad && [1/2] Building CXX object CMakeFiles/cmTC_092ad.dir/src.cxx.o
[2/2] Linking CXX executable cmTC_092ad.js


Source file was:
int main() { return 0; }
Performing C++ SOURCE FILE Test HAVE_CXX_FLAG_WNO_DEPRECATED_DECLARATIONS succeeded with the following output:
Change Dir: /home/luca/learnhardcode/cpp/emception/build/llvm/CMakeFiles/CMakeTmp

Run Build Command(s):/usr/bin/ninja cmTC_492c2 && [1/2] Building CXX object CMakeFiles/cmTC_492c2.dir/src.cxx.o
[2/2] Linking CXX executable cmTC_492c2.js


Source file was:
int main() { return 0; }
Performing C++ SOURCE FILE Test HAVE_CXX_FLAG_FNO_EXCEPTIONS succeeded with the following output:
Change Dir: /home/luca/learnhardcode/cpp/emception/build/llvm/CMakeFiles/CMakeTmp

Run Build Command(s):/usr/bin/ninja cmTC_18738 && [1/2] Building CXX object CMakeFiles/cmTC_18738.dir/src.cxx.o
[2/2] Linking CXX executable cmTC_18738.js


Source file was:
int main() { return 0; }
Performing C++ SOURCE FILE Test HAVE_CXX_FLAG_WSTRICT_ALIASING succeeded with the following output:
Change Dir: /home/luca/learnhardcode/cpp/emception/build/llvm/CMakeFiles/CMakeTmp

Run Build Command(s):/usr/bin/ninja cmTC_b574e && [1/2] Building CXX object CMakeFiles/cmTC_b574e.dir/src.cxx.o
[2/2] Linking CXX executable cmTC_b574e.js


Source file was:
int main() { return 0; }
Performing C++ SOURCE FILE Test HAVE_CXX_FLAG_WTHREAD_SAFETY succeeded with the following output:
Change Dir: /home/luca/learnhardcode/cpp/emception/build/llvm/CMakeFiles/CMakeTmp

Run Build Command(s):/usr/bin/ninja cmTC_da507 && [1/2] Building CXX object CMakeFiles/cmTC_da507.dir/src.cxx.o
[2/2] Linking CXX executable cmTC_da507.js


Source file was:
int main() { return 0; }
