Checking whether the ASM compiler is GNU using "--version" did not match "(GNU assembler)|(GCC)|(Free Software Foundation)":
emcc (Emscripten gcc/clang-like replacement + linker emulating GNU ld) 3.1.24 (68a9f990429e0bcfb63b1cde68bad792554350a5)
Copyright (C) 2014 the Emscripten authors (see AUTHORS.txt)
This is free and open source software under the MIT license.
There is NO warranty; not even for MERCHANTABILITY or FITNESS FOR A PARTICULAR PURPOSE.

Checking whether the ASM compiler is Clang using "--version" did not match "(clang version)":
emcc (Emscripten gcc/clang-like replacement + linker emulating GNU ld) 3.1.24 (68a9f990429e0bcfb63b1cde68bad792554350a5)
Copyright (C) 2014 the Emscripten authors (see AUTHORS.txt)
This is free and open source software under the MIT license.
There is NO warranty; not even for MERCHANTABILITY or FITNESS FOR A PARTICULAR PURPOSE.

Checking whether the ASM compiler is AppleClang using "--version" did not match "(Apple LLVM version)":
emcc (Emscripten gcc/clang-like replacement + linker emulating GNU ld) 3.1.24 (68a9f990429e0bcfb63b1cde68bad792554350a5)
Copyright (C) 2014 the Emscripten authors (see AUTHORS.txt)
This is free and open source software under the MIT license.
There is NO warranty; not even for MERCHANTABILITY or FITNESS FOR A PARTICULAR PURPOSE.

Checking whether the ASM compiler is ARMClang using "--version" did not match "armclang":
emcc (Emscripten gcc/clang-like replacement + linker emulating GNU ld) 3.1.24 (68a9f990429e0bcfb63b1cde68bad792554350a5)
Copyright (C) 2014 the Emscripten authors (see AUTHORS.txt)
This is free and open source software under the MIT license.
There is NO warranty; not even for MERCHANTABILITY or FITNESS FOR A PARTICULAR PURPOSE.

Checking whether the ASM compiler is HP using "-V" did not match "HP C":
emcc: error: no input files
Checking whether the ASM compiler is Intel using "--version" did not match "(ICC)":
emcc (Emscripten gcc/clang-like replacement + linker emulating GNU ld) 3.1.24 (68a9f990429e0bcfb63b1cde68bad792554350a5)
Copyright (C) 2014 the Emscripten authors (see AUTHORS.txt)
This is free and open source software under the MIT license.
There is NO warranty; not even for MERCHANTABILITY or FITNESS FOR A PARTICULAR PURPOSE.

Checking whether the ASM compiler is SunPro using "-V" did not match "Sun C":
emcc: error: no input files
Checking whether the ASM compiler is XL using "-qversion" did not match "XL C":
emcc: error: no input files
Checking whether the ASM compiler is MSVC using "-?" did not match "Microsoft":
emcc: error: no input files
Checking whether the ASM compiler is TI using "-h" did not match "Texas Instruments":
emcc: error: no input files
Checking whether the ASM compiler is IAR using "" did not match "IAR Assembler":
emcc: error: no input files
Checking whether the ASM compiler is ARMCC using "" did not match "(ARM Compiler)|(ARM Assembler)":
emcc: error: no input files
Checking whether the ASM compiler is NASM using "-v" did not match "(NASM version)":
emcc (Emscripten gcc/clang-like replacement + linker emulating GNU ld) 3.1.24 (68a9f990429e0bcfb63b1cde68bad792554350a5)
clang version 16.0.0 (https://github.com/llvm/llvm-project 277c382760bf9575cfa2eac73d5ad1db91466d3f)
Target: wasm32-unknown-emscripten
Thread model: posix
InstalledDir: /emsdk/upstream/bin
Checking whether the ASM compiler is YASM using "--version" did not match "(yasm)":
emcc (Emscripten gcc/clang-like replacement + linker emulating GNU ld) 3.1.24 (68a9f990429e0bcfb63b1cde68bad792554350a5)
Copyright (C) 2014 the Emscripten authors (see AUTHORS.txt)
This is free and open source software under the MIT license.
There is NO warranty; not even for MERCHANTABILITY or FITNESS FOR A PARTICULAR PURPOSE.

Checking whether the ASM compiler is ADSP using "-version" did not match "Analog Devices":
emcc: error: no input files
Checking whether the ASM compiler is QCC using "-V" did not match "gcc_nto":
emcc: error: no input files
Determining if the include file malloc/malloc.h exists failed with the following output:
Change Dir: /home/luca/learnhardcode/cpp/emception/build/llvm/CMakeFiles/CMakeTmp

Run Build Command(s):/usr/bin/ninja cmTC_cc942 && [1/2] Building C object CMakeFiles/cmTC_cc942.dir/CheckIncludeFile.c.o
FAILED: CMakeFiles/cmTC_cc942.dir/CheckIncludeFile.c.o 
/emsdk/upstream/emscripten/emcc   -O3 -DNDEBUG -o CMakeFiles/cmTC_cc942.dir/CheckIncludeFile.c.o   -c CheckIncludeFile.c
CheckIncludeFile.c:1:10: fatal error: 'malloc/malloc.h' file not found
#include <malloc/malloc.h>
         ^~~~~~~~~~~~~~~~~
1 error generated.
emcc: error: '/emsdk/upstream/bin/clang -target wasm32-unknown-emscripten -fignore-exceptions -fvisibility=default -mllvm -combiner-global-alias-analysis=false -mllvm -enable-emscripten-sjlj -mllvm -disable-lsr -DEMSCRIPTEN -Werror=implicit-function-declaration -I/emsdk/upstream/emscripten/cache/sysroot/include/SDL --sysroot=/emsdk/upstream/emscripten/cache/sysroot -Xclang -iwithsysroot/include/compat -O3 -DNDEBUG -c CheckIncludeFile.c -o CMakeFiles/cmTC_cc942.dir/CheckIncludeFile.c.o' failed (returned 1)
ninja: build stopped: subcommand failed.



Determining if the include file valgrind/valgrind.h exists failed with the following output:
Change Dir: /home/luca/learnhardcode/cpp/emception/build/llvm/CMakeFiles/CMakeTmp

Run Build Command(s):/usr/bin/ninja cmTC_4e893 && [1/2] Building C object CMakeFiles/cmTC_4e893.dir/CheckIncludeFile.c.o
FAILED: CMakeFiles/cmTC_4e893.dir/CheckIncludeFile.c.o 
/emsdk/upstream/emscripten/emcc   -O3 -DNDEBUG -o CMakeFiles/cmTC_4e893.dir/CheckIncludeFile.c.o   -c CheckIncludeFile.c
CheckIncludeFile.c:1:10: fatal error: 'valgrind/valgrind.h' file not found
#include <valgrind/valgrind.h>
         ^~~~~~~~~~~~~~~~~~~~~
1 error generated.
emcc: error: '/emsdk/upstream/bin/clang -target wasm32-unknown-emscripten -fignore-exceptions -fvisibility=default -mllvm -combiner-global-alias-analysis=false -mllvm -enable-emscripten-sjlj -mllvm -disable-lsr -DEMSCRIPTEN -Werror=implicit-function-declaration -I/emsdk/upstream/emscripten/cache/sysroot/include/SDL --sysroot=/emsdk/upstream/emscripten/cache/sysroot -Xclang -iwithsysroot/include/compat -O3 -DNDEBUG -c CheckIncludeFile.c -o CMakeFiles/cmTC_4e893.dir/CheckIncludeFile.c.o' failed (returned 1)
ninja: build stopped: subcommand failed.



Determining if the FE_INEXACT exist failed with the following output:
Change Dir: /home/luca/learnhardcode/cpp/emception/build/llvm/CMakeFiles/CMakeTmp

Run Build Command(s):/usr/bin/ninja cmTC_17952 && [1/2] Building C object CMakeFiles/cmTC_17952.dir/CheckSymbolExists.c.o
FAILED: CMakeFiles/cmTC_17952.dir/CheckSymbolExists.c.o 
/emsdk/upstream/emscripten/emcc   -O3 -DNDEBUG -o CMakeFiles/cmTC_17952.dir/CheckSymbolExists.c.o   -c CheckSymbolExists.c
CheckSymbolExists.c:8:19: error: use of undeclared identifier 'FE_INEXACT'
  return ((int*)(&FE_INEXACT))[argc];
                  ^
1 error generated.
emcc: error: '/emsdk/upstream/bin/clang -target wasm32-unknown-emscripten -fignore-exceptions -fvisibility=default -mllvm -combiner-global-alias-analysis=false -mllvm -enable-emscripten-sjlj -mllvm -disable-lsr -DEMSCRIPTEN -Werror=implicit-function-declaration -I/emsdk/upstream/emscripten/cache/sysroot/include/SDL --sysroot=/emsdk/upstream/emscripten/cache/sysroot -Xclang -iwithsysroot/include/compat -O3 -DNDEBUG -c CheckSymbolExists.c -o CMakeFiles/cmTC_17952.dir/CheckSymbolExists.c.o' failed (returned 1)
ninja: build stopped: subcommand failed.


File /home/luca/learnhardcode/cpp/emception/build/llvm/CMakeFiles/CMakeTmp/CheckSymbolExists.c:
/* */
#include <fenv.h>

int main(int argc, char** argv)
{
  (void)argv;
#ifndef FE_INEXACT
  return ((int*)(&FE_INEXACT))[argc];
#else
  (void)argc;
  return 0;
#endif
}
Determining if the include file mach/mach.h exists failed with the following output:
Change Dir: /home/luca/learnhardcode/cpp/emception/build/llvm/CMakeFiles/CMakeTmp

Run Build Command(s):/usr/bin/ninja cmTC_6476e && [1/2] Building C object CMakeFiles/cmTC_6476e.dir/CheckIncludeFile.c.o
FAILED: CMakeFiles/cmTC_6476e.dir/CheckIncludeFile.c.o 
/emsdk/upstream/emscripten/emcc   -O3 -DNDEBUG -o CMakeFiles/cmTC_6476e.dir/CheckIncludeFile.c.o   -c CheckIncludeFile.c
CheckIncludeFile.c:1:10: fatal error: 'mach/mach.h' file not found
#include <mach/mach.h>
         ^~~~~~~~~~~~~
1 error generated.
emcc: error: '/emsdk/upstream/bin/clang -target wasm32-unknown-emscripten -fignore-exceptions -fvisibility=default -mllvm -combiner-global-alias-analysis=false -mllvm -enable-emscripten-sjlj -mllvm -disable-lsr -DEMSCRIPTEN -Werror=implicit-function-declaration -I/emsdk/upstream/emscripten/cache/sysroot/include/SDL --sysroot=/emsdk/upstream/emscripten/cache/sysroot -Xclang -iwithsysroot/include/compat -O3 -DNDEBUG -c CheckIncludeFile.c -o CMakeFiles/cmTC_6476e.dir/CheckIncludeFile.c.o' failed (returned 1)
ninja: build stopped: subcommand failed.



Determining if the include file CrashReporterClient.h exists failed with the following output:
Change Dir: /home/luca/learnhardcode/cpp/emception/build/llvm/CMakeFiles/CMakeTmp

Run Build Command(s):/usr/bin/ninja cmTC_79c19 && [1/2] Building C object CMakeFiles/cmTC_79c19.dir/CheckIncludeFile.c.o
FAILED: CMakeFiles/cmTC_79c19.dir/CheckIncludeFile.c.o 
/emsdk/upstream/emscripten/emcc   -O3 -DNDEBUG -o CMakeFiles/cmTC_79c19.dir/CheckIncludeFile.c.o   -c CheckIncludeFile.c
CheckIncludeFile.c:1:10: fatal error: 'CrashReporterClient.h' file not found
#include <CrashReporterClient.h>
         ^~~~~~~~~~~~~~~~~~~~~~~
1 error generated.
emcc: error: '/emsdk/upstream/bin/clang -target wasm32-unknown-emscripten -fignore-exceptions -fvisibility=default -mllvm -combiner-global-alias-analysis=false -mllvm -enable-emscripten-sjlj -mllvm -disable-lsr -DEMSCRIPTEN -Werror=implicit-function-declaration -I/emsdk/upstream/emscripten/cache/sysroot/include/SDL --sysroot=/emsdk/upstream/emscripten/cache/sysroot -Xclang -iwithsysroot/include/compat -O3 -DNDEBUG -c CheckIncludeFile.c -o CMakeFiles/cmTC_79c19.dir/CheckIncludeFile.c.o' failed (returned 1)
ninja: build stopped: subcommand failed.



Determining if the function pfm_initialize exists in the pfm failed with the following output:
Change Dir: /home/luca/learnhardcode/cpp/emception/build/llvm/CMakeFiles/CMakeTmp

Run Build Command(s):/usr/bin/ninja cmTC_d2027 && [1/2] Building C object CMakeFiles/cmTC_d2027.dir/CheckFunctionExists.c.o
[2/2] Linking C executable cmTC_d2027.js
FAILED: cmTC_d2027.js 
: && /emsdk/upstream/emscripten/emcc -DCHECK_FUNCTION_EXISTS=pfm_initialize -O3 -DNDEBUG  -s LLD_REPORT_UNDEFINED=1         -s ALLOW_MEMORY_GROWTH=1         -s EXPORTED_FUNCTIONS=_main,_free,_malloc         -s EXPORTED_RUNTIME_METHODS=FS,PROXYFS,ERRNO_CODES,allocateUTF8         -lproxyfs.js         --js-library=/home/luca/learnhardcode/cpp/emception/emlib/fsroot.js CMakeFiles/cmTC_d2027.dir/CheckFunctionExists.c.o  -o cmTC_d2027.js  -lpfm  -lm && :
wasm-ld: error: unable to find library -lpfm
emcc: error: '/emsdk/upstream/bin/wasm-ld -o cmTC_d2027.wasm CMakeFiles/cmTC_d2027.dir/CheckFunctionExists.c.o -lpfm -L/emsdk/upstream/emscripten/cache/sysroot/lib/wasm32-emscripten -lGL -lal -lhtml5 -lstubs -lnoexit -lc -ldlmalloc -lcompiler_rt -lc++-noexcept -lc++abi-noexcept -lsockets -mllvm -combiner-global-alias-analysis=false -mllvm -enable-emscripten-sjlj -mllvm -disable-lsr --allow-undefined-file=/tmp/tmpcuedtts2.undefined --strip-debug --export-if-defined=main --export-if-defined=free --export-if-defined=malloc --export-if-defined=__start_em_asm --export-if-defined=__stop_em_asm --export-if-defined=__start_em_lib_deps --export-if-defined=__stop_em_lib_deps --export-if-defined=__start_em_js --export-if-defined=__stop_em_js --export-if-defined=__main_argc_argv --export=stackSave --export=stackRestore --export=stackAlloc --export=__wasm_call_ctors --export=__errno_location --export=__get_temp_ret --export=__set_temp_ret --export-table -z stack-size=5242880 --initial-memory=16777216 --no-entry --max-memory=2147483648 --global-base=1024' failed (returned 1)
ninja: build stopped: subcommand failed.



Determining if the function xar_open exists in the xar failed with the following output:
Change Dir: /home/luca/learnhardcode/cpp/emception/build/llvm/CMakeFiles/CMakeTmp

Run Build Command(s):/usr/bin/ninja cmTC_1ca0c && [1/2] Building C object CMakeFiles/cmTC_1ca0c.dir/CheckFunctionExists.c.o
[2/2] Linking C executable cmTC_1ca0c.js
FAILED: cmTC_1ca0c.js 
: && /emsdk/upstream/emscripten/emcc -DCHECK_FUNCTION_EXISTS=xar_open -O3 -DNDEBUG  -s LLD_REPORT_UNDEFINED=1         -s ALLOW_MEMORY_GROWTH=1         -s EXPORTED_FUNCTIONS=_main,_free,_malloc         -s EXPORTED_RUNTIME_METHODS=FS,PROXYFS,ERRNO_CODES,allocateUTF8         -lproxyfs.js         --js-library=/home/luca/learnhardcode/cpp/emception/emlib/fsroot.js CMakeFiles/cmTC_1ca0c.dir/CheckFunctionExists.c.o  -o cmTC_1ca0c.js  -lxar  -lm && :
wasm-ld: error: unable to find library -lxar
emcc: error: '/emsdk/upstream/bin/wasm-ld -o cmTC_1ca0c.wasm CMakeFiles/cmTC_1ca0c.dir/CheckFunctionExists.c.o -lxar -L/emsdk/upstream/emscripten/cache/sysroot/lib/wasm32-emscripten -lGL -lal -lhtml5 -lstubs -lnoexit -lc -ldlmalloc -lcompiler_rt -lc++-noexcept -lc++abi-noexcept -lsockets -mllvm -combiner-global-alias-analysis=false -mllvm -enable-emscripten-sjlj -mllvm -disable-lsr --allow-undefined-file=/tmp/tmp4ais4r23.undefined --strip-debug --export-if-defined=main --export-if-defined=free --export-if-defined=malloc --export-if-defined=__start_em_asm --export-if-defined=__stop_em_asm --export-if-defined=__start_em_lib_deps --export-if-defined=__stop_em_lib_deps --export-if-defined=__start_em_js --export-if-defined=__stop_em_js --export-if-defined=__main_argc_argv --export=stackSave --export=stackRestore --export=stackAlloc --export=__wasm_call_ctors --export=__errno_location --export=__get_temp_ret --export=__set_temp_ret --export-table -z stack-size=5242880 --initial-memory=16777216 --no-entry --max-memory=2147483648 --global-base=1024' failed (returned 1)
ninja: build stopped: subcommand failed.



Determining if the arc4random exist failed with the following output:
Change Dir: /home/luca/learnhardcode/cpp/emception/build/llvm/CMakeFiles/CMakeTmp

Run Build Command(s):/usr/bin/ninja cmTC_e6c02 && [1/2] Building C object CMakeFiles/cmTC_e6c02.dir/CheckSymbolExists.c.o
FAILED: CMakeFiles/cmTC_e6c02.dir/CheckSymbolExists.c.o 
/emsdk/upstream/emscripten/emcc   -O3 -DNDEBUG -o CMakeFiles/cmTC_e6c02.dir/CheckSymbolExists.c.o   -c CheckSymbolExists.c
CheckSymbolExists.c:8:19: error: use of undeclared identifier 'arc4random'; did you mean 'srandom'?
  return ((int*)(&arc4random))[argc];
                  ^~~~~~~~~~
                  srandom
/emsdk/upstream/emscripten/cache/sysroot/include/stdlib.h:115:6: note: 'srandom' declared here
void srandom (unsigned int);
     ^
1 error generated.
emcc: error: '/emsdk/upstream/bin/clang -target wasm32-unknown-emscripten -fignore-exceptions -fvisibility=default -mllvm -combiner-global-alias-analysis=false -mllvm -enable-emscripten-sjlj -mllvm -disable-lsr -DEMSCRIPTEN -Werror=implicit-function-declaration -I/emsdk/upstream/emscripten/cache/sysroot/include/SDL --sysroot=/emsdk/upstream/emscripten/cache/sysroot -Xclang -iwithsysroot/include/compat -O3 -DNDEBUG -c CheckSymbolExists.c -o CMakeFiles/cmTC_e6c02.dir/CheckSymbolExists.c.o' failed (returned 1)
ninja: build stopped: subcommand failed.


File /home/luca/learnhardcode/cpp/emception/build/llvm/CMakeFiles/CMakeTmp/CheckSymbolExists.c:
/* */
#include <stdlib.h>

int main(int argc, char** argv)
{
  (void)argv;
#ifndef arc4random
  return ((int*)(&arc4random))[argc];
#else
  (void)argc;
  return 0;
#endif
}
Determining if the backtrace exist failed with the following output:
Change Dir: /home/luca/learnhardcode/cpp/emception/build/llvm/CMakeFiles/CMakeTmp

Run Build Command(s):/usr/bin/ninja cmTC_52858 && [1/2] Building C object CMakeFiles/cmTC_52858.dir/CheckSymbolExists.c.o
FAILED: CMakeFiles/cmTC_52858.dir/CheckSymbolExists.c.o 
/emsdk/upstream/emscripten/emcc   -O3 -DNDEBUG -o CMakeFiles/cmTC_52858.dir/CheckSymbolExists.c.o   -c CheckSymbolExists.c
CheckSymbolExists.c:2:10: fatal error: 'execinfo.h' file not found
#include <execinfo.h>
         ^~~~~~~~~~~~
1 error generated.
emcc: error: '/emsdk/upstream/bin/clang -target wasm32-unknown-emscripten -fignore-exceptions -fvisibility=default -mllvm -combiner-global-alias-analysis=false -mllvm -enable-emscripten-sjlj -mllvm -disable-lsr -DEMSCRIPTEN -Werror=implicit-function-declaration -I/emsdk/upstream/emscripten/cache/sysroot/include/SDL --sysroot=/emsdk/upstream/emscripten/cache/sysroot -Xclang -iwithsysroot/include/compat -O3 -DNDEBUG -c CheckSymbolExists.c -o CMakeFiles/cmTC_52858.dir/CheckSymbolExists.c.o' failed (returned 1)
ninja: build stopped: subcommand failed.


File /home/luca/learnhardcode/cpp/emception/build/llvm/CMakeFiles/CMakeTmp/CheckSymbolExists.c:
/* */
#include <execinfo.h>

int main(int argc, char** argv)
{
  (void)argv;
#ifndef backtrace
  return ((int*)(&backtrace))[argc];
#else
  (void)argc;
  return 0;
#endif
}
Determining if the __register_frame exist failed with the following output:
Change Dir: /home/luca/learnhardcode/cpp/emception/build/llvm/CMakeFiles/CMakeTmp

Run Build Command(s):/usr/bin/ninja cmTC_6a72a && [1/2] Building C object CMakeFiles/cmTC_6a72a.dir/CheckSymbolExists.c.o
[2/2] Linking C executable cmTC_6a72a.js
FAILED: cmTC_6a72a.js 
: && /emsdk/upstream/emscripten/emcc -Werror=unguarded-availability-new -O3 -DNDEBUG  -s LLD_REPORT_UNDEFINED=1         -s ALLOW_MEMORY_GROWTH=1         -s EXPORTED_FUNCTIONS=_main,_free,_malloc         -s EXPORTED_RUNTIME_METHODS=FS,PROXYFS,ERRNO_CODES,allocateUTF8         -lproxyfs.js         --js-library=/home/luca/learnhardcode/cpp/emception/emlib/fsroot.js CMakeFiles/cmTC_6a72a.dir/CheckSymbolExists.c.o  -o cmTC_6a72a.js  -lm && :
wasm-ld: error: CMakeFiles/cmTC_6a72a.dir/CheckSymbolExists.c.o: undefined symbol: __register_frame
emcc: error: '/emsdk/upstream/bin/wasm-ld -o cmTC_6a72a.wasm CMakeFiles/cmTC_6a72a.dir/CheckSymbolExists.c.o -L/emsdk/upstream/emscripten/cache/sysroot/lib/wasm32-emscripten -lGL -lal -lhtml5 -lstubs -lnoexit -lc -ldlmalloc -lcompiler_rt -lc++-noexcept -lc++abi-noexcept -lsockets -mllvm -combiner-global-alias-analysis=false -mllvm -enable-emscripten-sjlj -mllvm -disable-lsr --allow-undefined-file=/tmp/tmph1d51zws.undefined --strip-debug --export-if-defined=main --export-if-defined=free --export-if-defined=malloc --export-if-defined=__start_em_asm --export-if-defined=__stop_em_asm --export-if-defined=__start_em_lib_deps --export-if-defined=__stop_em_lib_deps --export-if-defined=__start_em_js --export-if-defined=__stop_em_js --export-if-defined=__main_argc_argv --export=stackSave --export=stackRestore --export=stackAlloc --export=__wasm_call_ctors --export=__errno_location --export=__get_temp_ret --export=__set_temp_ret --export-table -z stack-size=5242880 --initial-memory=16777216 --no-entry --max-memory=2147483648 --global-base=1024' failed (returned 1)
ninja: build stopped: subcommand failed.


File /home/luca/learnhardcode/cpp/emception/build/llvm/CMakeFiles/CMakeTmp/CheckSymbolExists.c:
/* */
#include </home/luca/learnhardcode/cpp/emception/upstream/llvm-project/llvm/cmake/unwind.h>

int main(int argc, char** argv)
{
  (void)argv;
#ifndef __register_frame
  return ((int*)(&__register_frame))[argc];
#else
  (void)argc;
  return 0;
#endif
}
Determining if the __deregister_frame exist failed with the following output:
Change Dir: /home/luca/learnhardcode/cpp/emception/build/llvm/CMakeFiles/CMakeTmp

Run Build Command(s):/usr/bin/ninja cmTC_84272 && [1/2] Building C object CMakeFiles/cmTC_84272.dir/CheckSymbolExists.c.o
[2/2] Linking C executable cmTC_84272.js
FAILED: cmTC_84272.js 
: && /emsdk/upstream/emscripten/emcc -Werror=unguarded-availability-new -O3 -DNDEBUG  -s LLD_REPORT_UNDEFINED=1         -s ALLOW_MEMORY_GROWTH=1         -s EXPORTED_FUNCTIONS=_main,_free,_malloc         -s EXPORTED_RUNTIME_METHODS=FS,PROXYFS,ERRNO_CODES,allocateUTF8         -lproxyfs.js         --js-library=/home/luca/learnhardcode/cpp/emception/emlib/fsroot.js CMakeFiles/cmTC_84272.dir/CheckSymbolExists.c.o  -o cmTC_84272.js  -lm && :
wasm-ld: error: CMakeFiles/cmTC_84272.dir/CheckSymbolExists.c.o: undefined symbol: __deregister_frame
emcc: error: '/emsdk/upstream/bin/wasm-ld -o cmTC_84272.wasm CMakeFiles/cmTC_84272.dir/CheckSymbolExists.c.o -L/emsdk/upstream/emscripten/cache/sysroot/lib/wasm32-emscripten -lGL -lal -lhtml5 -lstubs -lnoexit -lc -ldlmalloc -lcompiler_rt -lc++-noexcept -lc++abi-noexcept -lsockets -mllvm -combiner-global-alias-analysis=false -mllvm -enable-emscripten-sjlj -mllvm -disable-lsr --allow-undefined-file=/tmp/tmpko7mglet.undefined --strip-debug --export-if-defined=main --export-if-defined=free --export-if-defined=malloc --export-if-defined=__start_em_asm --export-if-defined=__stop_em_asm --export-if-defined=__start_em_lib_deps --export-if-defined=__stop_em_lib_deps --export-if-defined=__start_em_js --export-if-defined=__stop_em_js --export-if-defined=__main_argc_argv --export=stackSave --export=stackRestore --export=stackAlloc --export=__wasm_call_ctors --export=__errno_location --export=__get_temp_ret --export=__set_temp_ret --export-table -z stack-size=5242880 --initial-memory=16777216 --no-entry --max-memory=2147483648 --global-base=1024' failed (returned 1)
ninja: build stopped: subcommand failed.


File /home/luca/learnhardcode/cpp/emception/build/llvm/CMakeFiles/CMakeTmp/CheckSymbolExists.c:
/* */
#include </home/luca/learnhardcode/cpp/emception/upstream/llvm-project/llvm/cmake/unwind.h>

int main(int argc, char** argv)
{
  (void)argv;
#ifndef __deregister_frame
  return ((int*)(&__deregister_frame))[argc];
#else
  (void)argc;
  return 0;
#endif
}
Determining if the __unw_add_dynamic_fde exist failed with the following output:
Change Dir: /home/luca/learnhardcode/cpp/emception/build/llvm/CMakeFiles/CMakeTmp

Run Build Command(s):/usr/bin/ninja cmTC_78d92 && [1/2] Building C object CMakeFiles/cmTC_78d92.dir/CheckSymbolExists.c.o
[2/2] Linking C executable cmTC_78d92.js
FAILED: cmTC_78d92.js 
: && /emsdk/upstream/emscripten/emcc -Werror=unguarded-availability-new -O3 -DNDEBUG  -s LLD_REPORT_UNDEFINED=1         -s ALLOW_MEMORY_GROWTH=1         -s EXPORTED_FUNCTIONS=_main,_free,_malloc         -s EXPORTED_RUNTIME_METHODS=FS,PROXYFS,ERRNO_CODES,allocateUTF8         -lproxyfs.js         --js-library=/home/luca/learnhardcode/cpp/emception/emlib/fsroot.js CMakeFiles/cmTC_78d92.dir/CheckSymbolExists.c.o  -o cmTC_78d92.js  -lm && :
wasm-ld: error: CMakeFiles/cmTC_78d92.dir/CheckSymbolExists.c.o: undefined symbol: __unw_add_dynamic_fde
emcc: error: '/emsdk/upstream/bin/wasm-ld -o cmTC_78d92.wasm CMakeFiles/cmTC_78d92.dir/CheckSymbolExists.c.o -L/emsdk/upstream/emscripten/cache/sysroot/lib/wasm32-emscripten -lGL -lal -lhtml5 -lstubs -lnoexit -lc -ldlmalloc -lcompiler_rt -lc++-noexcept -lc++abi-noexcept -lsockets -mllvm -combiner-global-alias-analysis=false -mllvm -enable-emscripten-sjlj -mllvm -disable-lsr --allow-undefined-file=/tmp/tmp7d7jqesi.undefined --strip-debug --export-if-defined=main --export-if-defined=free --export-if-defined=malloc --export-if-defined=__start_em_asm --export-if-defined=__stop_em_asm --export-if-defined=__start_em_lib_deps --export-if-defined=__stop_em_lib_deps --export-if-defined=__start_em_js --export-if-defined=__stop_em_js --export-if-defined=__main_argc_argv --export=stackSave --export=stackRestore --export=stackAlloc --export=__wasm_call_ctors --export=__errno_location --export=__get_temp_ret --export=__set_temp_ret --export-table -z stack-size=5242880 --initial-memory=16777216 --no-entry --max-memory=2147483648 --global-base=1024' failed (returned 1)
ninja: build stopped: subcommand failed.


File /home/luca/learnhardcode/cpp/emception/build/llvm/CMakeFiles/CMakeTmp/CheckSymbolExists.c:
/* */
#include </home/luca/learnhardcode/cpp/emception/upstream/llvm-project/llvm/cmake/unwind.h>

int main(int argc, char** argv)
{
  (void)argv;
#ifndef __unw_add_dynamic_fde
  return ((int*)(&__unw_add_dynamic_fde))[argc];
#else
  (void)argc;
  return 0;
#endif
}
Determining if the futimes exist failed with the following output:
Change Dir: /home/luca/learnhardcode/cpp/emception/build/llvm/CMakeFiles/CMakeTmp

Run Build Command(s):/usr/bin/ninja cmTC_748a9 && [1/2] Building C object CMakeFiles/cmTC_748a9.dir/CheckSymbolExists.c.o
[2/2] Linking C executable cmTC_748a9.js
FAILED: cmTC_748a9.js 
: && /emsdk/upstream/emscripten/emcc -Werror=unguarded-availability-new -O3 -DNDEBUG  -s LLD_REPORT_UNDEFINED=1         -s ALLOW_MEMORY_GROWTH=1         -s EXPORTED_FUNCTIONS=_main,_free,_malloc         -s EXPORTED_RUNTIME_METHODS=FS,PROXYFS,ERRNO_CODES,allocateUTF8         -lproxyfs.js         --js-library=/home/luca/learnhardcode/cpp/emception/emlib/fsroot.js CMakeFiles/cmTC_748a9.dir/CheckSymbolExists.c.o  -o cmTC_748a9.js  -lm && :
wasm-ld: error: CMakeFiles/cmTC_748a9.dir/CheckSymbolExists.c.o: undefined symbol: futimes
emcc: error: '/emsdk/upstream/bin/wasm-ld -o cmTC_748a9.wasm CMakeFiles/cmTC_748a9.dir/CheckSymbolExists.c.o -L/emsdk/upstream/emscripten/cache/sysroot/lib/wasm32-emscripten -lGL -lal -lhtml5 -lstubs -lnoexit -lc -ldlmalloc -lcompiler_rt -lc++-noexcept -lc++abi-noexcept -lsockets -mllvm -combiner-global-alias-analysis=false -mllvm -enable-emscripten-sjlj -mllvm -disable-lsr --allow-undefined-file=/tmp/tmpcw94clul.undefined --strip-debug --export-if-defined=main --export-if-defined=free --export-if-defined=malloc --export-if-defined=__start_em_asm --export-if-defined=__stop_em_asm --export-if-defined=__start_em_lib_deps --export-if-defined=__stop_em_lib_deps --export-if-defined=__start_em_js --export-if-defined=__stop_em_js --export-if-defined=__main_argc_argv --export=stackSave --export=stackRestore --export=stackAlloc --export=__wasm_call_ctors --export=__errno_location --export=__get_temp_ret --export=__set_temp_ret --export-table -z stack-size=5242880 --initial-memory=16777216 --no-entry --max-memory=2147483648 --global-base=1024' failed (returned 1)
ninja: build stopped: subcommand failed.


File /home/luca/learnhardcode/cpp/emception/build/llvm/CMakeFiles/CMakeTmp/CheckSymbolExists.c:
/* */
#include <sys/time.h>

int main(int argc, char** argv)
{
  (void)argv;
#ifndef futimes
  return ((int*)(&futimes))[argc];
#else
  (void)argc;
  return 0;
#endif
}
Determining if the mallctl exist failed with the following output:
Change Dir: /home/luca/learnhardcode/cpp/emception/build/llvm/CMakeFiles/CMakeTmp

Run Build Command(s):/usr/bin/ninja cmTC_c76b0 && [1/2] Building C object CMakeFiles/cmTC_c76b0.dir/CheckSymbolExists.c.o
FAILED: CMakeFiles/cmTC_c76b0.dir/CheckSymbolExists.c.o 
/emsdk/upstream/emscripten/emcc   -Werror=unguarded-availability-new -O3 -DNDEBUG -o CMakeFiles/cmTC_c76b0.dir/CheckSymbolExists.c.o   -c CheckSymbolExists.c
CheckSymbolExists.c:2:10: fatal error: 'malloc_np.h' file not found
#include <malloc_np.h>
         ^~~~~~~~~~~~~
1 error generated.
emcc: error: '/emsdk/upstream/bin/clang -target wasm32-unknown-emscripten -fignore-exceptions -fvisibility=default -mllvm -combiner-global-alias-analysis=false -mllvm -enable-emscripten-sjlj -mllvm -disable-lsr -DEMSCRIPTEN -Werror=implicit-function-declaration -I/emsdk/upstream/emscripten/cache/sysroot/include/SDL --sysroot=/emsdk/upstream/emscripten/cache/sysroot -Xclang -iwithsysroot/include/compat -Werror=unguarded-availability-new -O3 -DNDEBUG -c CheckSymbolExists.c -o CMakeFiles/cmTC_c76b0.dir/CheckSymbolExists.c.o' failed (returned 1)
ninja: build stopped: subcommand failed.


File /home/luca/learnhardcode/cpp/emception/build/llvm/CMakeFiles/CMakeTmp/CheckSymbolExists.c:
/* */
#include <malloc_np.h>

int main(int argc, char** argv)
{
  (void)argv;
#ifndef mallctl
  return ((int*)(&mallctl))[argc];
#else
  (void)argc;
  return 0;
#endif
}
Determining if the mallinfo2 exist failed with the following output:
Change Dir: /home/luca/learnhardcode/cpp/emception/build/llvm/CMakeFiles/CMakeTmp

Run Build Command(s):/usr/bin/ninja cmTC_ad6df && [1/2] Building C object CMakeFiles/cmTC_ad6df.dir/CheckSymbolExists.c.o
FAILED: CMakeFiles/cmTC_ad6df.dir/CheckSymbolExists.c.o 
/emsdk/upstream/emscripten/emcc   -Werror=unguarded-availability-new -O3 -DNDEBUG -o CMakeFiles/cmTC_ad6df.dir/CheckSymbolExists.c.o   -c CheckSymbolExists.c
CheckSymbolExists.c:8:19: error: use of undeclared identifier 'mallinfo2'; did you mean 'mallinfo'?
  return ((int*)(&mallinfo2))[argc];
                  ^~~~~~~~~
                  mallinfo
/emsdk/upstream/emscripten/cache/sysroot/include/compat/malloc.h:28:24: note: 'mallinfo' declared here
extern struct mallinfo mallinfo(void);
                       ^
1 error generated.
emcc: error: '/emsdk/upstream/bin/clang -target wasm32-unknown-emscripten -fignore-exceptions -fvisibility=default -mllvm -combiner-global-alias-analysis=false -mllvm -enable-emscripten-sjlj -mllvm -disable-lsr -DEMSCRIPTEN -Werror=implicit-function-declaration -I/emsdk/upstream/emscripten/cache/sysroot/include/SDL --sysroot=/emsdk/upstream/emscripten/cache/sysroot -Xclang -iwithsysroot/include/compat -Werror=unguarded-availability-new -O3 -DNDEBUG -c CheckSymbolExists.c -o CMakeFiles/cmTC_ad6df.dir/CheckSymbolExists.c.o' failed (returned 1)
ninja: build stopped: subcommand failed.


File /home/luca/learnhardcode/cpp/emception/build/llvm/CMakeFiles/CMakeTmp/CheckSymbolExists.c:
/* */
#include <malloc.h>

int main(int argc, char** argv)
{
  (void)argv;
#ifndef mallinfo2
  return ((int*)(&mallinfo2))[argc];
#else
  (void)argc;
  return 0;
#endif
}
Determining if the malloc_zone_statistics exist failed with the following output:
Change Dir: /home/luca/learnhardcode/cpp/emception/build/llvm/CMakeFiles/CMakeTmp

Run Build Command(s):/usr/bin/ninja cmTC_9baca && [1/2] Building C object CMakeFiles/cmTC_9baca.dir/CheckSymbolExists.c.o
FAILED: CMakeFiles/cmTC_9baca.dir/CheckSymbolExists.c.o 
/emsdk/upstream/emscripten/emcc   -Werror=unguarded-availability-new -O3 -DNDEBUG -o CMakeFiles/cmTC_9baca.dir/CheckSymbolExists.c.o   -c CheckSymbolExists.c
CheckSymbolExists.c:2:10: fatal error: 'malloc/malloc.h' file not found
#include <malloc/malloc.h>
         ^~~~~~~~~~~~~~~~~
1 error generated.
emcc: error: '/emsdk/upstream/bin/clang -target wasm32-unknown-emscripten -fignore-exceptions -fvisibility=default -mllvm -combiner-global-alias-analysis=false -mllvm -enable-emscripten-sjlj -mllvm -disable-lsr -DEMSCRIPTEN -Werror=implicit-function-declaration -I/emsdk/upstream/emscripten/cache/sysroot/include/SDL --sysroot=/emsdk/upstream/emscripten/cache/sysroot -Xclang -iwithsysroot/include/compat -Werror=unguarded-availability-new -O3 -DNDEBUG -c CheckSymbolExists.c -o CMakeFiles/cmTC_9baca.dir/CheckSymbolExists.c.o' failed (returned 1)
ninja: build stopped: subcommand failed.


File /home/luca/learnhardcode/cpp/emception/build/llvm/CMakeFiles/CMakeTmp/CheckSymbolExists.c:
/* */
#include <malloc/malloc.h>

int main(int argc, char** argv)
{
  (void)argv;
#ifndef malloc_zone_statistics
  return ((int*)(&malloc_zone_statistics))[argc];
#else
  (void)argc;
  return 0;
#endif
}
Determining if the strerror_s exist failed with the following output:
Change Dir: /home/luca/learnhardcode/cpp/emception/build/llvm/CMakeFiles/CMakeTmp

Run Build Command(s):/usr/bin/ninja cmTC_de7e7 && [1/2] Building C object CMakeFiles/cmTC_de7e7.dir/CheckSymbolExists.c.o
FAILED: CMakeFiles/cmTC_de7e7.dir/CheckSymbolExists.c.o 
/emsdk/upstream/emscripten/emcc   -Werror=unguarded-availability-new -O3 -DNDEBUG -o CMakeFiles/cmTC_de7e7.dir/CheckSymbolExists.c.o   -c CheckSymbolExists.c
CheckSymbolExists.c:8:19: error: use of undeclared identifier 'strerror_s'
  return ((int*)(&strerror_s))[argc];
                  ^
1 error generated.
emcc: error: '/emsdk/upstream/bin/clang -target wasm32-unknown-emscripten -fignore-exceptions -fvisibility=default -mllvm -combiner-global-alias-analysis=false -mllvm -enable-emscripten-sjlj -mllvm -disable-lsr -DEMSCRIPTEN -Werror=implicit-function-declaration -I/emsdk/upstream/emscripten/cache/sysroot/include/SDL --sysroot=/emsdk/upstream/emscripten/cache/sysroot -Xclang -iwithsysroot/include/compat -Werror=unguarded-availability-new -O3 -DNDEBUG -c CheckSymbolExists.c -o CMakeFiles/cmTC_de7e7.dir/CheckSymbolExists.c.o' failed (returned 1)
ninja: build stopped: subcommand failed.


File /home/luca/learnhardcode/cpp/emception/build/llvm/CMakeFiles/CMakeTmp/CheckSymbolExists.c:
/* */
#include <string.h>

int main(int argc, char** argv)
{
  (void)argv;
#ifndef strerror_s
  return ((int*)(&strerror_s))[argc];
#else
  (void)argc;
  return 0;
#endif
}
Performing C SOURCE FILE Test HAVE_STRUCT_STAT_ST_MTIMESPEC_TV_NSEC failed with the following output:
Change Dir: /home/luca/learnhardcode/cpp/emception/build/llvm/CMakeFiles/CMakeTmp

Run Build Command(s):/usr/bin/ninja cmTC_6625f && [1/2] Building C object CMakeFiles/cmTC_6625f.dir/src.c.o
FAILED: CMakeFiles/cmTC_6625f.dir/src.c.o 
/emsdk/upstream/emscripten/emcc   -DHAVE_STRUCT_STAT_ST_MTIMESPEC_TV_NSEC  -Werror=unguarded-availability-new -O3 -DNDEBUG -o CMakeFiles/cmTC_6625f.dir/src.c.o   -c src.c
src.c:7:36: error: no member named 'st_mtimespec' in 'struct stat'
  (void)sizeof(((struct stat *)0)->st_mtimespec.tv_nsec);
               ~~~~~~~~~~~~~~~~~~  ^
1 error generated.
emcc: error: '/emsdk/upstream/bin/clang -target wasm32-unknown-emscripten -fignore-exceptions -fvisibility=default -mllvm -combiner-global-alias-analysis=false -mllvm -enable-emscripten-sjlj -mllvm -disable-lsr -DEMSCRIPTEN -Werror=implicit-function-declaration -I/emsdk/upstream/emscripten/cache/sysroot/include/SDL --sysroot=/emsdk/upstream/emscripten/cache/sysroot -Xclang -iwithsysroot/include/compat -DHAVE_STRUCT_STAT_ST_MTIMESPEC_TV_NSEC -Werror=unguarded-availability-new -O3 -DNDEBUG -c src.c -o CMakeFiles/cmTC_6625f.dir/src.c.o' failed (returned 1)
ninja: build stopped: subcommand failed.


Source file was:

#include <sys/types.h>
#include <sys/stat.h>

int main()
{
  (void)sizeof(((struct stat *)0)->st_mtimespec.tv_nsec);
  return 0;
}

Determining if the __GLIBC__ exist failed with the following output:
Change Dir: /home/luca/learnhardcode/cpp/emception/build/llvm/CMakeFiles/CMakeTmp

Run Build Command(s):/usr/bin/ninja cmTC_f2f11 && [1/2] Building C object CMakeFiles/cmTC_f2f11.dir/CheckSymbolExists.c.o
FAILED: CMakeFiles/cmTC_f2f11.dir/CheckSymbolExists.c.o 
/emsdk/upstream/emscripten/emcc   -Werror=unguarded-availability-new -O3 -DNDEBUG -o CMakeFiles/cmTC_f2f11.dir/CheckSymbolExists.c.o   -c CheckSymbolExists.c
CheckSymbolExists.c:8:19: error: use of undeclared identifier '__GLIBC__'
  return ((int*)(&__GLIBC__))[argc];
                  ^
1 error generated.
emcc: error: '/emsdk/upstream/bin/clang -target wasm32-unknown-emscripten -fignore-exceptions -fvisibility=default -mllvm -combiner-global-alias-analysis=false -mllvm -enable-emscripten-sjlj -mllvm -disable-lsr -DEMSCRIPTEN -Werror=implicit-function-declaration -I/emsdk/upstream/emscripten/cache/sysroot/include/SDL --sysroot=/emsdk/upstream/emscripten/cache/sysroot -Xclang -iwithsysroot/include/compat -Werror=unguarded-availability-new -O3 -DNDEBUG -c CheckSymbolExists.c -o CMakeFiles/cmTC_f2f11.dir/CheckSymbolExists.c.o' failed (returned 1)
ninja: build stopped: subcommand failed.


File /home/luca/learnhardcode/cpp/emception/build/llvm/CMakeFiles/CMakeTmp/CheckSymbolExists.c:
/* */
#include <stdio.h>

int main(int argc, char** argv)
{
  (void)argv;
#ifndef __GLIBC__
  return ((int*)(&__GLIBC__))[argc];
#else
  (void)argc;
  return 0;
#endif
}
Determining if the pthread_getname_np exist failed with the following output:
Change Dir: /home/luca/learnhardcode/cpp/emception/build/llvm/CMakeFiles/CMakeTmp

Run Build Command(s):/usr/bin/ninja cmTC_5e3bb && [1/2] Building C object CMakeFiles/cmTC_5e3bb.dir/CheckSymbolExists.c.o
FAILED: CMakeFiles/cmTC_5e3bb.dir/CheckSymbolExists.c.o 
/emsdk/upstream/emscripten/emcc   -Werror=unguarded-availability-new -O3 -DNDEBUG -o CMakeFiles/cmTC_5e3bb.dir/CheckSymbolExists.c.o   -c CheckSymbolExists.c
CheckSymbolExists.c:8:19: error: use of undeclared identifier 'pthread_getname_np'
  return ((int*)(&pthread_getname_np))[argc];
                  ^
1 error generated.
emcc: error: '/emsdk/upstream/bin/clang -target wasm32-unknown-emscripten -fignore-exceptions -fvisibility=default -mllvm -combiner-global-alias-analysis=false -mllvm -enable-emscripten-sjlj -mllvm -disable-lsr -DEMSCRIPTEN -Werror=implicit-function-declaration -I/emsdk/upstream/emscripten/cache/sysroot/include/SDL --sysroot=/emsdk/upstream/emscripten/cache/sysroot -Xclang -iwithsysroot/include/compat -Werror=unguarded-availability-new -O3 -DNDEBUG -c CheckSymbolExists.c -o CMakeFiles/cmTC_5e3bb.dir/CheckSymbolExists.c.o' failed (returned 1)
ninja: build stopped: subcommand failed.


File /home/luca/learnhardcode/cpp/emception/build/llvm/CMakeFiles/CMakeTmp/CheckSymbolExists.c:
/* */
#include <pthread.h>

int main(int argc, char** argv)
{
  (void)argv;
#ifndef pthread_getname_np
  return ((int*)(&pthread_getname_np))[argc];
#else
  (void)argc;
  return 0;
#endif
}
Determining if the pthread_setname_np exist failed with the following output:
Change Dir: /home/luca/learnhardcode/cpp/emception/build/llvm/CMakeFiles/CMakeTmp

Run Build Command(s):/usr/bin/ninja cmTC_b3d66 && [1/2] Building C object CMakeFiles/cmTC_b3d66.dir/CheckSymbolExists.c.o
FAILED: CMakeFiles/cmTC_b3d66.dir/CheckSymbolExists.c.o 
/emsdk/upstream/emscripten/emcc   -Werror=unguarded-availability-new -O3 -DNDEBUG -o CMakeFiles/cmTC_b3d66.dir/CheckSymbolExists.c.o   -c CheckSymbolExists.c
CheckSymbolExists.c:8:19: error: use of undeclared identifier 'pthread_setname_np'
  return ((int*)(&pthread_setname_np))[argc];
                  ^
1 error generated.
emcc: error: '/emsdk/upstream/bin/clang -target wasm32-unknown-emscripten -fignore-exceptions -fvisibility=default -mllvm -combiner-global-alias-analysis=false -mllvm -enable-emscripten-sjlj -mllvm -disable-lsr -DEMSCRIPTEN -Werror=implicit-function-declaration -I/emsdk/upstream/emscripten/cache/sysroot/include/SDL --sysroot=/emsdk/upstream/emscripten/cache/sysroot -Xclang -iwithsysroot/include/compat -Werror=unguarded-availability-new -O3 -DNDEBUG -c CheckSymbolExists.c -o CMakeFiles/cmTC_b3d66.dir/CheckSymbolExists.c.o' failed (returned 1)
ninja: build stopped: subcommand failed.


File /home/luca/learnhardcode/cpp/emception/build/llvm/CMakeFiles/CMakeTmp/CheckSymbolExists.c:
/* */
#include <pthread.h>

int main(int argc, char** argv)
{
  (void)argv;
#ifndef pthread_setname_np
  return ((int*)(&pthread_setname_np))[argc];
#else
  (void)argc;
  return 0;
#endif
}
Determining if the proc_pid_rusage exist failed with the following output:
Change Dir: /home/luca/learnhardcode/cpp/emception/build/llvm/CMakeFiles/CMakeTmp

Run Build Command(s):/usr/bin/ninja cmTC_8e680 && [1/2] Building C object CMakeFiles/cmTC_8e680.dir/CheckSymbolExists.c.o
FAILED: CMakeFiles/cmTC_8e680.dir/CheckSymbolExists.c.o 
/emsdk/upstream/emscripten/emcc   -Werror=unguarded-availability-new -O3 -DNDEBUG -o CMakeFiles/cmTC_8e680.dir/CheckSymbolExists.c.o   -c CheckSymbolExists.c
CheckSymbolExists.c:2:10: fatal error: 'libproc.h' file not found
#include <libproc.h>
         ^~~~~~~~~~~
1 error generated.
emcc: error: '/emsdk/upstream/bin/clang -target wasm32-unknown-emscripten -fignore-exceptions -fvisibility=default -mllvm -combiner-global-alias-analysis=false -mllvm -enable-emscripten-sjlj -mllvm -disable-lsr -DEMSCRIPTEN -Werror=implicit-function-declaration -I/emsdk/upstream/emscripten/cache/sysroot/include/SDL --sysroot=/emsdk/upstream/emscripten/cache/sysroot -Xclang -iwithsysroot/include/compat -Werror=unguarded-availability-new -O3 -DNDEBUG -c CheckSymbolExists.c -o CMakeFiles/cmTC_8e680.dir/CheckSymbolExists.c.o' failed (returned 1)
ninja: build stopped: subcommand failed.


File /home/luca/learnhardcode/cpp/emception/build/llvm/CMakeFiles/CMakeTmp/CheckSymbolExists.c:
/* */
#include <libproc.h>

int main(int argc, char** argv)
{
  (void)argv;
#ifndef proc_pid_rusage
  return ((int*)(&proc_pid_rusage))[argc];
#else
  (void)argc;
  return 0;
#endif
}
Performing C SOURCE FILE Test C_SUPPORTS_FNO_SEMANTIC_INTERPOSITION failed with the following output:
Change Dir: /home/luca/learnhardcode/cpp/emception/build/llvm/CMakeFiles/CMakeTmp

Run Build Command(s):/usr/bin/ninja cmTC_5d0b8 && [1/2] Building C object CMakeFiles/cmTC_5d0b8.dir/src.c.o
FAILED: CMakeFiles/cmTC_5d0b8.dir/src.c.o 
/emsdk/upstream/emscripten/emcc   -fPIC -DC_SUPPORTS_FNO_SEMANTIC_INTERPOSITION  -Werror=unguarded-availability-new -O3 -DNDEBUG   -Werror -fno-semantic-interposition -o CMakeFiles/cmTC_5d0b8.dir/src.c.o   -c src.c
clang-16: error: argument unused during compilation: '-fno-semantic-interposition' [-Werror,-Wunused-command-line-argument]
emcc: error: '/emsdk/upstream/bin/clang -target wasm32-unknown-emscripten -fignore-exceptions -fvisibility=default -mllvm -combiner-global-alias-analysis=false -mllvm -enable-emscripten-sjlj -mllvm -disable-lsr -DEMSCRIPTEN -Werror=implicit-function-declaration -I/emsdk/upstream/emscripten/cache/sysroot/include/SDL --sysroot=/emsdk/upstream/emscripten/cache/sysroot -Xclang -iwithsysroot/include/compat -fPIC -DC_SUPPORTS_FNO_SEMANTIC_INTERPOSITION -Werror=unguarded-availability-new -O3 -DNDEBUG -Werror -fno-semantic-interposition -c src.c -o CMakeFiles/cmTC_5d0b8.dir/src.c.o' failed (returned 1)
ninja: build stopped: subcommand failed.


Source file was:
int main(void) { return 0; }
Performing C++ SOURCE FILE Test CXX_SUPPORTS_FNO_SEMANTIC_INTERPOSITION failed with the following output:
Change Dir: /home/luca/learnhardcode/cpp/emception/build/llvm/CMakeFiles/CMakeTmp

Run Build Command(s):/usr/bin/ninja cmTC_4d8d7 && [1/2] Building CXX object CMakeFiles/cmTC_4d8d7.dir/src.cxx.o
FAILED: CMakeFiles/cmTC_4d8d7.dir/src.cxx.o 
/emsdk/upstream/emscripten/em++    -Dwait4=__syscall_wait4 -fPIC -DCXX_SUPPORTS_FNO_SEMANTIC_INTERPOSITION  -Werror=unguarded-availability-new -O3 -DNDEBUG   -Werror -fno-semantic-interposition -std=c++17 -o CMakeFiles/cmTC_4d8d7.dir/src.cxx.o -c src.cxx
clang-16: error: argument unused during compilation: '-fno-semantic-interposition' [-Werror,-Wunused-command-line-argument]
em++: error: '/emsdk/upstream/bin/clang++ -target wasm32-unknown-emscripten -fignore-exceptions -fvisibility=default -mllvm -combiner-global-alias-analysis=false -mllvm -enable-emscripten-sjlj -mllvm -disable-lsr -DEMSCRIPTEN -I/emsdk/upstream/emscripten/cache/sysroot/include/SDL --sysroot=/emsdk/upstream/emscripten/cache/sysroot -Xclang -iwithsysroot/include/compat -Dwait4=__syscall_wait4 -fPIC -DCXX_SUPPORTS_FNO_SEMANTIC_INTERPOSITION -Werror=unguarded-availability-new -O3 -DNDEBUG -Werror -fno-semantic-interposition -std=c++17 -c src.cxx -o CMakeFiles/cmTC_4d8d7.dir/src.cxx.o' failed (returned 1)
ninja: build stopped: subcommand failed.


Source file was:
int main() { return 0; }
Performing C++ SOURCE FILE Test CXX_SUPPORTS_CLASS_MEMACCESS_FLAG failed with the following output:
Change Dir: /home/luca/learnhardcode/cpp/emception/build/llvm/CMakeFiles/CMakeTmp

Run Build Command(s):/usr/bin/ninja cmTC_9659c && [1/2] Building CXX object CMakeFiles/cmTC_9659c.dir/src.cxx.o
warning: unknown warning option '-Wclass-memaccess'; did you mean '-Wclass-varargs'? [-Wunknown-warning-option]
1 warning generated.
[2/2] Linking CXX executable cmTC_9659c.js


Source file was:
int main() { return 0; }
Performing C SOURCE FILE Test C_WCOMMENT_ALLOWS_LINE_WRAP failed with the following output:
Change Dir: /home/luca/learnhardcode/cpp/emception/build/llvm/CMakeFiles/CMakeTmp

Run Build Command(s):/usr/bin/ninja cmTC_4548c && [1/2] Building C object CMakeFiles/cmTC_4548c.dir/src.c.o
FAILED: CMakeFiles/cmTC_4548c.dir/src.c.o 
/emsdk/upstream/emscripten/emcc   -fPIC -Werror=date-time -Werror=unguarded-availability-new -Wall -Wextra -Wno-unused-parameter -Wwrite-strings -Wmissing-field-initializers -pedantic -Wno-long-long -Wc++98-compat-extra-semi -Wimplicit-fallthrough -Wcovered-switch-default -DC_WCOMMENT_ALLOWS_LINE_WRAP  -Werror=unguarded-availability-new -Werror -Wcomment -O3 -DNDEBUG -o CMakeFiles/cmTC_4548c.dir/src.c.o   -c src.c
src.c:3:9: error: a function declaration without a prototype is deprecated in all versions of C [-Werror,-Wstrict-prototypes]
int main() {return 0;}
        ^
         void
1 error generated.
emcc: error: '/emsdk/upstream/bin/clang -target wasm32-unknown-emscripten -fignore-exceptions -fvisibility=default -mllvm -combiner-global-alias-analysis=false -mllvm -enable-emscripten-sjlj -mllvm -disable-lsr -DEMSCRIPTEN -Werror=implicit-function-declaration -I/emsdk/upstream/emscripten/cache/sysroot/include/SDL --sysroot=/emsdk/upstream/emscripten/cache/sysroot -Xclang -iwithsysroot/include/compat -fPIC -Werror=date-time -Werror=unguarded-availability-new -Wall -Wextra -Wno-unused-parameter -Wwrite-strings -Wmissing-field-initializers -pedantic -Wno-long-long -Wc++98-compat-extra-semi -Wimplicit-fallthrough -Wcovered-switch-default -DC_WCOMMENT_ALLOWS_LINE_WRAP -Werror=unguarded-availability-new -Werror -Wcomment -O3 -DNDEBUG -c src.c -o CMakeFiles/cmTC_4548c.dir/src.c.o' failed (returned 1)
ninja: build stopped: subcommand failed.


Source file was:
// \
//
int main() {return 0;}
Determining if the os_signpost_interval_begin exist failed with the following output:
Change Dir: /home/luca/learnhardcode/cpp/emception/build/llvm/CMakeFiles/CMakeTmp

Run Build Command(s):/usr/bin/ninja cmTC_c6e2f && [1/2] Building C object CMakeFiles/cmTC_c6e2f.dir/CheckSymbolExists.c.o
FAILED: CMakeFiles/cmTC_c6e2f.dir/CheckSymbolExists.c.o 
/emsdk/upstream/emscripten/emcc   -fPIC -Werror=date-time -Werror=unguarded-availability-new -Wall -Wextra -Wno-unused-parameter -Wwrite-strings -Wmissing-field-initializers -pedantic -Wno-long-long -Wc++98-compat-extra-semi -Wimplicit-fallthrough -Wcovered-switch-default -Wno-comment -Wstring-conversion -Wmisleading-indentation -Wctad-maybe-unsupported -fdiagnostics-color -ffunction-sections -fdata-sections  -Werror=unguarded-availability-new -O3 -DNDEBUG -o CMakeFiles/cmTC_c6e2f.dir/CheckSymbolExists.c.o   -c CheckSymbolExists.c
CheckSymbolExists.c:2:10: fatal error: 'os/signpost.h' file not found
#include <os/signpost.h>
         ^~~~~~~~~~~~~~~
1 error generated.
emcc: error: '/emsdk/upstream/bin/clang -target wasm32-unknown-emscripten -fignore-exceptions -fvisibility=default -mllvm -combiner-global-alias-analysis=false -mllvm -enable-emscripten-sjlj -mllvm -disable-lsr -DEMSCRIPTEN -Werror=implicit-function-declaration -I/emsdk/upstream/emscripten/cache/sysroot/include/SDL --sysroot=/emsdk/upstream/emscripten/cache/sysroot -Xclang -iwithsysroot/include/compat -fPIC -Werror=date-time -Werror=unguarded-availability-new -Wall -Wextra -Wno-unused-parameter -Wwrite-strings -Wmissing-field-initializers -pedantic -Wno-long-long -Wc++98-compat-extra-semi -Wimplicit-fallthrough -Wcovered-switch-default -Wno-comment -Wstring-conversion -Wmisleading-indentation -Wctad-maybe-unsupported -fdiagnostics-color -ffunction-sections -fdata-sections -Werror=unguarded-availability-new -O3 -DNDEBUG -c CheckSymbolExists.c -o CMakeFiles/cmTC_c6e2f.dir/CheckSymbolExists.c.o' failed (returned 1)
ninja: build stopped: subcommand failed.


File /home/luca/learnhardcode/cpp/emception/build/llvm/CMakeFiles/CMakeTmp/CheckSymbolExists.c:
/* */
#include <os/signpost.h>

int main(int argc, char** argv)
{
  (void)argv;
#ifndef os_signpost_interval_begin
  return ((int*)(&os_signpost_interval_begin))[argc];
#else
  (void)argc;
  return 0;
#endif
}
Performing C++ SOURCE FILE Test LLVM_HAS_NOGLOBAL_CTOR_MUTEX failed with the following output:
Change Dir: /home/luca/learnhardcode/cpp/emception/build/llvm/CMakeFiles/CMakeTmp

Run Build Command(s):/usr/bin/ninja cmTC_95aec && [1/2] Building CXX object CMakeFiles/cmTC_95aec.dir/src.cxx.o
FAILED: CMakeFiles/cmTC_95aec.dir/src.cxx.o 
/emsdk/upstream/emscripten/em++    -Dwait4=__syscall_wait4 -fPIC -fvisibility-inlines-hidden -Werror=date-time -Werror=unguarded-availability-new -Wall -Wextra -Wno-unused-parameter -Wwrite-strings -Wcast-qual -Wmissing-field-initializers -pedantic -Wno-long-long -Wc++98-compat-extra-semi -Wimplicit-fallthrough -Wcovered-switch-default -Wno-noexcept-type -Wnon-virtual-dtor -Wdelete-non-virtual-dtor -Wsuggest-override -Wno-comment -Wstring-conversion -Wmisleading-indentation -Wctad-maybe-unsupported -fdiagnostics-color -ffunction-sections -fdata-sections -Werror=global-constructors -DLLVM_HAS_NOGLOBAL_CTOR_MUTEX  -Werror=unguarded-availability-new -O3 -DNDEBUG   -std=c++17 -o CMakeFiles/cmTC_95aec.dir/src.cxx.o -c src.cxx
src.cxx:3:21: error: declaration requires a global destructor [-Werror,-Wglobal-constructors]
  static std::mutex TestGlobalCtorDtor;
                    ^
src.cxx:4:31: error: declaration requires a global destructor [-Werror,-Wglobal-constructors]
  static std::recursive_mutex TestGlobalCtorDtor2;
                              ^
2 errors generated.
em++: error: '/emsdk/upstream/bin/clang++ -target wasm32-unknown-emscripten -fignore-exceptions -mllvm -combiner-global-alias-analysis=false -mllvm -enable-emscripten-sjlj -mllvm -disable-lsr -DEMSCRIPTEN -I/emsdk/upstream/emscripten/cache/sysroot/include/SDL --sysroot=/emsdk/upstream/emscripten/cache/sysroot -Xclang -iwithsysroot/include/compat -Dwait4=__syscall_wait4 -fPIC -fvisibility-inlines-hidden -Werror=date-time -Werror=unguarded-availability-new -Wall -Wextra -Wno-unused-parameter -Wwrite-strings -Wcast-qual -Wmissing-field-initializers -pedantic -Wno-long-long -Wc++98-compat-extra-semi -Wimplicit-fallthrough -Wcovered-switch-default -Wno-noexcept-type -Wnon-virtual-dtor -Wdelete-non-virtual-dtor -Wsuggest-override -Wno-comment -Wstring-conversion -Wmisleading-indentation -Wctad-maybe-unsupported -fdiagnostics-color -ffunction-sections -fdata-sections -Werror=global-constructors -DLLVM_HAS_NOGLOBAL_CTOR_MUTEX -Werror=unguarded-availability-new -O3 -DNDEBUG -std=c++17 -c src.cxx -o CMakeFiles/cmTC_95aec.dir/src.cxx.o' failed (returned 1)
ninja: build stopped: subcommand failed.


Source file was:

  #include <mutex>
  static std::mutex TestGlobalCtorDtor;
  static std::recursive_mutex TestGlobalCtorDtor2;
  int main() { (void)TestGlobalCtorDtor; (void)TestGlobalCtorDtor2; return 0;}
  
Determining if the __x86_64__ exist failed with the following output:
Change Dir: /home/luca/learnhardcode/cpp/emception/build/llvm/CMakeFiles/CMakeTmp

Run Build Command(s):/usr/bin/ninja cmTC_684f6 && [1/2] Building C object CMakeFiles/cmTC_684f6.dir/CheckSymbolExists.c.o
FAILED: CMakeFiles/cmTC_684f6.dir/CheckSymbolExists.c.o 
/emsdk/upstream/emscripten/emcc   -fPIC -Werror=date-time -Werror=unguarded-availability-new -Wall -Wextra -Wno-unused-parameter -Wwrite-strings -Wmissing-field-initializers -pedantic -Wno-long-long -Wc++98-compat-extra-semi -Wimplicit-fallthrough -Wcovered-switch-default -Wno-comment -Wstring-conversion -Wmisleading-indentation -Wctad-maybe-unsupported -fdiagnostics-color -ffunction-sections -fdata-sections  -Werror=unguarded-availability-new -O3 -DNDEBUG -o CMakeFiles/cmTC_684f6.dir/CheckSymbolExists.c.o   -c CheckSymbolExists.c
CheckSymbolExists.c:7:19: error: use of undeclared identifier '__x86_64__'
  return ((int*)(&__x86_64__))[argc];
                  ^
1 error generated.
emcc: error: '/emsdk/upstream/bin/clang -target wasm32-unknown-emscripten -fignore-exceptions -fvisibility=default -mllvm -combiner-global-alias-analysis=false -mllvm -enable-emscripten-sjlj -mllvm -disable-lsr -DEMSCRIPTEN -Werror=implicit-function-declaration -I/emsdk/upstream/emscripten/cache/sysroot/include/SDL --sysroot=/emsdk/upstream/emscripten/cache/sysroot -Xclang -iwithsysroot/include/compat -fPIC -Werror=date-time -Werror=unguarded-availability-new -Wall -Wextra -Wno-unused-parameter -Wwrite-strings -Wmissing-field-initializers -pedantic -Wno-long-long -Wc++98-compat-extra-semi -Wimplicit-fallthrough -Wcovered-switch-default -Wno-comment -Wstring-conversion -Wmisleading-indentation -Wctad-maybe-unsupported -fdiagnostics-color -ffunction-sections -fdata-sections -Werror=unguarded-availability-new -O3 -DNDEBUG -c CheckSymbolExists.c -o CMakeFiles/cmTC_684f6.dir/CheckSymbolExists.c.o' failed (returned 1)
ninja: build stopped: subcommand failed.


File /home/luca/learnhardcode/cpp/emception/build/llvm/CMakeFiles/CMakeTmp/CheckSymbolExists.c:
/* */

int main(int argc, char** argv)
{
  (void)argv;
#ifndef __x86_64__
  return ((int*)(&__x86_64__))[argc];
#else
  (void)argc;
  return 0;
#endif
}
Performing C++ SOURCE FILE Test HAVE_CXX_FLAG_WD654 failed with the following output:
Change Dir: /home/luca/learnhardcode/cpp/emception/build/llvm/CMakeFiles/CMakeTmp

Run Build Command(s):/usr/bin/ninja cmTC_41519 && [1/2] Building CXX object CMakeFiles/cmTC_41519.dir/src.cxx.o
FAILED: CMakeFiles/cmTC_41519.dir/src.cxx.o 
/emsdk/upstream/emscripten/em++    -Dwait4=__syscall_wait4 -fPIC -fvisibility-inlines-hidden -Werror=date-time -Werror=unguarded-availability-new -Wall -Wextra -Wno-unused-parameter -Wwrite-strings -Wcast-qual -Wmissing-field-initializers -pedantic -Wno-long-long -Wc++98-compat-extra-semi -Wimplicit-fallthrough -Wcovered-switch-default -Wno-noexcept-type -Wnon-virtual-dtor -Wdelete-non-virtual-dtor -Wsuggest-override -Wno-comment -Wstring-conversion -Wmisleading-indentation -Wctad-maybe-unsupported -fdiagnostics-color -ffunction-sections -fdata-sections  -std=c++11  -Wall  -Wextra  -Wshadow  -Wsuggest-override  -pedantic  -pedantic-errors  -Wshorten-64-to-32  -fstrict-aliasing  -Wno-deprecated-declarations  -fno-exceptions  -Wstrict-aliasing -DHAVE_CXX_FLAG_WD654  -Werror=unguarded-availability-new -wd654 -O3 -DNDEBUG   -wd654 -std=c++17 -o CMakeFiles/cmTC_41519.dir/src.cxx.o -c src.cxx
clang-16: error: unknown argument: '-wd654'
clang-16: error: unknown argument: '-wd654'
em++: error: '/emsdk/upstream/bin/clang++ -target wasm32-unknown-emscripten -fignore-exceptions -mllvm -combiner-global-alias-analysis=false -mllvm -enable-emscripten-sjlj -mllvm -disable-lsr -DEMSCRIPTEN -I/emsdk/upstream/emscripten/cache/sysroot/include/SDL --sysroot=/emsdk/upstream/emscripten/cache/sysroot -Xclang -iwithsysroot/include/compat -Dwait4=__syscall_wait4 -fPIC -fvisibility-inlines-hidden -Werror=date-time -Werror=unguarded-availability-new -Wall -Wextra -Wno-unused-parameter -Wwrite-strings -Wcast-qual -Wmissing-field-initializers -pedantic -Wno-long-long -Wc++98-compat-extra-semi -Wimplicit-fallthrough -Wcovered-switch-default -Wno-noexcept-type -Wnon-virtual-dtor -Wdelete-non-virtual-dtor -Wsuggest-override -Wno-comment -Wstring-conversion -Wmisleading-indentation -Wctad-maybe-unsupported -fdiagnostics-color -ffunction-sections -fdata-sections -std=c++11 -Wall -Wextra -Wshadow -Wsuggest-override -pedantic -pedantic-errors -Wshorten-64-to-32 -fstrict-aliasing -Wno-deprecated-declarations -fno-exceptions -Wstrict-aliasing -DHAVE_CXX_FLAG_WD654 -Werror=unguarded-availability-new -wd654 -O3 -DNDEBUG -wd654 -std=c++17 -c src.cxx -o CMakeFiles/cmTC_41519.dir/src.cxx.o' failed (returned 1)
ninja: build stopped: subcommand failed.


Source file was:
int main() { return 0; }
Performing C++ SOURCE FILE Test HAVE_CXX_FLAG_COVERAGE failed with the following output:
Change Dir: /home/luca/learnhardcode/cpp/emception/build/llvm/CMakeFiles/CMakeTmp

Run Build Command(s):/usr/bin/ninja cmTC_5839c && [1/2] Building CXX object CMakeFiles/cmTC_5839c.dir/src.cxx.o
[2/2] Linking CXX executable cmTC_5839c.js
FAILED: cmTC_5839c.js 
: && /emsdk/upstream/emscripten/em++  -Dwait4=__syscall_wait4 -fPIC -fvisibility-inlines-hidden -Werror=date-time -Werror=unguarded-availability-new -Wall -Wextra -Wno-unused-parameter -Wwrite-strings -Wcast-qual -Wmissing-field-initializers -pedantic -Wno-long-long -Wc++98-compat-extra-semi -Wimplicit-fallthrough -Wcovered-switch-default -Wno-noexcept-type -Wnon-virtual-dtor -Wdelete-non-virtual-dtor -Wsuggest-override -Wno-comment -Wstring-conversion -Wmisleading-indentation -Wctad-maybe-unsupported -fdiagnostics-color -ffunction-sections -fdata-sections  -std=c++11  -Wall  -Wextra  -Wshadow  -Wsuggest-override  -pedantic  -pedantic-errors  -Wshorten-64-to-32  -fstrict-aliasing  -Wno-deprecated-declarations  -fno-exceptions  -Wstrict-aliasing  -Wthread-safety -DHAVE_CXX_FLAG_COVERAGE  -Werror=unguarded-availability-new --coverage -O3 -DNDEBUG  -s LLD_REPORT_UNDEFINED=1         -s ALLOW_MEMORY_GROWTH=1         -s EXPORTED_FUNCTIONS=_main,_free,_malloc         -s EXPORTED_RUNTIME_METHODS=FS,PROXYFS,ERRNO_CODES,allocateUTF8         -lproxyfs.js         --js-library=/home/luca/learnhardcode/cpp/emception/emlib/fsroot.js -Wl,--color-diagnostics CMakeFiles/cmTC_5839c.dir/src.cxx.o  -o cmTC_5839c.js  -lm && :
wasm-ld: error: CMakeFiles/cmTC_5839c.dir/src.cxx.o: undefined symbol: llvm_gcda_start_file
wasm-ld: error: CMakeFiles/cmTC_5839c.dir/src.cxx.o: undefined symbol: llvm_gcda_emit_function
wasm-ld: error: CMakeFiles/cmTC_5839c.dir/src.cxx.o: undefined symbol: llvm_gcda_emit_arcs
wasm-ld: error: CMakeFiles/cmTC_5839c.dir/src.cxx.o: undefined symbol: llvm_gcda_summary_info
wasm-ld: error: CMakeFiles/cmTC_5839c.dir/src.cxx.o: undefined symbol: llvm_gcda_end_file
wasm-ld: error: CMakeFiles/cmTC_5839c.dir/src.cxx.o: undefined symbol: llvm_gcov_init
em++: error: '/emsdk/upstream/bin/wasm-ld -o cmTC_5839c.wasm --color-diagnostics CMakeFiles/cmTC_5839c.dir/src.cxx.o -L/emsdk/upstream/emscripten/cache/sysroot/lib/wasm32-emscripten -lGL -lal -lhtml5 -lstubs -lnoexit -lc -ldlmalloc -lcompiler_rt -lc++-noexcept -lc++abi-noexcept -lsockets -mllvm -combiner-global-alias-analysis=false -mllvm -enable-emscripten-sjlj -mllvm -disable-lsr --allow-undefined-file=/tmp/tmpvvkpc8ju.undefined --strip-debug --export-if-defined=main --export-if-defined=free --export-if-defined=malloc --export-if-defined=__start_em_asm --export-if-defined=__stop_em_asm --export-if-defined=__start_em_lib_deps --export-if-defined=__stop_em_lib_deps --export-if-defined=__start_em_js --export-if-defined=__stop_em_js --export-if-defined=__main_argc_argv --export=stackSave --export=stackRestore --export=stackAlloc --export=__wasm_call_ctors --export=__errno_location --export=__get_temp_ret --export=__set_temp_ret --export-table -z stack-size=5242880 --initial-memory=16777216 --no-entry --max-memory=2147483648 --global-base=1024' failed (returned 1)
ninja: build stopped: subcommand failed.


Source file was:
int main() { return 0; }
