The system is: Linux - 6.19.14+deb14-amd64 - x86_64
Compiling the C compiler identification source file "CMakeCCompilerId.c" succeeded.
Compiler: /usr/bin/cc 
Build flags: 
Id flags:  

The output was:
0


Compilation of the C compiler identification source "CMakeCCompilerId.c" produced "a.out"

The C compiler identification is GNU, found in "/home/luca/learnhardcode/cpp/emception/build/llvm-native/CMakeFiles/3.16.3/CompilerIdC/a.out"

Compiling the CXX compiler identification source file "CMakeCXXCompilerId.cpp" succeeded.
Compiler: /usr/bin/c++ 
Build flags: 
Id flags:  

The output was:
0


Compilation of the CXX compiler identification source "CMakeCXXCompilerId.cpp" produced "a.out"

The CXX compiler identification is GNU, found in "/home/luca/learnhardcode/cpp/emception/build/llvm-native/CMakeFiles/3.16.3/CompilerIdCXX/a.out"

Checking whether the ASM compiler is GNU using "--version" matched "(GNU assembler)|(GCC)|(Free Software Foundation)":
cc (Ubuntu 9.4.0-1ubuntu1~20.04.1) 9.4.0
Copyright (C) 2019 Free Software Foundation, Inc.
This is free software; see the source for copying conditions.  There is NO
warranty; not even for MERCHANTABILITY or FITNESS FOR A PARTICULAR PURPOSE.

Determining if the C compiler works passed with the following output:
Change Dir: /home/luca/learnhardcode/cpp/emception/build/llvm-native/CMakeFiles/CMakeTmp

Run Build Command(s):/usr/bin/ninja cmTC_f0e5a && [1/2] Building C object CMakeFiles/cmTC_f0e5a.dir/testCCompiler.c.o
[2/2] Linking C executable cmTC_f0e5a



Detecting C compiler ABI info compiled with the following output:
Change Dir: /home/luca/learnhardcode/cpp/emception/build/llvm-native/CMakeFiles/CMakeTmp

Run Build Command(s):/usr/bin/ninja cmTC_4d348 && [1/2] Building C object CMakeFiles/cmTC_4d348.dir/CMakeCCompilerABI.c.o
Using built-in specs.
COLLECT_GCC=/usr/bin/cc
OFFLOAD_TARGET_NAMES=nvptx-none:hsa
OFFLOAD_TARGET_DEFAULT=1
Target: x86_64-linux-gnu
Configured with: ../src/configure -v --with-pkgversion='Ubuntu 9.4.0-1ubuntu1~20.04.1' --with-bugurl=file:///usr/share/doc/gcc-9/README.Bugs --enable-languages=c,ada,c++,go,brig,d,fortran,objc,obj-c++,gm2 --prefix=/usr --with-gcc-major-version-only --program-suffix=-9 --program-prefix=x86_64-linux-gnu- --enable-shared --enable-linker-build-id --libexecdir=/usr/lib --without-included-gettext --enable-threads=posix --libdir=/usr/lib --enable-nls --enable-clocale=gnu --enable-libstdcxx-debug --enable-libstdcxx-time=yes --with-default-libstdcxx-abi=new --enable-gnu-unique-object --disable-vtable-verify --enable-plugin --enable-default-pie --with-system-zlib --with-target-system-zlib=auto --enable-objc-gc=auto --enable-multiarch --disable-werror --with-arch-32=i686 --with-abi=m64 --with-multilib-list=m32,m64,mx32 --enable-multilib --with-tune=generic --enable-offload-targets=nvptx-none=/build/gcc-9-Av3uEd/gcc-9-9.4.0/debian/tmp-nvptx/usr,hsa --without-cuda-driver --enable-checking=release --build=x86_64-linux-gnu --host=x86_64-linux-gnu --target=x86_64-linux-gnu
Thread model: posix
gcc version 9.4.0 (Ubuntu 9.4.0-1ubuntu1~20.04.1) 
COLLECT_GCC_OPTIONS='-v' '-o' 'CMakeFiles/cmTC_4d348.dir/CMakeCCompilerABI.c.o' '-c' '-mtune=generic' '-march=x86-64'
 /usr/lib/gcc/x86_64-linux-gnu/9/cc1 -quiet -v -imultiarch x86_64-linux-gnu /usr/share/cmake-3.16/Modules/CMakeCCompilerABI.c -quiet -dumpbase CMakeCCompilerABI.c -mtune=generic -march=x86-64 -auxbase-strip CMakeFiles/cmTC_4d348.dir/CMakeCCompilerABI.c.o -version -fasynchronous-unwind-tables -fstack-protector-strong -Wformat -Wformat-security -fstack-clash-protection -fcf-protection -o /tmp/cchcuq3S.s
GNU C17 (Ubuntu 9.4.0-1ubuntu1~20.04.1) version 9.4.0 (x86_64-linux-gnu)
	compiled by GNU C version 9.4.0, GMP version 6.2.0, MPFR version 4.0.2, MPC version 1.1.0, isl version isl-0.22.1-GMP

GGC heuristics: --param ggc-min-expand=100 --param ggc-min-heapsize=131072
ignoring nonexistent directory "/usr/local/include/x86_64-linux-gnu"
ignoring nonexistent directory "/usr/lib/gcc/x86_64-linux-gnu/9/include-fixed"
ignoring nonexistent directory "/usr/lib/gcc/x86_64-linux-gnu/9/../../../../x86_64-linux-gnu/include"
#include "..." search starts here:
#include <...> search starts here:
 /usr/lib/gcc/x86_64-linux-gnu/9/include
 /usr/local/include
 /usr/include/x86_64-linux-gnu
 /usr/include
End of search list.
GNU C17 (Ubuntu 9.4.0-1ubuntu1~20.04.1) version 9.4.0 (x86_64-linux-gnu)
	compiled by GNU C version 9.4.0, GMP version 6.2.0, MPFR version 4.0.2, MPC version 1.1.0, isl version isl-0.22.1-GMP

GGC heuristics: --param ggc-min-expand=100 --param ggc-min-heapsize=131072
Compiler executable checksum: c0c95c0b4209efec1c1892d5ff24030b
COLLECT_GCC_OPTIONS='-v' '-o' 'CMakeFiles/cmTC_4d348.dir/CMakeCCompilerABI.c.o' '-c' '-mtune=generic' '-march=x86-64'
 as -v --64 -o CMakeFiles/cmTC_4d348.dir/CMakeCCompilerABI.c.o /tmp/cchcuq3S.s
GNU assembler version 2.34 (x86_64-linux-gnu) using BFD version (GNU Binutils for Ubuntu) 2.34
COMPILER_PATH=/usr/lib/gcc/x86_64-linux-gnu/9/:/usr/lib/gcc/x86_64-linux-gnu/9/:/usr/lib/gcc/x86_64-linux-gnu/:/usr/lib/gcc/x86_64-linux-gnu/9/:/usr/lib/gcc/x86_64-linux-gnu/
LIBRARY_PATH=/usr/lib/gcc/x86_64-linux-gnu/9/:/usr/lib/gcc/x86_64-linux-gnu/9/../../../x86_64-linux-gnu/:/usr/lib/gcc/x86_64-linux-gnu/9/../../../../lib/:/lib/x86_64-linux-gnu/:/lib/../lib/:/usr/lib/x86_64-linux-gnu/:/usr/lib/../lib/:/usr/lib/gcc/x86_64-linux-gnu/9/../../../:/lib/:/usr/lib/
COLLECT_GCC_OPTIONS='-v' '-o' 'CMakeFiles/cmTC_4d348.dir/CMakeCCompilerABI.c.o' '-c' '-mtune=generic' '-march=x86-64'
[2/2] Linking C executable cmTC_4d348
Using built-in specs.
COLLECT_GCC=/usr/bin/cc
COLLECT_LTO_WRAPPER=/usr/lib/gcc/x86_64-linux-gnu/9/lto-wrapper
OFFLOAD_TARGET_NAMES=nvptx-none:hsa
OFFLOAD_TARGET_DEFAULT=1
Target: x86_64-linux-gnu
Configured with: ../src/configure -v --with-pkgversion='Ubuntu 9.4.0-1ubuntu1~20.04.1' --with-bugurl=file:///usr/share/doc/gcc-9/README.Bugs --enable-languages=c,ada,c++,go,brig,d,fortran,objc,obj-c++,gm2 --prefix=/usr --with-gcc-major-version-only --program-suffix=-9 --program-prefix=x86_64-linux-gnu- --enable-shared --enable-linker-build-id --libexecdir=/usr/lib --without-included-gettext --enable-threads=posix --libdir=/usr/lib --enable-nls --enable-clocale=gnu --enable-libstdcxx-debug --enable-libstdcxx-time=yes --with-default-libstdcxx-abi=new --enable-gnu-unique-object --disable-vtable-verify --enable-plugin --enable-default-pie --with-system-zlib --with-target-system-zlib=auto --enable-objc-gc=auto --enable-multiarch --disable-werror --with-arch-32=i686 --with-abi=m64 --with-multilib-list=m32,m64,mx32 --enable-multilib --with-tune=generic --enable-offload-targets=nvptx-none=/build/gcc-9-Av3uEd/gcc-9-9.4.0/debian/tmp-nvptx/usr,hsa --without-cuda-driver --enable-checking=release --build=x86_64-linux-gnu --host=x86_64-linux-gnu --target=x86_64-linux-gnu
Thread model: posix
gcc version 9.4.0 (Ubuntu 9.4.0-1ubuntu1~20.04.1) 
COMPILER_PATH=/usr/lib/gcc/x86_64-linux-gnu/9/:/usr/lib/gcc/x86_64-linux-gnu/9/:/usr/lib/gcc/x86_64-linux-gnu/:/usr/lib/gcc/x86_64-linux-gnu/9/:/usr/lib/gcc/x86_64-linux-gnu/
LIBRARY_PATH=/usr/lib/gcc/x86_64-linux-gnu/9/:/usr/lib/gcc/x86_64-linux-gnu/9/../../../x86_64-linux-gnu/:/usr/lib/gcc/x86_64-linux-gnu/9/../../../../lib/:/lib/x86_64-linux-gnu/:/lib/../lib/:/usr/lib/x86_64-linux-gnu/:/usr/lib/../lib/:/usr/lib/gcc/x86_64-linux-gnu/9/../../../:/lib/:/usr/lib/
COLLECT_GCC_OPTIONS='-v' '-o' 'cmTC_4d348' '-mtune=generic' '-march=x86-64'
 /usr/lib/gcc/x86_64-linux-gnu/9/collect2 -plugin /usr/lib/gcc/x86_64-linux-gnu/9/liblto_plugin.so -plugin-opt=/usr/lib/gcc/x86_64-linux-gnu/9/lto-wrapper -plugin-opt=-fresolution=/tmp/ccjyhawc.res -plugin-opt=-pass-through=-lgcc -plugin-opt=-pass-through=-lgcc_s -plugin-opt=-pass-through=-lc -plugin-opt=-pass-through=-lgcc -plugin-opt=-pass-through=-lgcc_s --build-id --eh-frame-hdr -m elf_x86_64 --hash-style=gnu --as-needed -dynamic-linker /lib64/ld-linux-x86-64.so.2 -pie -z now -z relro -o cmTC_4d348 /usr/lib/gcc/x86_64-linux-gnu/9/../../../x86_64-linux-gnu/Scrt1.o /usr/lib/gcc/x86_64-linux-gnu/9/../../../x86_64-linux-gnu/crti.o /usr/lib/gcc/x86_64-linux-gnu/9/crtbeginS.o -L/usr/lib/gcc/x86_64-linux-gnu/9 -L/usr/lib/gcc/x86_64-linux-gnu/9/../../../x86_64-linux-gnu -L/usr/lib/gcc/x86_64-linux-gnu/9/../../../../lib -L/lib/x86_64-linux-gnu -L/lib/../lib -L/usr/lib/x86_64-linux-gnu -L/usr/lib/../lib -L/usr/lib/gcc/x86_64-linux-gnu/9/../../.. CMakeFiles/cmTC_4d348.dir/CMakeCCompilerABI.c.o -lgcc --push-state --as-needed -lgcc_s --pop-state -lc -lgcc --push-state --as-needed -lgcc_s --pop-state /usr/lib/gcc/x86_64-linux-gnu/9/crtendS.o /usr/lib/gcc/x86_64-linux-gnu/9/../../../x86_64-linux-gnu/crtn.o
COLLECT_GCC_OPTIONS='-v' '-o' 'cmTC_4d348' '-mtune=generic' '-march=x86-64'



Parsed C implicit include dir info from above output: rv=done
  found start of include info
  found start of implicit include info
    add: [/usr/lib/gcc/x86_64-linux-gnu/9/include]
    add: [/usr/local/include]
    add: [/usr/include/x86_64-linux-gnu]
    add: [/usr/include]
  end of search list found
  collapse include dir [/usr/lib/gcc/x86_64-linux-gnu/9/include] ==> [/usr/lib/gcc/x86_64-linux-gnu/9/include]
  collapse include dir [/usr/local/include] ==> [/usr/local/include]
  collapse include dir [/usr/include/x86_64-linux-gnu] ==> [/usr/include/x86_64-linux-gnu]
  collapse include dir [/usr/include] ==> [/usr/include]
  implicit include dirs: [/usr/lib/gcc/x86_64-linux-gnu/9/include;/usr/local/include;/usr/include/x86_64-linux-gnu;/usr/include]


Parsed C implicit link information from above output:
  link line regex: [^( *|.*[/\])(ld|CMAKE_LINK_STARTFILE-NOTFOUND|([^/\]+-)?ld|collect2)[^/\]*( |$)]
  ignore line: [Change Dir: /home/luca/learnhardcode/cpp/emception/build/llvm-native/CMakeFiles/CMakeTmp]
  ignore line: []
  ignore line: [Run Build Command(s):/usr/bin/ninja cmTC_4d348 && [1/2] Building C object CMakeFiles/cmTC_4d348.dir/CMakeCCompilerABI.c.o]
  ignore line: [Using built-in specs.]
  ignore line: [COLLECT_GCC=/usr/bin/cc]
  ignore line: [OFFLOAD_TARGET_NAMES=nvptx-none:hsa]
  ignore line: [OFFLOAD_TARGET_DEFAULT=1]
  ignore line: [Target: x86_64-linux-gnu]
  ignore line: [Configured with: ../src/configure -v --with-pkgversion='Ubuntu 9.4.0-1ubuntu1~20.04.1' --with-bugurl=file:///usr/share/doc/gcc-9/README.Bugs --enable-languages=c ada c++ go brig d fortran objc obj-c++ gm2 --prefix=/usr --with-gcc-major-version-only --program-suffix=-9 --program-prefix=x86_64-linux-gnu- --enable-shared --enable-linker-build-id --libexecdir=/usr/lib --without-included-gettext --enable-threads=posix --libdir=/usr/lib --enable-nls --enable-clocale=gnu --enable-libstdcxx-debug --enable-libstdcxx-time=yes --with-default-libstdcxx-abi=new --enable-gnu-unique-object --disable-vtable-verify --enable-plugin --enable-default-pie --with-system-zlib --with-target-system-zlib=auto --enable-objc-gc=auto --enable-multiarch --disable-werror --with-arch-32=i686 --with-abi=m64 --with-multilib-list=m32 m64 mx32 --enable-multilib --with-tune=generic --enable-offload-targets=nvptx-none=/build/gcc-9-Av3uEd/gcc-9-9.4.0/debian/tmp-nvptx/usr hsa --without-cuda-driver --enable-checking=release --build=x86_64-linux-gnu --host=x86_64-linux-gnu --target=x86_64-linux-gnu]
  ignore line: [Thread model: posix]
  ignore line: [gcc version 9.4.0 (Ubuntu 9.4.0-1ubuntu1~20.04.1) ]
  ignore line: [COLLECT_GCC_OPTIONS='-v' '-o' 'CMakeFiles/cmTC_4d348.dir/CMakeCCompilerABI.c.o' '-c' '-mtune=generic' '-march=x86-64']
  ignore line: [ /usr/lib/gcc/x86_64-linux-gnu/9/cc1 -quiet -v -imultiarch x86_64-linux-gnu /usr/share/cmake-3.16/Modules/CMakeCCompilerABI.c -quiet -dumpbase CMakeCCompilerABI.c -mtune=generic -march=x86-64 -auxbase-strip CMakeFiles/cmTC_4d348.dir/CMakeCCompilerABI.c.o -version -fasynchronous-unwind-tables -fstack-protector-strong -Wformat -Wformat-security -fstack-clash-protection -fcf-protection -o /tmp/cchcuq3S.s]
  ignore line: [GNU C17 (Ubuntu 9.4.0-1ubuntu1~20.04.1) version 9.4.0 (x86_64-linux-gnu)]
  ignore line: [	compiled by GNU C version 9.4.0  GMP version 6.2.0  MPFR version 4.0.2  MPC version 1.1.0  isl version isl-0.22.1-GMP]
  ignore line: []
  ignore line: [GGC heuristics: --param ggc-min-expand=100 --param ggc-min-heapsize=131072]
  ignore line: [ignoring nonexistent directory "/usr/local/include/x86_64-linux-gnu"]
  ignore line: [ignoring nonexistent directory "/usr/lib/gcc/x86_64-linux-gnu/9/include-fixed"]
  ignore line: [ignoring nonexistent directory "/usr/lib/gcc/x86_64-linux-gnu/9/../../../../x86_64-linux-gnu/include"]
  ignore line: [#include "..." search starts here:]
  ignore line: [#include <...> search starts here:]
  ignore line: [ /usr/lib/gcc/x86_64-linux-gnu/9/include]
  ignore line: [ /usr/local/include]
  ignore line: [ /usr/include/x86_64-linux-gnu]
  ignore line: [ /usr/include]
  ignore line: [End of search list.]
  ignore line: [GNU C17 (Ubuntu 9.4.0-1ubuntu1~20.04.1) version 9.4.0 (x86_64-linux-gnu)]
  ignore line: [	compiled by GNU C version 9.4.0  GMP version 6.2.0  MPFR version 4.0.2  MPC version 1.1.0  isl version isl-0.22.1-GMP]
  ignore line: []
  ignore line: [GGC heuristics: --param ggc-min-expand=100 --param ggc-min-heapsize=131072]
  ignore line: [Compiler executable checksum: c0c95c0b4209efec1c1892d5ff24030b]
  ignore line: [COLLECT_GCC_OPTIONS='-v' '-o' 'CMakeFiles/cmTC_4d348.dir/CMakeCCompilerABI.c.o' '-c' '-mtune=generic' '-march=x86-64']
  ignore line: [ as -v --64 -o CMakeFiles/cmTC_4d348.dir/CMakeCCompilerABI.c.o /tmp/cchcuq3S.s]
  ignore line: [GNU assembler version 2.34 (x86_64-linux-gnu) using BFD version (GNU Binutils for Ubuntu) 2.34]
  ignore line: [COMPILER_PATH=/usr/lib/gcc/x86_64-linux-gnu/9/:/usr/lib/gcc/x86_64-linux-gnu/9/:/usr/lib/gcc/x86_64-linux-gnu/:/usr/lib/gcc/x86_64-linux-gnu/9/:/usr/lib/gcc/x86_64-linux-gnu/]
  ignore line: [LIBRARY_PATH=/usr/lib/gcc/x86_64-linux-gnu/9/:/usr/lib/gcc/x86_64-linux-gnu/9/../../../x86_64-linux-gnu/:/usr/lib/gcc/x86_64-linux-gnu/9/../../../../lib/:/lib/x86_64-linux-gnu/:/lib/../lib/:/usr/lib/x86_64-linux-gnu/:/usr/lib/../lib/:/usr/lib/gcc/x86_64-linux-gnu/9/../../../:/lib/:/usr/lib/]
  ignore line: [COLLECT_GCC_OPTIONS='-v' '-o' 'CMakeFiles/cmTC_4d348.dir/CMakeCCompilerABI.c.o' '-c' '-mtune=generic' '-march=x86-64']
  ignore line: [[2/2] Linking C executable cmTC_4d348]
  ignore line: [Using built-in specs.]
  ignore line: [COLLECT_GCC=/usr/bin/cc]
  ignore line: [COLLECT_LTO_WRAPPER=/usr/lib/gcc/x86_64-linux-gnu/9/lto-wrapper]
  ignore line: [OFFLOAD_TARGET_NAMES=nvptx-none:hsa]
  ignore line: [OFFLOAD_TARGET_DEFAULT=1]
  ignore line: [Target: x86_64-linux-gnu]
  ignore line: [Configured with: ../src/configure -v --with-pkgversion='Ubuntu 9.4.0-1ubuntu1~20.04.1' --with-bugurl=file:///usr/share/doc/gcc-9/README.Bugs --enable-languages=c ada c++ go brig d fortran objc obj-c++ gm2 --prefix=/usr --with-gcc-major-version-only --program-suffix=-9 --program-prefix=x86_64-linux-gnu- --enable-shared --enable-linker-build-id --libexecdir=/usr/lib --without-included-gettext --enable-threads=posix --libdir=/usr/lib --enable-nls --enable-clocale=gnu --enable-libstdcxx-debug --enable-libstdcxx-time=yes --with-default-libstdcxx-abi=new --enable-gnu-unique-object --disable-vtable-verify --enable-plugin --enable-default-pie --with-system-zlib --with-target-system-zlib=auto --enable-objc-gc=auto --enable-multiarch --disable-werror --with-arch-32=i686 --with-abi=m64 --with-multilib-list=m32 m64 mx32 --enable-multilib --with-tune=generic --enable-offload-targets=nvptx-none=/build/gcc-9-Av3uEd/gcc-9-9.4.0/debian/tmp-nvptx/usr hsa --without-cuda-driver --enable-checking=release --build=x86_64-linux-gnu --host=x86_64-linux-gnu --target=x86_64-linux-gnu]
  ignore line: [Thread model: posix]
  ignore line: [gcc version 9.4.0 (Ubuntu 9.4.0-1ubuntu1~20.04.1) ]
  ignore line: [COMPILER_PATH=/usr/lib/gcc/x86_64-linux-gnu/9/:/usr/lib/gcc/x86_64-linux-gnu/9/:/usr/lib/gcc/x86_64-linux-gnu/:/usr/lib/gcc/x86_64-linux-gnu/9/:/usr/lib/gcc/x86_64-linux-gnu/]
  ignore line: [LIBRARY_PATH=/usr/lib/gcc/x86_64-linux-gnu/9/:/usr/lib/gcc/x86_64-linux-gnu/9/../../../x86_64-linux-gnu/:/usr/lib/gcc/x86_64-linux-gnu/9/../../../../lib/:/lib/x86_64-linux-gnu/:/lib/../lib/:/usr/lib/x86_64-linux-gnu/:/usr/lib/../lib/:/usr/lib/gcc/x86_64-linux-gnu/9/../../../:/lib/:/usr/lib/]
  ignore line: [COLLECT_GCC_OPTIONS='-v' '-o' 'cmTC_4d348' '-mtune=generic' '-march=x86-64']
  link line: [ /usr/lib/gcc/x86_64-linux-gnu/9/collect2 -plugin /usr/lib/gcc/x86_64-linux-gnu/9/liblto_plugin.so -plugin-opt=/usr/lib/gcc/x86_64-linux-gnu/9/lto-wrapper -plugin-opt=-fresolution=/tmp/ccjyhawc.res -plugin-opt=-pass-through=-lgcc -plugin-opt=-pass-through=-lgcc_s -plugin-opt=-pass-through=-lc -plugin-opt=-pass-through=-lgcc -plugin-opt=-pass-through=-lgcc_s --build-id --eh-frame-hdr -m elf_x86_64 --hash-style=gnu --as-needed -dynamic-linker /lib64/ld-linux-x86-64.so.2 -pie -z now -z relro -o cmTC_4d348 /usr/lib/gcc/x86_64-linux-gnu/9/../../../x86_64-linux-gnu/Scrt1.o /usr/lib/gcc/x86_64-linux-gnu/9/../../../x86_64-linux-gnu/crti.o /usr/lib/gcc/x86_64-linux-gnu/9/crtbeginS.o -L/usr/lib/gcc/x86_64-linux-gnu/9 -L/usr/lib/gcc/x86_64-linux-gnu/9/../../../x86_64-linux-gnu -L/usr/lib/gcc/x86_64-linux-gnu/9/../../../../lib -L/lib/x86_64-linux-gnu -L/lib/../lib -L/usr/lib/x86_64-linux-gnu -L/usr/lib/../lib -L/usr/lib/gcc/x86_64-linux-gnu/9/../../.. CMakeFiles/cmTC_4d348.dir/CMakeCCompilerABI.c.o -lgcc --push-state --as-needed -lgcc_s --pop-state -lc -lgcc --push-state --as-needed -lgcc_s --pop-state /usr/lib/gcc/x86_64-linux-gnu/9/crtendS.o /usr/lib/gcc/x86_64-linux-gnu/9/../../../x86_64-linux-gnu/crtn.o]
    arg [/usr/lib/gcc/x86_64-linux-gnu/9/collect2] ==> ignore
    arg [-plugin] ==> ignore
    arg [/usr/lib/gcc/x86_64-linux-gnu/9/liblto_plugin.so] ==> ignore
    arg [-plugin-opt=/usr/lib/gcc/x86_64-linux-gnu/9/lto-wrapper] ==> ignore
    arg [-plugin-opt=-fresolution=/tmp/ccjyhawc.res] ==> ignore
    arg [-plugin-opt=-pass-through=-lgcc] ==> ignore
    arg [-plugin-opt=-pass-through=-lgcc_s] ==> ignore
    arg [-plugin-opt=-pass-through=-lc] ==> ignore
    arg [-plugin-opt=-pass-through=-lgcc] ==> ignore
    arg [-plugin-opt=-pass-through=-lgcc_s] ==> ignore
    arg [--build-id] ==> ignore
    arg [--eh-frame-hdr] ==> ignore
    arg [-m] ==> ignore
    arg [elf_x86_64] ==> ignore
    arg [--hash-style=gnu] ==> ignore
    arg [--as-needed] ==> ignore
    arg [-dynamic-linker] ==> ignore
    arg [/lib64/ld-linux-x86-64.so.2] ==> ignore
    arg [-pie] ==> ignore
    arg [-znow] ==> ignore
    arg [-zrelro] ==> ignore
    arg [-o] ==> ignore
    arg [cmTC_4d348] ==> ignore
    arg [/usr/lib/gcc/x86_64-linux-gnu/9/../../../x86_64-linux-gnu/Scrt1.o] ==> ignore
    arg [/usr/lib/gcc/x86_64-linux-gnu/9/../../../x86_64-linux-gnu/crti.o] ==> ignore
    arg [/usr/lib/gcc/x86_64-linux-gnu/9/crtbeginS.o] ==> ignore
    arg [-L/usr/lib/gcc/x86_64-linux-gnu/9] ==> dir [/usr/lib/gcc/x86_64-linux-gnu/9]
    arg [-L/usr/lib/gcc/x86_64-linux-gnu/9/../../../x86_64-linux-gnu] ==> dir [/usr/lib/gcc/x86_64-linux-gnu/9/../../../x86_64-linux-gnu]
    arg [-L/usr/lib/gcc/x86_64-linux-gnu/9/../../../../lib] ==> dir [/usr/lib/gcc/x86_64-linux-gnu/9/../../../../lib]
    arg [-L/lib/x86_64-linux-gnu] ==> dir [/lib/x86_64-linux-gnu]
    arg [-L/lib/../lib] ==> dir [/lib/../lib]
    arg [-L/usr/lib/x86_64-linux-gnu] ==> dir [/usr/lib/x86_64-linux-gnu]
    arg [-L/usr/lib/../lib] ==> dir [/usr/lib/../lib]
    arg [-L/usr/lib/gcc/x86_64-linux-gnu/9/../../..] ==> dir [/usr/lib/gcc/x86_64-linux-gnu/9/../../..]
    arg [CMakeFiles/cmTC_4d348.dir/CMakeCCompilerABI.c.o] ==> ignore
    arg [-lgcc] ==> lib [gcc]
    arg [--push-state] ==> ignore
    arg [--as-needed] ==> ignore
    arg [-lgcc_s] ==> lib [gcc_s]
    arg [--pop-state] ==> ignore
    arg [-lc] ==> lib [c]
    arg [-lgcc] ==> lib [gcc]
    arg [--push-state] ==> ignore
    arg [--as-needed] ==> ignore
    arg [-lgcc_s] ==> lib [gcc_s]
    arg [--pop-state] ==> ignore
    arg [/usr/lib/gcc/x86_64-linux-gnu/9/crtendS.o] ==> ignore
    arg [/usr/lib/gcc/x86_64-linux-gnu/9/../../../x86_64-linux-gnu/crtn.o] ==> ignore
  collapse library dir [/usr/lib/gcc/x86_64-linux-gnu/9] ==> [/usr/lib/gcc/x86_64-linux-gnu/9]
  collapse library dir [/usr/lib/gcc/x86_64-linux-gnu/9/../../../x86_64-linux-gnu] ==> [/usr/lib/x86_64-linux-gnu]
  collapse library dir [/usr/lib/gcc/x86_64-linux-gnu/9/../../../../lib] ==> [/usr/lib]
  collapse library dir [/lib/x86_64-linux-gnu] ==> [/lib/x86_64-linux-gnu]
  collapse library dir [/lib/../lib] ==> [/lib]
  collapse library dir [/usr/lib/x86_64-linux-gnu] ==> [/usr/lib/x86_64-linux-gnu]
  collapse library dir [/usr/lib/../lib] ==> [/usr/lib]
  collapse library dir [/usr/lib/gcc/x86_64-linux-gnu/9/../../..] ==> [/usr/lib]
  implicit libs: [gcc;gcc_s;c;gcc;gcc_s]
  implicit dirs: [/usr/lib/gcc/x86_64-linux-gnu/9;/usr/lib/x86_64-linux-gnu;/usr/lib;/lib/x86_64-linux-gnu;/lib]
  implicit fwks: []


Determining if the CXX compiler works passed with the following output:
Change Dir: /home/luca/learnhardcode/cpp/emception/build/llvm-native/CMakeFiles/CMakeTmp

Run Build Command(s):/usr/bin/ninja cmTC_56696 && [1/2] Building CXX object CMakeFiles/cmTC_56696.dir/testCXXCompiler.cxx.o
[2/2] Linking CXX executable cmTC_56696



Detecting CXX compiler ABI info compiled with the following output:
Change Dir: /home/luca/learnhardcode/cpp/emception/build/llvm-native/CMakeFiles/CMakeTmp

Run Build Command(s):/usr/bin/ninja cmTC_4b7a0 && [1/2] Building CXX object CMakeFiles/cmTC_4b7a0.dir/CMakeCXXCompilerABI.cpp.o
Using built-in specs.
COLLECT_GCC=/usr/bin/c++
OFFLOAD_TARGET_NAMES=nvptx-none:hsa
OFFLOAD_TARGET_DEFAULT=1
Target: x86_64-linux-gnu
Configured with: ../src/configure -v --with-pkgversion='Ubuntu 9.4.0-1ubuntu1~20.04.1' --with-bugurl=file:///usr/share/doc/gcc-9/README.Bugs --enable-languages=c,ada,c++,go,brig,d,fortran,objc,obj-c++,gm2 --prefix=/usr --with-gcc-major-version-only --program-suffix=-9 --program-prefix=x86_64-linux-gnu- --enable-shared --enable-linker-build-id --libexecdir=/usr/lib --without-included-gettext --enable-threads=posix --libdir=/usr/lib --enable-nls --enable-clocale=gnu --enable-libstdcxx-debug --enable-libstdcxx-time=yes --with-default-libstdcxx-abi=new --enable-gnu-unique-object --disable-vtable-verify --enable-plugin --enable-default-pie --with-system-zlib --with-target-system-zlib=auto --enable-objc-gc=auto --enable-multiarch --disable-werror --with-arch-32=i686 --with-abi=m64 --with-multilib-list=m32,m64,mx32 --enable-multilib --with-tune=generic --enable-offload-targets=nvptx-none=/build/gcc-9-Av3uEd/gcc-9-9.4.0/debian/tmp-nvptx/usr,hsa --without-cuda-driver --enable-checking=release --build=x86_64-linux-gnu --host=x86_64-linux-gnu --target=x86_64-linux-gnu
Thread model: posix
gcc version 9.4.0 (Ubuntu 9.4.0-1ubuntu1~20.04.1) 
COLLECT_GCC_OPTIONS='-v' '-o' 'CMakeFiles/cmTC_4b7a0.dir/CMakeCXXCompilerABI.cpp.o' '-c' '-shared-libgcc' '-mtune=generic' '-march=x86-64'
 /usr/lib/gcc/x86_64-linux-gnu/9/cc1plus -quiet -v -imultiarch x86_64-linux-gnu -D_GNU_SOURCE /usr/share/cmake-3.16/Modules/CMakeCXXCompilerABI.cpp -quiet -dumpbase CMakeCXXCompilerABI.cpp -mtune=generic -march=x86-64 -auxbase-strip CMakeFiles/cmTC_4b7a0.dir/CMakeCXXCompilerABI.cpp.o -version -fasynchronous-unwind-tables -fstack-protector-strong -Wformat -Wformat-security -fstack-clash-protection -fcf-protection -o /tmp/ccURnauo.s
GNU C++14 (Ubuntu 9.4.0-1ubuntu1~20.04.1) version 9.4.0 (x86_64-linux-gnu)
	compiled by GNU C version 9.4.0, GMP version 6.2.0, MPFR version 4.0.2, MPC version 1.1.0, isl version isl-0.22.1-GMP

GGC heuristics: --param ggc-min-expand=100 --param ggc-min-heapsize=131072
ignoring duplicate directory "/usr/include/x86_64-linux-gnu/c++/9"
ignoring nonexistent directory "/usr/local/include/x86_64-linux-gnu"
ignoring nonexistent directory "/usr/lib/gcc/x86_64-linux-gnu/9/include-fixed"
ignoring nonexistent directory "/usr/lib/gcc/x86_64-linux-gnu/9/../../../../x86_64-linux-gnu/include"
#include "..." search starts here:
#include <...> search starts here:
 /usr/include/c++/9
 /usr/include/x86_64-linux-gnu/c++/9
 /usr/include/c++/9/backward
 /usr/lib/gcc/x86_64-linux-gnu/9/include
 /usr/local/include
 /usr/include/x86_64-linux-gnu
 /usr/include
End of search list.
GNU C++14 (Ubuntu 9.4.0-1ubuntu1~20.04.1) version 9.4.0 (x86_64-linux-gnu)
	compiled by GNU C version 9.4.0, GMP version 6.2.0, MPFR version 4.0.2, MPC version 1.1.0, isl version isl-0.22.1-GMP

GGC heuristics: --param ggc-min-expand=100 --param ggc-min-heapsize=131072
Compiler executable checksum: 65fe925b83d3956b533de4aaba7dace0
COLLECT_GCC_OPTIONS='-v' '-o' 'CMakeFiles/cmTC_4b7a0.dir/CMakeCXXCompilerABI.cpp.o' '-c' '-shared-libgcc' '-mtune=generic' '-march=x86-64'
 as -v --64 -o CMakeFiles/cmTC_4b7a0.dir/CMakeCXXCompilerABI.cpp.o /tmp/ccURnauo.s
GNU assembler version 2.34 (x86_64-linux-gnu) using BFD version (GNU Binutils for Ubuntu) 2.34
COMPILER_PATH=/usr/lib/gcc/x86_64-linux-gnu/9/:/usr/lib/gcc/x86_64-linux-gnu/9/:/usr/lib/gcc/x86_64-linux-gnu/:/usr/lib/gcc/x86_64-linux-gnu/9/:/usr/lib/gcc/x86_64-linux-gnu/
LIBRARY_PATH=/usr/lib/gcc/x86_64-linux-gnu/9/:/usr/lib/gcc/x86_64-linux-gnu/9/../../../x86_64-linux-gnu/:/usr/lib/gcc/x86_64-linux-gnu/9/../../../../lib/:/lib/x86_64-linux-gnu/:/lib/../lib/:/usr/lib/x86_64-linux-gnu/:/usr/lib/../lib/:/usr/lib/gcc/x86_64-linux-gnu/9/../../../:/lib/:/usr/lib/
COLLECT_GCC_OPTIONS='-v' '-o' 'CMakeFiles/cmTC_4b7a0.dir/CMakeCXXCompilerABI.cpp.o' '-c' '-shared-libgcc' '-mtune=generic' '-march=x86-64'
[2/2] Linking CXX executable cmTC_4b7a0
Using built-in specs.
COLLECT_GCC=/usr/bin/c++
COLLECT_LTO_WRAPPER=/usr/lib/gcc/x86_64-linux-gnu/9/lto-wrapper
OFFLOAD_TARGET_NAMES=nvptx-none:hsa
OFFLOAD_TARGET_DEFAULT=1
Target: x86_64-linux-gnu
Configured with: ../src/configure -v --with-pkgversion='Ubuntu 9.4.0-1ubuntu1~20.04.1' --with-bugurl=file:///usr/share/doc/gcc-9/README.Bugs --enable-languages=c,ada,c++,go,brig,d,fortran,objc,obj-c++,gm2 --prefix=/usr --with-gcc-major-version-only --program-suffix=-9 --program-prefix=x86_64-linux-gnu- --enable-shared --enable-linker-build-id --libexecdir=/usr/lib --without-included-gettext --enable-threads=posix --libdir=/usr/lib --enable-nls --enable-clocale=gnu --enable-libstdcxx-debug --enable-libstdcxx-time=yes --with-default-libstdcxx-abi=new --enable-gnu-unique-object --disable-vtable-verify --enable-plugin --enable-default-pie --with-system-zlib --with-target-system-zlib=auto --enable-objc-gc=auto --enable-multiarch --disable-werror --with-arch-32=i686 --with-abi=m64 --with-multilib-list=m32,m64,mx32 --enable-multilib --with-tune=generic --enable-offload-targets=nvptx-none=/build/gcc-9-Av3uEd/gcc-9-9.4.0/debian/tmp-nvptx/usr,hsa --without-cuda-driver --enable-checking=release --build=x86_64-linux-gnu --host=x86_64-linux-gnu --target=x86_64-linux-gnu
Thread model: posix
gcc version 9.4.0 (Ubuntu 9.4.0-1ubuntu1~20.04.1) 
COMPILER_PATH=/usr/lib/gcc/x86_64-linux-gnu/9/:/usr/lib/gcc/x86_64-linux-gnu/9/:/usr/lib/gcc/x86_64-linux-gnu/:/usr/lib/gcc/x86_64-linux-gnu/9/:/usr/lib/gcc/x86_64-linux-gnu/
LIBRARY_PATH=/usr/lib/gcc/x86_64-linux-gnu/9/:/usr/lib/gcc/x86_64-linux-gnu/9/../../../x86_64-linux-gnu/:/usr/lib/gcc/x86_64-linux-gnu/9/../../../../lib/:/lib/x86_64-linux-gnu/:/lib/../lib/:/usr/lib/x86_64-linux-gnu/:/usr/lib/../lib/:/usr/lib/gcc/x86_64-linux-gnu/9/../../../:/lib/:/usr/lib/
COLLECT_GCC_OPTIONS='-v' '-o' 'cmTC_4b7a0' '-shared-libgcc' '-mtune=generic' '-march=x86-64'
 /usr/lib/gcc/x86_64-linux-gnu/9/collect2 -plugin /usr/lib/gcc/x86_64-linux-gnu/9/liblto_plugin.so -plugin-opt=/usr/lib/gcc/x86_64-linux-gnu/9/lto-wrapper -plugin-opt=-fresolution=/tmp/ccrzH37F.res -plugin-opt=-pass-through=-lgcc_s -plugin-opt=-pass-through=-lgcc -plugin-opt=-pass-through=-lc -plugin-opt=-pass-through=-lgcc_s -plugin-opt=-pass-through=-lgcc --build-id --eh-frame-hdr -m elf_x86_64 --hash-style=gnu --as-needed -dynamic-linker /lib64/ld-linux-x86-64.so.2 -pie -z now -z relro -o cmTC_4b7a0 /usr/lib/gcc/x86_64-linux-gnu/9/../../../x86_64-linux-gnu/Scrt1.o /usr/lib/gcc/x86_64-linux-gnu/9/../../../x86_64-linux-gnu/crti.o /usr/lib/gcc/x86_64-linux-gnu/9/crtbeginS.o -L/usr/lib/gcc/x86_64-linux-gnu/9 -L/usr/lib/gcc/x86_64-linux-gnu/9/../../../x86_64-linux-gnu -L/usr/lib/gcc/x86_64-linux-gnu/9/../../../../lib -L/lib/x86_64-linux-gnu -L/lib/../lib -L/usr/lib/x86_64-linux-gnu -L/usr/lib/../lib -L/usr/lib/gcc/x86_64-linux-gnu/9/../../.. CMakeFiles/cmTC_4b7a0.dir/CMakeCXXCompilerABI.cpp.o -lstdc++ -lm -lgcc_s -lgcc -lc -lgcc_s -lgcc /usr/lib/gcc/x86_64-linux-gnu/9/crtendS.o /usr/lib/gcc/x86_64-linux-gnu/9/../../../x86_64-linux-gnu/crtn.o
COLLECT_GCC_OPTIONS='-v' '-o' 'cmTC_4b7a0' '-shared-libgcc' '-mtune=generic' '-march=x86-64'



Parsed CXX implicit include dir info from above output: rv=done
  found start of include info
  found start of implicit include info
    add: [/usr/include/c++/9]
    add: [/usr/include/x86_64-linux-gnu/c++/9]
    add: [/usr/include/c++/9/backward]
    add: [/usr/lib/gcc/x86_64-linux-gnu/9/include]
    add: [/usr/local/include]
    add: [/usr/include/x86_64-linux-gnu]
    add: [/usr/include]
  end of search list found
  collapse include dir [/usr/include/c++/9] ==> [/usr/include/c++/9]
  collapse include dir [/usr/include/x86_64-linux-gnu/c++/9] ==> [/usr/include/x86_64-linux-gnu/c++/9]
  collapse include dir [/usr/include/c++/9/backward] ==> [/usr/include/c++/9/backward]
  collapse include dir [/usr/lib/gcc/x86_64-linux-gnu/9/include] ==> [/usr/lib/gcc/x86_64-linux-gnu/9/include]
  collapse include dir [/usr/local/include] ==> [/usr/local/include]
  collapse include dir [/usr/include/x86_64-linux-gnu] ==> [/usr/include/x86_64-linux-gnu]
  collapse include dir [/usr/include] ==> [/usr/include]
  implicit include dirs: [/usr/include/c++/9;/usr/include/x86_64-linux-gnu/c++/9;/usr/include/c++/9/backward;/usr/lib/gcc/x86_64-linux-gnu/9/include;/usr/local/include;/usr/include/x86_64-linux-gnu;/usr/include]


Parsed CXX implicit link information from above output:
  link line regex: [^( *|.*[/\])(ld|CMAKE_LINK_STARTFILE-NOTFOUND|([^/\]+-)?ld|collect2)[^/\]*( |$)]
  ignore line: [Change Dir: /home/luca/learnhardcode/cpp/emception/build/llvm-native/CMakeFiles/CMakeTmp]
  ignore line: []
  ignore line: [Run Build Command(s):/usr/bin/ninja cmTC_4b7a0 && [1/2] Building CXX object CMakeFiles/cmTC_4b7a0.dir/CMakeCXXCompilerABI.cpp.o]
  ignore line: [Using built-in specs.]
  ignore line: [COLLECT_GCC=/usr/bin/c++]
  ignore line: [OFFLOAD_TARGET_NAMES=nvptx-none:hsa]
  ignore line: [OFFLOAD_TARGET_DEFAULT=1]
  ignore line: [Target: x86_64-linux-gnu]
  ignore line: [Configured with: ../src/configure -v --with-pkgversion='Ubuntu 9.4.0-1ubuntu1~20.04.1' --with-bugurl=file:///usr/share/doc/gcc-9/README.Bugs --enable-languages=c ada c++ go brig d fortran objc obj-c++ gm2 --prefix=/usr --with-gcc-major-version-only --program-suffix=-9 --program-prefix=x86_64-linux-gnu- --enable-shared --enable-linker-build-id --libexecdir=/usr/lib --without-included-gettext --enable-threads=posix --libdir=/usr/lib --enable-nls --enable-clocale=gnu --enable-libstdcxx-debug --enable-libstdcxx-time=yes --with-default-libstdcxx-abi=new --enable-gnu-unique-object --disable-vtable-verify --enable-plugin --enable-default-pie --with-system-zlib --with-target-system-zlib=auto --enable-objc-gc=auto --enable-multiarch --disable-werror --with-arch-32=i686 --with-abi=m64 --with-multilib-list=m32 m64 mx32 --enable-multilib --with-tune=generic --enable-offload-targets=nvptx-none=/build/gcc-9-Av3uEd/gcc-9-9.4.0/debian/tmp-nvptx/usr hsa --without-cuda-driver --enable-checking=release --build=x86_64-linux-gnu --host=x86_64-linux-gnu --target=x86_64-linux-gnu]
  ignore line: [Thread model: posix]
  ignore line: [gcc version 9.4.0 (Ubuntu 9.4.0-1ubuntu1~20.04.1) ]
  ignore line: [COLLECT_GCC_OPTIONS='-v' '-o' 'CMakeFiles/cmTC_4b7a0.dir/CMakeCXXCompilerABI.cpp.o' '-c' '-shared-libgcc' '-mtune=generic' '-march=x86-64']
  ignore line: [ /usr/lib/gcc/x86_64-linux-gnu/9/cc1plus -quiet -v -imultiarch x86_64-linux-gnu -D_GNU_SOURCE /usr/share/cmake-3.16/Modules/CMakeCXXCompilerABI.cpp -quiet -dumpbase CMakeCXXCompilerABI.cpp -mtune=generic -march=x86-64 -auxbase-strip CMakeFiles/cmTC_4b7a0.dir/CMakeCXXCompilerABI.cpp.o -version -fasynchronous-unwind-tables -fstack-protector-strong -Wformat -Wformat-security -fstack-clash-protection -fcf-protection -o /tmp/ccURnauo.s]
  ignore line: [GNU C++14 (Ubuntu 9.4.0-1ubuntu1~20.04.1) version 9.4.0 (x86_64-linux-gnu)]
  ignore line: [	compiled by GNU C version 9.4.0  GMP version 6.2.0  MPFR version 4.0.2  MPC version 1.1.0  isl version isl-0.22.1-GMP]
  ignore line: []
  ignore line: [GGC heuristics: --param ggc-min-expand=100 --param ggc-min-heapsize=131072]
  ignore line: [ignoring duplicate directory "/usr/include/x86_64-linux-gnu/c++/9"]
  ignore line: [ignoring nonexistent directory "/usr/local/include/x86_64-linux-gnu"]
  ignore line: [ignoring nonexistent directory "/usr/lib/gcc/x86_64-linux-gnu/9/include-fixed"]
  ignore line: [ignoring nonexistent directory "/usr/lib/gcc/x86_64-linux-gnu/9/../../../../x86_64-linux-gnu/include"]
  ignore line: [#include "..." search starts here:]
  ignore line: [#include <...> search starts here:]
  ignore line: [ /usr/include/c++/9]
  ignore line: [ /usr/include/x86_64-linux-gnu/c++/9]
  ignore line: [ /usr/include/c++/9/backward]
  ignore line: [ /usr/lib/gcc/x86_64-linux-gnu/9/include]
  ignore line: [ /usr/local/include]
  ignore line: [ /usr/include/x86_64-linux-gnu]
  ignore line: [ /usr/include]
  ignore line: [End of search list.]
  ignore line: [GNU C++14 (Ubuntu 9.4.0-1ubuntu1~20.04.1) version 9.4.0 (x86_64-linux-gnu)]
  ignore line: [	compiled by GNU C version 9.4.0  GMP version 6.2.0  MPFR version 4.0.2  MPC version 1.1.0  isl version isl-0.22.1-GMP]
  ignore line: []
  ignore line: [GGC heuristics: --param ggc-min-expand=100 --param ggc-min-heapsize=131072]
  ignore line: [Compiler executable checksum: 65fe925b83d3956b533de4aaba7dace0]
  ignore line: [COLLECT_GCC_OPTIONS='-v' '-o' 'CMakeFiles/cmTC_4b7a0.dir/CMakeCXXCompilerABI.cpp.o' '-c' '-shared-libgcc' '-mtune=generic' '-march=x86-64']
  ignore line: [ as -v --64 -o CMakeFiles/cmTC_4b7a0.dir/CMakeCXXCompilerABI.cpp.o /tmp/ccURnauo.s]
  ignore line: [GNU assembler version 2.34 (x86_64-linux-gnu) using BFD version (GNU Binutils for Ubuntu) 2.34]
  ignore line: [COMPILER_PATH=/usr/lib/gcc/x86_64-linux-gnu/9/:/usr/lib/gcc/x86_64-linux-gnu/9/:/usr/lib/gcc/x86_64-linux-gnu/:/usr/lib/gcc/x86_64-linux-gnu/9/:/usr/lib/gcc/x86_64-linux-gnu/]
  ignore line: [LIBRARY_PATH=/usr/lib/gcc/x86_64-linux-gnu/9/:/usr/lib/gcc/x86_64-linux-gnu/9/../../../x86_64-linux-gnu/:/usr/lib/gcc/x86_64-linux-gnu/9/../../../../lib/:/lib/x86_64-linux-gnu/:/lib/../lib/:/usr/lib/x86_64-linux-gnu/:/usr/lib/../lib/:/usr/lib/gcc/x86_64-linux-gnu/9/../../../:/lib/:/usr/lib/]
  ignore line: [COLLECT_GCC_OPTIONS='-v' '-o' 'CMakeFiles/cmTC_4b7a0.dir/CMakeCXXCompilerABI.cpp.o' '-c' '-shared-libgcc' '-mtune=generic' '-march=x86-64']
  ignore line: [[2/2] Linking CXX executable cmTC_4b7a0]
  ignore line: [Using built-in specs.]
  ignore line: [COLLECT_GCC=/usr/bin/c++]
  ignore line: [COLLECT_LTO_WRAPPER=/usr/lib/gcc/x86_64-linux-gnu/9/lto-wrapper]
  ignore line: [OFFLOAD_TARGET_NAMES=nvptx-none:hsa]
  ignore line: [OFFLOAD_TARGET_DEFAULT=1]
  ignore line: [Target: x86_64-linux-gnu]
  ignore line: [Configured with: ../src/configure -v --with-pkgversion='Ubuntu 9.4.0-1ubuntu1~20.04.1' --with-bugurl=file:///usr/share/doc/gcc-9/README.Bugs --enable-languages=c ada c++ go brig d fortran objc obj-c++ gm2 --prefix=/usr --with-gcc-major-version-only --program-suffix=-9 --program-prefix=x86_64-linux-gnu- --enable-shared --enable-linker-build-id --libexecdir=/usr/lib --without-included-gettext --enable-threads=posix --libdir=/usr/lib --enable-nls --enable-clocale=gnu --enable-libstdcxx-debug --enable-libstdcxx-time=yes --with-default-libstdcxx-abi=new --enable-gnu-unique-object --disable-vtable-verify --enable-plugin --enable-default-pie --with-system-zlib --with-target-system-zlib=auto --enable-objc-gc=auto --enable-multiarch --disable-werror --with-arch-32=i686 --with-abi=m64 --with-multilib-list=m32 m64 mx32 --enable-multilib --with-tune=generic --enable-offload-targets=nvptx-none=/build/gcc-9-Av3uEd/gcc-9-9.4.0/debian/tmp-nvptx/usr hsa --without-cuda-driver --enable-checking=release --build=x86_64-linux-gnu --host=x86_64-linux-gnu --target=x86_64-linux-gnu]
  ignore line: [Thread model: posix]
  ignore line: [gcc version 9.4.0 (Ubuntu 9.4.0-1ubuntu1~20.04.1) ]
  ignore line: [COMPILER_PATH=/usr/lib/gcc/x86_64-linux-gnu/9/:/usr/lib/gcc/x86_64-linux-gnu/9/:/usr/lib/gcc/x86_64-linux-gnu/:/usr/lib/gcc/x86_64-linux-gnu/9/:/usr/lib/gcc/x86_64-linux-gnu/]
  ignore line: [LIBRARY_PATH=/usr/lib/gcc/x86_64-linux-gnu/9/:/usr/lib/gcc/x86_64-linux-gnu/9/../../../x86_64-linux-gnu/:/usr/lib/gcc/x86_64-linux-gnu/9/../../../../lib/:/lib/x86_64-linux-gnu/:/lib/../lib/:/usr/lib/x86_64-linux-gnu/:/usr/lib/../lib/:/usr/lib/gcc/x86_64-linux-gnu/9/../../../:/lib/:/usr/lib/]
  ignore line: [COLLECT_GCC_OPTIONS='-v' '-o' 'cmTC_4b7a0' '-shared-libgcc' '-mtune=generic' '-march=x86-64']
  link line: [ /usr/lib/gcc/x86_64-linux-gnu/9/collect2 -plugin /usr/lib/gcc/x86_64-linux-gnu/9/liblto_plugin.so -plugin-opt=/usr/lib/gcc/x86_64-linux-gnu/9/lto-wrapper -plugin-opt=-fresolution=/tmp/ccrzH37F.res -plugin-opt=-pass-through=-lgcc_s -plugin-opt=-pass-through=-lgcc -plugin-opt=-pass-through=-lc -plugin-opt=-pass-through=-lgcc_s -plugin-opt=-pass-through=-lgcc --build-id --eh-frame-hdr -m elf_x86_64 --hash-style=gnu --as-needed -dynamic-linker /lib64/ld-linux-x86-64.so.2 -pie -z now -z relro -o cmTC_4b7a0 /usr/lib/gcc/x86_64-linux-gnu/9/../../../x86_64-linux-gnu/Scrt1.o /usr/lib/gcc/x86_64-linux-gnu/9/../../../x86_64-linux-gnu/crti.o /usr/lib/gcc/x86_64-linux-gnu/9/crtbeginS.o -L/usr/lib/gcc/x86_64-linux-gnu/9 -L/usr/lib/gcc/x86_64-linux-gnu/9/../../../x86_64-linux-gnu -L/usr/lib/gcc/x86_64-linux-gnu/9/../../../../lib -L/lib/x86_64-linux-gnu -L/lib/../lib -L/usr/lib/x86_64-linux-gnu -L/usr/lib/../lib -L/usr/lib/gcc/x86_64-linux-gnu/9/../../.. CMakeFiles/cmTC_4b7a0.dir/CMakeCXXCompilerABI.cpp.o -lstdc++ -lm -lgcc_s -lgcc -lc -lgcc_s -lgcc /usr/lib/gcc/x86_64-linux-gnu/9/crtendS.o /usr/lib/gcc/x86_64-linux-gnu/9/../../../x86_64-linux-gnu/crtn.o]
    arg [/usr/lib/gcc/x86_64-linux-gnu/9/collect2] ==> ignore
    arg [-plugin] ==> ignore
    arg [/usr/lib/gcc/x86_64-linux-gnu/9/liblto_plugin.so] ==> ignore
    arg [-plugin-opt=/usr/lib/gcc/x86_64-linux-gnu/9/lto-wrapper] ==> ignore
    arg [-plugin-opt=-fresolution=/tmp/ccrzH37F.res] ==> ignore
    arg [-plugin-opt=-pass-through=-lgcc_s] ==> ignore
    arg [-plugin-opt=-pass-through=-lgcc] ==> ignore
    arg [-plugin-opt=-pass-through=-lc] ==> ignore
    arg [-plugin-opt=-pass-through=-lgcc_s] ==> ignore
    arg [-plugin-opt=-pass-through=-lgcc] ==> ignore
    arg [--build-id] ==> ignore
    arg [--eh-frame-hdr] ==> ignore
    arg [-m] ==> ignore
    arg [elf_x86_64] ==> ignore
    arg [--hash-style=gnu] ==> ignore
    arg [--as-needed] ==> ignore
    arg [-dynamic-linker] ==> ignore
    arg [/lib64/ld-linux-x86-64.so.2] ==> ignore
    arg [-pie] ==> ignore
    arg [-znow] ==> ignore
    arg [-zrelro] ==> ignore
    arg [-o] ==> ignore
    arg [cmTC_4b7a0] ==> ignore
    arg [/usr/lib/gcc/x86_64-linux-gnu/9/../../../x86_64-linux-gnu/Scrt1.o] ==> ignore
    arg [/usr/lib/gcc/x86_64-linux-gnu/9/../../../x86_64-linux-gnu/crti.o] ==> ignore
    arg [/usr/lib/gcc/x86_64-linux-gnu/9/crtbeginS.o] ==> ignore
    arg [-L/usr/lib/gcc/x86_64-linux-gnu/9] ==> dir [/usr/lib/gcc/x86_64-linux-gnu/9]
    arg [-L/usr/lib/gcc/x86_64-linux-gnu/9/../../../x86_64-linux-gnu] ==> dir [/usr/lib/gcc/x86_64-linux-gnu/9/../../../x86_64-linux-gnu]
    arg [-L/usr/lib/gcc/x86_64-linux-gnu/9/../../../../lib] ==> dir [/usr/lib/gcc/x86_64-linux-gnu/9/../../../../lib]
    arg [-L/lib/x86_64-linux-gnu] ==> dir [/lib/x86_64-linux-gnu]
    arg [-L/lib/../lib] ==> dir [/lib/../lib]
    arg [-L/usr/lib/x86_64-linux-gnu] ==> dir [/usr/lib/x86_64-linux-gnu]
    arg [-L/usr/lib/../lib] ==> dir [/usr/lib/../lib]
    arg [-L/usr/lib/gcc/x86_64-linux-gnu/9/../../..] ==> dir [/usr/lib/gcc/x86_64-linux-gnu/9/../../..]
    arg [CMakeFiles/cmTC_4b7a0.dir/CMakeCXXCompilerABI.cpp.o] ==> ignore
    arg [-lstdc++] ==> lib [stdc++]
    arg [-lm] ==> lib [m]
    arg [-lgcc_s] ==> lib [gcc_s]
    arg [-lgcc] ==> lib [gcc]
    arg [-lc] ==> lib [c]
    arg [-lgcc_s] ==> lib [gcc_s]
    arg [-lgcc] ==> lib [gcc]
    arg [/usr/lib/gcc/x86_64-linux-gnu/9/crtendS.o] ==> ignore
    arg [/usr/lib/gcc/x86_64-linux-gnu/9/../../../x86_64-linux-gnu/crtn.o] ==> ignore
  collapse library dir [/usr/lib/gcc/x86_64-linux-gnu/9] ==> [/usr/lib/gcc/x86_64-linux-gnu/9]
  collapse library dir [/usr/lib/gcc/x86_64-linux-gnu/9/../../../x86_64-linux-gnu] ==> [/usr/lib/x86_64-linux-gnu]
  collapse library dir [/usr/lib/gcc/x86_64-linux-gnu/9/../../../../lib] ==> [/usr/lib]
  collapse library dir [/lib/x86_64-linux-gnu] ==> [/lib/x86_64-linux-gnu]
  collapse library dir [/lib/../lib] ==> [/lib]
  collapse library dir [/usr/lib/x86_64-linux-gnu] ==> [/usr/lib/x86_64-linux-gnu]
  collapse library dir [/usr/lib/../lib] ==> [/usr/lib]
  collapse library dir [/usr/lib/gcc/x86_64-linux-gnu/9/../../..] ==> [/usr/lib]
  implicit libs: [stdc++;m;gcc_s;gcc;c;gcc_s;gcc]
  implicit dirs: [/usr/lib/gcc/x86_64-linux-gnu/9;/usr/lib/x86_64-linux-gnu;/usr/lib;/lib/x86_64-linux-gnu;/lib]
  implicit fwks: []


Determining if the include file dlfcn.h exists passed with the following output:
Change Dir: /home/luca/learnhardcode/cpp/emception/build/llvm-native/CMakeFiles/CMakeTmp

Run Build Command(s):/usr/bin/ninja cmTC_138f7 && [1/2] Building C object CMakeFiles/cmTC_138f7.dir/CheckIncludeFile.c.o
[2/2] Linking C executable cmTC_138f7



Determining if the include file errno.h exists passed with the following output:
Change Dir: /home/luca/learnhardcode/cpp/emception/build/llvm-native/CMakeFiles/CMakeTmp

Run Build Command(s):/usr/bin/ninja cmTC_583e3 && [1/2] Building C object CMakeFiles/cmTC_583e3.dir/CheckIncludeFile.c.o
[2/2] Linking C executable cmTC_583e3



Determining if the include file fcntl.h exists passed with the following output:
Change Dir: /home/luca/learnhardcode/cpp/emception/build/llvm-native/CMakeFiles/CMakeTmp

Run Build Command(s):/usr/bin/ninja cmTC_22c20 && [1/2] Building C object CMakeFiles/cmTC_22c20.dir/CheckIncludeFile.c.o
[2/2] Linking C executable cmTC_22c20



Determining if the include file link.h exists passed with the following output:
Change Dir: /home/luca/learnhardcode/cpp/emception/build/llvm-native/CMakeFiles/CMakeTmp

Run Build Command(s):/usr/bin/ninja cmTC_d6fe3 && [1/2] Building C object CMakeFiles/cmTC_d6fe3.dir/CheckIncludeFile.c.o
[2/2] Linking C executable cmTC_d6fe3



Determining if the include file pthread.h exists passed with the following output:
Change Dir: /home/luca/learnhardcode/cpp/emception/build/llvm-native/CMakeFiles/CMakeTmp

Run Build Command(s):/usr/bin/ninja cmTC_45789 && [1/2] Building C object CMakeFiles/cmTC_45789.dir/CheckIncludeFile.c.o
[2/2] Linking C executable cmTC_45789



Determining if the include file signal.h exists passed with the following output:
Change Dir: /home/luca/learnhardcode/cpp/emception/build/llvm-native/CMakeFiles/CMakeTmp

Run Build Command(s):/usr/bin/ninja cmTC_96408 && [1/2] Building C object CMakeFiles/cmTC_96408.dir/CheckIncludeFile.c.o
[2/2] Linking C executable cmTC_96408



Determining if the include file sys/ioctl.h exists passed with the following output:
Change Dir: /home/luca/learnhardcode/cpp/emception/build/llvm-native/CMakeFiles/CMakeTmp

Run Build Command(s):/usr/bin/ninja cmTC_4690a && [1/2] Building C object CMakeFiles/cmTC_4690a.dir/CheckIncludeFile.c.o
[2/2] Linking C executable cmTC_4690a



Determining if the include file sys/mman.h exists passed with the following output:
Change Dir: /home/luca/learnhardcode/cpp/emception/build/llvm-native/CMakeFiles/CMakeTmp

Run Build Command(s):/usr/bin/ninja cmTC_90745 && [1/2] Building C object CMakeFiles/cmTC_90745.dir/CheckIncludeFile.c.o
[2/2] Linking C executable cmTC_90745



Determining if the include file sys/param.h exists passed with the following output:
Change Dir: /home/luca/learnhardcode/cpp/emception/build/llvm-native/CMakeFiles/CMakeTmp

Run Build Command(s):/usr/bin/ninja cmTC_8c551 && [1/2] Building C object CMakeFiles/cmTC_8c551.dir/CheckIncludeFile.c.o
[2/2] Linking C executable cmTC_8c551



Determining if the include file sys/resource.h exists passed with the following output:
Change Dir: /home/luca/learnhardcode/cpp/emception/build/llvm-native/CMakeFiles/CMakeTmp

Run Build Command(s):/usr/bin/ninja cmTC_61157 && [1/2] Building C object CMakeFiles/cmTC_61157.dir/CheckIncludeFile.c.o
[2/2] Linking C executable cmTC_61157



Determining if the include file sys/stat.h exists passed with the following output:
Change Dir: /home/luca/learnhardcode/cpp/emception/build/llvm-native/CMakeFiles/CMakeTmp

Run Build Command(s):/usr/bin/ninja cmTC_37dfd && [1/2] Building C object CMakeFiles/cmTC_37dfd.dir/CheckIncludeFile.c.o
[2/2] Linking C executable cmTC_37dfd



Determining if the include file sys/time.h exists passed with the following output:
Change Dir: /home/luca/learnhardcode/cpp/emception/build/llvm-native/CMakeFiles/CMakeTmp

Run Build Command(s):/usr/bin/ninja cmTC_db7a5 && [1/2] Building C object CMakeFiles/cmTC_db7a5.dir/CheckIncludeFile.c.o
[2/2] Linking C executable cmTC_db7a5



Determining if the include file sys/types.h exists passed with the following output:
Change Dir: /home/luca/learnhardcode/cpp/emception/build/llvm-native/CMakeFiles/CMakeTmp

Run Build Command(s):/usr/bin/ninja cmTC_16bd3 && [1/2] Building C object CMakeFiles/cmTC_16bd3.dir/CheckIncludeFile.c.o
[2/2] Linking C executable cmTC_16bd3



Determining if the include file sysexits.h exists passed with the following output:
Change Dir: /home/luca/learnhardcode/cpp/emception/build/llvm-native/CMakeFiles/CMakeTmp

Run Build Command(s):/usr/bin/ninja cmTC_cddbf && [1/2] Building C object CMakeFiles/cmTC_cddbf.dir/CheckIncludeFile.c.o
[2/2] Linking C executable cmTC_cddbf



Determining if the include file termios.h exists passed with the following output:
Change Dir: /home/luca/learnhardcode/cpp/emception/build/llvm-native/CMakeFiles/CMakeTmp

Run Build Command(s):/usr/bin/ninja cmTC_e665c && [1/2] Building C object CMakeFiles/cmTC_e665c.dir/CheckIncludeFile.c.o
[2/2] Linking C executable cmTC_e665c



Determining if the include file unistd.h exists passed with the following output:
Change Dir: /home/luca/learnhardcode/cpp/emception/build/llvm-native/CMakeFiles/CMakeTmp

Run Build Command(s):/usr/bin/ninja cmTC_c4a7c && [1/2] Building C object CMakeFiles/cmTC_c4a7c.dir/CheckIncludeFile.c.o
[2/2] Linking C executable cmTC_c4a7c



Determining if the include file fenv.h exists passed with the following output:
Change Dir: /home/luca/learnhardcode/cpp/emception/build/llvm-native/CMakeFiles/CMakeTmp

Run Build Command(s):/usr/bin/ninja cmTC_c5b61 && [1/2] Building C object CMakeFiles/cmTC_c5b61.dir/CheckIncludeFile.c.o
[2/2] Linking C executable cmTC_c5b61



Determining if the FE_ALL_EXCEPT exist passed with the following output:
Change Dir: /home/luca/learnhardcode/cpp/emception/build/llvm-native/CMakeFiles/CMakeTmp

Run Build Command(s):/usr/bin/ninja cmTC_96d82 && [1/2] Building C object CMakeFiles/cmTC_96d82.dir/CheckSymbolExists.c.o
[2/2] Linking C executable cmTC_96d82


File /home/luca/learnhardcode/cpp/emception/build/llvm-native/CMakeFiles/CMakeTmp/CheckSymbolExists.c:
/* */
#include <fenv.h>

int main(int argc, char** argv)
{
  (void)argv;
#ifndef FE_ALL_EXCEPT
  return ((int*)(&FE_ALL_EXCEPT))[argc];
#else
  (void)argc;
  return 0;
#endif
}
Determining if the FE_INEXACT exist passed with the following output:
Change Dir: /home/luca/learnhardcode/cpp/emception/build/llvm-native/CMakeFiles/CMakeTmp

Run Build Command(s):/usr/bin/ninja cmTC_5335f && [1/2] Building C object CMakeFiles/cmTC_5335f.dir/CheckSymbolExists.c.o
[2/2] Linking C executable cmTC_5335f


File /home/luca/learnhardcode/cpp/emception/build/llvm-native/CMakeFiles/CMakeTmp/CheckSymbolExists.c:
/* */
#include <fenv.h>

int main(int argc, char** argv)
{
  (void)argv;
#ifndef FE_INEXACT
  return ((int*)(&FE_INEXACT))[argc];
#else
  (void)argc;
  return 0;
#endif
}
Determining if the include file linux/magic.h exists passed with the following output:
Change Dir: /home/luca/learnhardcode/cpp/emception/build/llvm-native/CMakeFiles/CMakeTmp

Run Build Command(s):/usr/bin/ninja cmTC_084fc && [1/2] Building C object CMakeFiles/cmTC_084fc.dir/CheckIncludeFile.c.o
[2/2] Linking C executable cmTC_084fc



Determining if the function pthread_create exists in the pthread passed with the following output:
Change Dir: /home/luca/learnhardcode/cpp/emception/build/llvm-native/CMakeFiles/CMakeTmp

Run Build Command(s):/usr/bin/ninja cmTC_d6e28 && [1/2] Building C object CMakeFiles/cmTC_d6e28.dir/CheckFunctionExists.c.o
[2/2] Linking C executable cmTC_d6e28



Determining if the function pthread_rwlock_init exists in the pthread passed with the following output:
Change Dir: /home/luca/learnhardcode/cpp/emception/build/llvm-native/CMakeFiles/CMakeTmp

Run Build Command(s):/usr/bin/ninja cmTC_4a268 && [1/2] Building C object CMakeFiles/cmTC_4a268.dir/CheckFunctionExists.c.o
[2/2] Linking C executable cmTC_4a268



Determining if the function pthread_mutex_lock exists in the pthread passed with the following output:
Change Dir: /home/luca/learnhardcode/cpp/emception/build/llvm-native/CMakeFiles/CMakeTmp

Run Build Command(s):/usr/bin/ninja cmTC_94f33 && [1/2] Building C object CMakeFiles/cmTC_94f33.dir/CheckFunctionExists.c.o
[2/2] Linking C executable cmTC_94f33



Determining if the function dlopen exists in the dl passed with the following output:
Change Dir: /home/luca/learnhardcode/cpp/emception/build/llvm-native/CMakeFiles/CMakeTmp

Run Build Command(s):/usr/bin/ninja cmTC_0a7c4 && [1/2] Building C object CMakeFiles/cmTC_0a7c4.dir/CheckFunctionExists.c.o
[2/2] Linking C executable cmTC_0a7c4



Determining if the function clock_gettime exists in the rt passed with the following output:
Change Dir: /home/luca/learnhardcode/cpp/emception/build/llvm-native/CMakeFiles/CMakeTmp

Run Build Command(s):/usr/bin/ninja cmTC_ef9d1 && [1/2] Building C object CMakeFiles/cmTC_ef9d1.dir/CheckFunctionExists.c.o
[2/2] Linking C executable cmTC_ef9d1



Determining if the include file pthread.h exists passed with the following output:
Change Dir: /home/luca/learnhardcode/cpp/emception/build/llvm-native/CMakeFiles/CMakeTmp

Run Build Command(s):/usr/bin/ninja cmTC_f2402 && [1/2] Building C object CMakeFiles/cmTC_f2402.dir/CheckIncludeFile.c.o
[2/2] Linking C executable cmTC_f2402



Determining if the function pthread_create exists in the pthread passed with the following output:
Change Dir: /home/luca/learnhardcode/cpp/emception/build/llvm-native/CMakeFiles/CMakeTmp

Run Build Command(s):/usr/bin/ninja cmTC_b5f7f && [1/2] Building C object CMakeFiles/cmTC_b5f7f.dir/CheckFunctionExists.c.o
[2/2] Linking C executable cmTC_b5f7f



Determining if the compress2 exist passed with the following output:
Change Dir: /home/luca/learnhardcode/cpp/emception/build/llvm-native/CMakeFiles/CMakeTmp

Run Build Command(s):/usr/bin/ninja cmTC_1e459 && [1/2] Building C object CMakeFiles/cmTC_1e459.dir/CheckSymbolExists.c.o
[2/2] Linking C executable cmTC_1e459


File /home/luca/learnhardcode/cpp/emception/build/llvm-native/CMakeFiles/CMakeTmp/CheckSymbolExists.c:
/* */
#include <zlib.h>

int main(int argc, char** argv)
{
  (void)argv;
#ifndef compress2
  return ((int*)(&compress2))[argc];
#else
  (void)argc;
  return 0;
#endif
}
Determining if the backtrace exist passed with the following output:
Change Dir: /home/luca/learnhardcode/cpp/emception/build/llvm-native/CMakeFiles/CMakeTmp

Run Build Command(s):/usr/bin/ninja cmTC_95e9b && [1/2] Building C object CMakeFiles/cmTC_95e9b.dir/CheckSymbolExists.c.o
[2/2] Linking C executable cmTC_95e9b


File /home/luca/learnhardcode/cpp/emception/build/llvm-native/CMakeFiles/CMakeTmp/CheckSymbolExists.c:
/* */
#include <execinfo.h>

int main(int argc, char** argv)
{
  (void)argv;
#ifndef backtrace
  return ((int*)(&backtrace))[argc];
#else
  (void)argc;
  return 0;
#endif
}
Determining if the __register_frame exist passed with the following output:
Change Dir: /home/luca/learnhardcode/cpp/emception/build/llvm-native/CMakeFiles/CMakeTmp

Run Build Command(s):/usr/bin/ninja cmTC_6239b && [1/2] Building C object CMakeFiles/cmTC_6239b.dir/CheckSymbolExists.c.o
[2/2] Linking C executable cmTC_6239b


File /home/luca/learnhardcode/cpp/emception/build/llvm-native/CMakeFiles/CMakeTmp/CheckSymbolExists.c:
/* */
#include </home/luca/learnhardcode/cpp/emception/upstream/llvm-project/llvm/cmake/unwind.h>

int main(int argc, char** argv)
{
  (void)argv;
#ifndef __register_frame
  return ((int*)(&__register_frame))[argc];
#else
  (void)argc;
  return 0;
#endif
}
Determining if the __deregister_frame exist passed with the following output:
Change Dir: /home/luca/learnhardcode/cpp/emception/build/llvm-native/CMakeFiles/CMakeTmp

Run Build Command(s):/usr/bin/ninja cmTC_9e0b9 && [1/2] Building C object CMakeFiles/cmTC_9e0b9.dir/CheckSymbolExists.c.o
[2/2] Linking C executable cmTC_9e0b9


File /home/luca/learnhardcode/cpp/emception/build/llvm-native/CMakeFiles/CMakeTmp/CheckSymbolExists.c:
/* */
#include </home/luca/learnhardcode/cpp/emception/upstream/llvm-project/llvm/cmake/unwind.h>

int main(int argc, char** argv)
{
  (void)argv;
#ifndef __deregister_frame
  return ((int*)(&__deregister_frame))[argc];
#else
  (void)argc;
  return 0;
#endif
}
Determining if the _Unwind_Backtrace exist passed with the following output:
Change Dir: /home/luca/learnhardcode/cpp/emception/build/llvm-native/CMakeFiles/CMakeTmp

Run Build Command(s):/usr/bin/ninja cmTC_ab878 && [1/2] Building C object CMakeFiles/cmTC_ab878.dir/CheckSymbolExists.c.o
[2/2] Linking C executable cmTC_ab878


File /home/luca/learnhardcode/cpp/emception/build/llvm-native/CMakeFiles/CMakeTmp/CheckSymbolExists.c:
/* */
#include <unwind.h>

int main(int argc, char** argv)
{
  (void)argv;
#ifndef _Unwind_Backtrace
  return ((int*)(&_Unwind_Backtrace))[argc];
#else
  (void)argc;
  return 0;
#endif
}
Determining if the getpagesize exist passed with the following output:
Change Dir: /home/luca/learnhardcode/cpp/emception/build/llvm-native/CMakeFiles/CMakeTmp

Run Build Command(s):/usr/bin/ninja cmTC_84cba && [1/2] Building C object CMakeFiles/cmTC_84cba.dir/CheckSymbolExists.c.o
[2/2] Linking C executable cmTC_84cba


File /home/luca/learnhardcode/cpp/emception/build/llvm-native/CMakeFiles/CMakeTmp/CheckSymbolExists.c:
/* */
#include <unistd.h>

int main(int argc, char** argv)
{
  (void)argv;
#ifndef getpagesize
  return ((int*)(&getpagesize))[argc];
#else
  (void)argc;
  return 0;
#endif
}
Determining if the sysconf exist passed with the following output:
Change Dir: /home/luca/learnhardcode/cpp/emception/build/llvm-native/CMakeFiles/CMakeTmp

Run Build Command(s):/usr/bin/ninja cmTC_557f9 && [1/2] Building C object CMakeFiles/cmTC_557f9.dir/CheckSymbolExists.c.o
[2/2] Linking C executable cmTC_557f9


File /home/luca/learnhardcode/cpp/emception/build/llvm-native/CMakeFiles/CMakeTmp/CheckSymbolExists.c:
/* */
#include <unistd.h>

int main(int argc, char** argv)
{
  (void)argv;
#ifndef sysconf
  return ((int*)(&sysconf))[argc];
#else
  (void)argc;
  return 0;
#endif
}
Determining if the getrusage exist passed with the following output:
Change Dir: /home/luca/learnhardcode/cpp/emception/build/llvm-native/CMakeFiles/CMakeTmp

Run Build Command(s):/usr/bin/ninja cmTC_dcc71 && [1/2] Building C object CMakeFiles/cmTC_dcc71.dir/CheckSymbolExists.c.o
[2/2] Linking C executable cmTC_dcc71


File /home/luca/learnhardcode/cpp/emception/build/llvm-native/CMakeFiles/CMakeTmp/CheckSymbolExists.c:
/* */
#include <sys/resource.h>

int main(int argc, char** argv)
{
  (void)argv;
#ifndef getrusage
  return ((int*)(&getrusage))[argc];
#else
  (void)argc;
  return 0;
#endif
}
Determining if the setrlimit exist passed with the following output:
Change Dir: /home/luca/learnhardcode/cpp/emception/build/llvm-native/CMakeFiles/CMakeTmp

Run Build Command(s):/usr/bin/ninja cmTC_de308 && [1/2] Building C object CMakeFiles/cmTC_de308.dir/CheckSymbolExists.c.o
[2/2] Linking C executable cmTC_de308


File /home/luca/learnhardcode/cpp/emception/build/llvm-native/CMakeFiles/CMakeTmp/CheckSymbolExists.c:
/* */
#include <sys/resource.h>

int main(int argc, char** argv)
{
  (void)argv;
#ifndef setrlimit
  return ((int*)(&setrlimit))[argc];
#else
  (void)argc;
  return 0;
#endif
}
Determining if the isatty exist passed with the following output:
Change Dir: /home/luca/learnhardcode/cpp/emception/build/llvm-native/CMakeFiles/CMakeTmp

Run Build Command(s):/usr/bin/ninja cmTC_59c61 && [1/2] Building C object CMakeFiles/cmTC_59c61.dir/CheckSymbolExists.c.o
[2/2] Linking C executable cmTC_59c61


File /home/luca/learnhardcode/cpp/emception/build/llvm-native/CMakeFiles/CMakeTmp/CheckSymbolExists.c:
/* */
#include <unistd.h>

int main(int argc, char** argv)
{
  (void)argv;
#ifndef isatty
  return ((int*)(&isatty))[argc];
#else
  (void)argc;
  return 0;
#endif
}
Determining if the futimens exist passed with the following output:
Change Dir: /home/luca/learnhardcode/cpp/emception/build/llvm-native/CMakeFiles/CMakeTmp

Run Build Command(s):/usr/bin/ninja cmTC_b8d1c && [1/2] Building C object CMakeFiles/cmTC_b8d1c.dir/CheckSymbolExists.c.o
[2/2] Linking C executable cmTC_b8d1c


File /home/luca/learnhardcode/cpp/emception/build/llvm-native/CMakeFiles/CMakeTmp/CheckSymbolExists.c:
/* */
#include <sys/stat.h>

int main(int argc, char** argv)
{
  (void)argv;
#ifndef futimens
  return ((int*)(&futimens))[argc];
#else
  (void)argc;
  return 0;
#endif
}
Determining if the futimes exist passed with the following output:
Change Dir: /home/luca/learnhardcode/cpp/emception/build/llvm-native/CMakeFiles/CMakeTmp

Run Build Command(s):/usr/bin/ninja cmTC_0f22f && [1/2] Building C object CMakeFiles/cmTC_0f22f.dir/CheckSymbolExists.c.o
[2/2] Linking C executable cmTC_0f22f


File /home/luca/learnhardcode/cpp/emception/build/llvm-native/CMakeFiles/CMakeTmp/CheckSymbolExists.c:
/* */
#include <sys/time.h>

int main(int argc, char** argv)
{
  (void)argv;
#ifndef futimes
  return ((int*)(&futimes))[argc];
#else
  (void)argc;
  return 0;
#endif
}
Determining if the sigaltstack exist passed with the following output:
Change Dir: /home/luca/learnhardcode/cpp/emception/build/llvm-native/CMakeFiles/CMakeTmp

Run Build Command(s):/usr/bin/ninja cmTC_5cf3f && [1/2] Building C object CMakeFiles/cmTC_5cf3f.dir/CheckSymbolExists.c.o
[2/2] Linking C executable cmTC_5cf3f


File /home/luca/learnhardcode/cpp/emception/build/llvm-native/CMakeFiles/CMakeTmp/CheckSymbolExists.c:
/* */
#include <signal.h>

int main(int argc, char** argv)
{
  (void)argv;
#ifndef sigaltstack
  return ((int*)(&sigaltstack))[argc];
#else
  (void)argc;
  return 0;
#endif
}
Determining if the lseek64 exist passed with the following output:
Change Dir: /home/luca/learnhardcode/cpp/emception/build/llvm-native/CMakeFiles/CMakeTmp

Run Build Command(s):/usr/bin/ninja cmTC_0910a && [1/2] Building C object CMakeFiles/cmTC_0910a.dir/CheckSymbolExists.c.o
[2/2] Linking C executable cmTC_0910a


File /home/luca/learnhardcode/cpp/emception/build/llvm-native/CMakeFiles/CMakeTmp/CheckSymbolExists.c:
/* */
#include <sys/types.h>
#include <unistd.h>

int main(int argc, char** argv)
{
  (void)argv;
#ifndef lseek64
  return ((int*)(&lseek64))[argc];
#else
  (void)argc;
  return 0;
#endif
}
Determining if the mallinfo exist passed with the following output:
Change Dir: /home/luca/learnhardcode/cpp/emception/build/llvm-native/CMakeFiles/CMakeTmp

Run Build Command(s):/usr/bin/ninja cmTC_72946 && [1/2] Building C object CMakeFiles/cmTC_72946.dir/CheckSymbolExists.c.o
[2/2] Linking C executable cmTC_72946


File /home/luca/learnhardcode/cpp/emception/build/llvm-native/CMakeFiles/CMakeTmp/CheckSymbolExists.c:
/* */
#include <malloc.h>

int main(int argc, char** argv)
{
  (void)argv;
#ifndef mallinfo
  return ((int*)(&mallinfo))[argc];
#else
  (void)argc;
  return 0;
#endif
}
Determining if the getrlimit exist passed with the following output:
Change Dir: /home/luca/learnhardcode/cpp/emception/build/llvm-native/CMakeFiles/CMakeTmp

Run Build Command(s):/usr/bin/ninja cmTC_fa2ac && [1/2] Building C object CMakeFiles/cmTC_fa2ac.dir/CheckSymbolExists.c.o
[2/2] Linking C executable cmTC_fa2ac


File /home/luca/learnhardcode/cpp/emception/build/llvm-native/CMakeFiles/CMakeTmp/CheckSymbolExists.c:
/* */
#include <sys/types.h>
#include <sys/time.h>
#include <sys/resource.h>

int main(int argc, char** argv)
{
  (void)argv;
#ifndef getrlimit
  return ((int*)(&getrlimit))[argc];
#else
  (void)argc;
  return 0;
#endif
}
Determining if the posix_spawn exist passed with the following output:
Change Dir: /home/luca/learnhardcode/cpp/emception/build/llvm-native/CMakeFiles/CMakeTmp

Run Build Command(s):/usr/bin/ninja cmTC_1306e && [1/2] Building C object CMakeFiles/cmTC_1306e.dir/CheckSymbolExists.c.o
[2/2] Linking C executable cmTC_1306e


File /home/luca/learnhardcode/cpp/emception/build/llvm-native/CMakeFiles/CMakeTmp/CheckSymbolExists.c:
/* */
#include <spawn.h>

int main(int argc, char** argv)
{
  (void)argv;
#ifndef posix_spawn
  return ((int*)(&posix_spawn))[argc];
#else
  (void)argc;
  return 0;
#endif
}
Determining if the pread exist passed with the following output:
Change Dir: /home/luca/learnhardcode/cpp/emception/build/llvm-native/CMakeFiles/CMakeTmp

Run Build Command(s):/usr/bin/ninja cmTC_722c2 && [1/2] Building C object CMakeFiles/cmTC_722c2.dir/CheckSymbolExists.c.o
[2/2] Linking C executable cmTC_722c2


File /home/luca/learnhardcode/cpp/emception/build/llvm-native/CMakeFiles/CMakeTmp/CheckSymbolExists.c:
/* */
#include <unistd.h>

int main(int argc, char** argv)
{
  (void)argv;
#ifndef pread
  return ((int*)(&pread))[argc];
#else
  (void)argc;
  return 0;
#endif
}
Determining if the sbrk exist passed with the following output:
Change Dir: /home/luca/learnhardcode/cpp/emception/build/llvm-native/CMakeFiles/CMakeTmp

Run Build Command(s):/usr/bin/ninja cmTC_f4d03 && [1/2] Building C object CMakeFiles/cmTC_f4d03.dir/CheckSymbolExists.c.o
[2/2] Linking C executable cmTC_f4d03


File /home/luca/learnhardcode/cpp/emception/build/llvm-native/CMakeFiles/CMakeTmp/CheckSymbolExists.c:
/* */
#include <unistd.h>

int main(int argc, char** argv)
{
  (void)argv;
#ifndef sbrk
  return ((int*)(&sbrk))[argc];
#else
  (void)argc;
  return 0;
#endif
}
Determining if the strerror exist passed with the following output:
Change Dir: /home/luca/learnhardcode/cpp/emception/build/llvm-native/CMakeFiles/CMakeTmp

Run Build Command(s):/usr/bin/ninja cmTC_60c48 && [1/2] Building C object CMakeFiles/cmTC_60c48.dir/CheckSymbolExists.c.o
[2/2] Linking C executable cmTC_60c48


File /home/luca/learnhardcode/cpp/emception/build/llvm-native/CMakeFiles/CMakeTmp/CheckSymbolExists.c:
/* */
#include <string.h>

int main(int argc, char** argv)
{
  (void)argv;
#ifndef strerror
  return ((int*)(&strerror))[argc];
#else
  (void)argc;
  return 0;
#endif
}
Determining if the strerror_r exist passed with the following output:
Change Dir: /home/luca/learnhardcode/cpp/emception/build/llvm-native/CMakeFiles/CMakeTmp

Run Build Command(s):/usr/bin/ninja cmTC_d5ed4 && [1/2] Building C object CMakeFiles/cmTC_d5ed4.dir/CheckSymbolExists.c.o
[2/2] Linking C executable cmTC_d5ed4


File /home/luca/learnhardcode/cpp/emception/build/llvm-native/CMakeFiles/CMakeTmp/CheckSymbolExists.c:
/* */
#include <string.h>

int main(int argc, char** argv)
{
  (void)argv;
#ifndef strerror_r
  return ((int*)(&strerror_r))[argc];
#else
  (void)argc;
  return 0;
#endif
}
Determining if the setenv exist passed with the following output:
Change Dir: /home/luca/learnhardcode/cpp/emception/build/llvm-native/CMakeFiles/CMakeTmp

Run Build Command(s):/usr/bin/ninja cmTC_4eaf0 && [1/2] Building C object CMakeFiles/cmTC_4eaf0.dir/CheckSymbolExists.c.o
[2/2] Linking C executable cmTC_4eaf0


File /home/luca/learnhardcode/cpp/emception/build/llvm-native/CMakeFiles/CMakeTmp/CheckSymbolExists.c:
/* */
#include <stdlib.h>

int main(int argc, char** argv)
{
  (void)argv;
#ifndef setenv
  return ((int*)(&setenv))[argc];
#else
  (void)argc;
  return 0;
#endif
}
Determining if the dlopen exist passed with the following output:
Change Dir: /home/luca/learnhardcode/cpp/emception/build/llvm-native/CMakeFiles/CMakeTmp

Run Build Command(s):/usr/bin/ninja cmTC_35f6c && [1/2] Building C object CMakeFiles/cmTC_35f6c.dir/CheckSymbolExists.c.o
[2/2] Linking C executable cmTC_35f6c


File /home/luca/learnhardcode/cpp/emception/build/llvm-native/CMakeFiles/CMakeTmp/CheckSymbolExists.c:
/* */
#include <dlfcn.h>

int main(int argc, char** argv)
{
  (void)argv;
#ifndef dlopen
  return ((int*)(&dlopen))[argc];
#else
  (void)argc;
  return 0;
#endif
}
Performing C SOURCE FILE Test HAVE_STRUCT_STAT_ST_MTIM_TV_NSEC succeeded with the following output:
Change Dir: /home/luca/learnhardcode/cpp/emception/build/llvm-native/CMakeFiles/CMakeTmp

Run Build Command(s):/usr/bin/ninja cmTC_74870 && [1/2] Building C object CMakeFiles/cmTC_74870.dir/src.c.o
[2/2] Linking C executable cmTC_74870


Source file was:

#include <sys/types.h>
#include <sys/stat.h>

int main()
{
  (void)sizeof(((struct stat *)0)->st_mtim.tv_nsec);
  return 0;
}

Determining if the __GLIBC__ exist passed with the following output:
Change Dir: /home/luca/learnhardcode/cpp/emception/build/llvm-native/CMakeFiles/CMakeTmp

Run Build Command(s):/usr/bin/ninja cmTC_b3d48 && [1/2] Building C object CMakeFiles/cmTC_b3d48.dir/CheckSymbolExists.c.o
[2/2] Linking C executable cmTC_b3d48


File /home/luca/learnhardcode/cpp/emception/build/llvm-native/CMakeFiles/CMakeTmp/CheckSymbolExists.c:
/* */
#include <stdio.h>

int main(int argc, char** argv)
{
  (void)argv;
#ifndef __GLIBC__
  return ((int*)(&__GLIBC__))[argc];
#else
  (void)argc;
  return 0;
#endif
}
Determining if the pthread_getname_np exist passed with the following output:
Change Dir: /home/luca/learnhardcode/cpp/emception/build/llvm-native/CMakeFiles/CMakeTmp

Run Build Command(s):/usr/bin/ninja cmTC_0c451 && [1/2] Building C object CMakeFiles/cmTC_0c451.dir/CheckSymbolExists.c.o
[2/2] Linking C executable cmTC_0c451


File /home/luca/learnhardcode/cpp/emception/build/llvm-native/CMakeFiles/CMakeTmp/CheckSymbolExists.c:
/* */
#include <pthread.h>

int main(int argc, char** argv)
{
  (void)argv;
#ifndef pthread_getname_np
  return ((int*)(&pthread_getname_np))[argc];
#else
  (void)argc;
  return 0;
#endif
}
Determining if the pthread_setname_np exist passed with the following output:
Change Dir: /home/luca/learnhardcode/cpp/emception/build/llvm-native/CMakeFiles/CMakeTmp

Run Build Command(s):/usr/bin/ninja cmTC_4c473 && [1/2] Building C object CMakeFiles/cmTC_4c473.dir/CheckSymbolExists.c.o
[2/2] Linking C executable cmTC_4c473


File /home/luca/learnhardcode/cpp/emception/build/llvm-native/CMakeFiles/CMakeTmp/CheckSymbolExists.c:
/* */
#include <pthread.h>

int main(int argc, char** argv)
{
  (void)argv;
#ifndef pthread_setname_np
  return ((int*)(&pthread_setname_np))[argc];
#else
  (void)argc;
  return 0;
#endif
}
Performing C++ SOURCE FILE Test HAVE_CXX_ATOMICS_WITHOUT_LIB succeeded with the following output:
Change Dir: /home/luca/learnhardcode/cpp/emception/build/llvm-native/CMakeFiles/CMakeTmp

Run Build Command(s):/usr/bin/ninja cmTC_c51bb && [1/2] Building CXX object CMakeFiles/cmTC_c51bb.dir/src.cxx.o
[2/2] Linking CXX executable cmTC_c51bb


Source file was:

#include <atomic>
std::atomic<int> x;
std::atomic<short> y;
std::atomic<char> z;
int main() {
  ++z;
  ++y;
  return ++x;
}

Performing C++ SOURCE FILE Test HAVE_CXX_ATOMICS64_WITHOUT_LIB succeeded with the following output:
Change Dir: /home/luca/learnhardcode/cpp/emception/build/llvm-native/CMakeFiles/CMakeTmp

Run Build Command(s):/usr/bin/ninja cmTC_50c98 && [1/2] Building CXX object CMakeFiles/cmTC_50c98.dir/src.cxx.o
[2/2] Linking CXX executable cmTC_50c98


Source file was:

#include <atomic>
#include <cstdint>
std::atomic<uint64_t> x (0);
int main() {
  uint64_t i = x.load(std::memory_order_relaxed);
  (void)i;
  return 0;
}

Performing C++ SOURCE FILE Test LLVM_HAS_ATOMICS succeeded with the following output:
Change Dir: /home/luca/learnhardcode/cpp/emception/build/llvm-native/CMakeFiles/CMakeTmp

Run Build Command(s):/usr/bin/ninja cmTC_34b93 && [1/2] Building CXX object CMakeFiles/cmTC_34b93.dir/src.cxx.o
[2/2] Linking CXX executable cmTC_34b93


Source file was:

#ifdef _MSC_VER
#include <windows.h>
#endif
int main() {
#ifdef _MSC_VER
        volatile LONG val = 1;
        MemoryBarrier();
        InterlockedCompareExchange(&val, 0, 1);
        InterlockedIncrement(&val);
        InterlockedDecrement(&val);
#else
        volatile unsigned long val = 1;
        __sync_synchronize();
        __sync_val_compare_and_swap(&val, 1, 0);
        __sync_add_and_fetch(&val, 1);
        __sync_sub_and_fetch(&val, 1);
#endif
        return 0;
      }

Performing C++ SOURCE FILE Test SUPPORTS_VARIADIC_MACROS_FLAG succeeded with the following output:
Change Dir: /home/luca/learnhardcode/cpp/emception/build/llvm-native/CMakeFiles/CMakeTmp

Run Build Command(s):/usr/bin/ninja cmTC_3fa45 && [1/2] Building CXX object CMakeFiles/cmTC_3fa45.dir/src.cxx.o
[2/2] Linking CXX executable cmTC_3fa45


Source file was:
int main() { return 0; }
Performing C++ SOURCE FILE Test HAS_MAYBE_UNINITIALIZED succeeded with the following output:
Change Dir: /home/luca/learnhardcode/cpp/emception/build/llvm-native/CMakeFiles/CMakeTmp

Run Build Command(s):/usr/bin/ninja cmTC_6e49c && [1/2] Building CXX object CMakeFiles/cmTC_6e49c.dir/src.cxx.o
[2/2] Linking CXX executable cmTC_6e49c


Source file was:
int main() { return 0; }
Performing C SOURCE FILE Test C_SUPPORTS_FPIC succeeded with the following output:
Change Dir: /home/luca/learnhardcode/cpp/emception/build/llvm-native/CMakeFiles/CMakeTmp

Run Build Command(s):/usr/bin/ninja cmTC_6d7d2 && [1/2] Building C object CMakeFiles/cmTC_6d7d2.dir/src.c.o
[2/2] Linking C executable cmTC_6d7d2


Source file was:
int main(void) { return 0; }
Performing C++ SOURCE FILE Test CXX_SUPPORTS_FPIC succeeded with the following output:
Change Dir: /home/luca/learnhardcode/cpp/emception/build/llvm-native/CMakeFiles/CMakeTmp

Run Build Command(s):/usr/bin/ninja cmTC_89e67 && [1/2] Building CXX object CMakeFiles/cmTC_89e67.dir/src.cxx.o
[2/2] Linking CXX executable cmTC_89e67


Source file was:
int main() { return 0; }
Performing C SOURCE FILE Test C_SUPPORTS_FNO_SEMANTIC_INTERPOSITION succeeded with the following output:
Change Dir: /home/luca/learnhardcode/cpp/emception/build/llvm-native/CMakeFiles/CMakeTmp

Run Build Command(s):/usr/bin/ninja cmTC_9075f && [1/2] Building C object CMakeFiles/cmTC_9075f.dir/src.c.o
[2/2] Linking C executable cmTC_9075f


Source file was:
int main(void) { return 0; }
Performing C++ SOURCE FILE Test CXX_SUPPORTS_FNO_SEMANTIC_INTERPOSITION succeeded with the following output:
Change Dir: /home/luca/learnhardcode/cpp/emception/build/llvm-native/CMakeFiles/CMakeTmp

Run Build Command(s):/usr/bin/ninja cmTC_11927 && [1/2] Building CXX object CMakeFiles/cmTC_11927.dir/src.cxx.o
[2/2] Linking CXX executable cmTC_11927


Source file was:
int main() { return 0; }
Performing C++ SOURCE FILE Test SUPPORTS_FVISIBILITY_INLINES_HIDDEN_FLAG succeeded with the following output:
Change Dir: /home/luca/learnhardcode/cpp/emception/build/llvm-native/CMakeFiles/CMakeTmp

Run Build Command(s):/usr/bin/ninja cmTC_78f53 && [1/2] Building CXX object CMakeFiles/cmTC_78f53.dir/src.cxx.o
[2/2] Linking CXX executable cmTC_78f53


Source file was:
int main() { return 0; }
Performing C SOURCE FILE Test C_SUPPORTS_WERROR_DATE_TIME succeeded with the following output:
Change Dir: /home/luca/learnhardcode/cpp/emception/build/llvm-native/CMakeFiles/CMakeTmp

Run Build Command(s):/usr/bin/ninja cmTC_d02ed && [1/2] Building C object CMakeFiles/cmTC_d02ed.dir/src.c.o
[2/2] Linking C executable cmTC_d02ed


Source file was:
int main(void) { return 0; }
Performing C++ SOURCE FILE Test CXX_SUPPORTS_WERROR_DATE_TIME succeeded with the following output:
Change Dir: /home/luca/learnhardcode/cpp/emception/build/llvm-native/CMakeFiles/CMakeTmp

Run Build Command(s):/usr/bin/ninja cmTC_b00a6 && [1/2] Building CXX object CMakeFiles/cmTC_b00a6.dir/src.cxx.o
[2/2] Linking CXX executable cmTC_b00a6


Source file was:
int main() { return 0; }
Performing C++ SOURCE FILE Test CXX_SUPPORTS_MISSING_FIELD_INITIALIZERS_FLAG succeeded with the following output:
Change Dir: /home/luca/learnhardcode/cpp/emception/build/llvm-native/CMakeFiles/CMakeTmp

Run Build Command(s):/usr/bin/ninja cmTC_238a9 && [1/2] Building CXX object CMakeFiles/cmTC_238a9.dir/src.cxx.o
[2/2] Linking CXX executable cmTC_238a9


Source file was:
int main() { return 0; }
Performing C SOURCE FILE Test C_SUPPORTS_IMPLICIT_FALLTHROUGH_FLAG succeeded with the following output:
Change Dir: /home/luca/learnhardcode/cpp/emception/build/llvm-native/CMakeFiles/CMakeTmp

Run Build Command(s):/usr/bin/ninja cmTC_3cce6 && [1/2] Building C object CMakeFiles/cmTC_3cce6.dir/src.c.o
[2/2] Linking C executable cmTC_3cce6


Source file was:
int main(void) { return 0; }
Performing C++ SOURCE FILE Test CXX_SUPPORTS_IMPLICIT_FALLTHROUGH_FLAG succeeded with the following output:
Change Dir: /home/luca/learnhardcode/cpp/emception/build/llvm-native/CMakeFiles/CMakeTmp

Run Build Command(s):/usr/bin/ninja cmTC_78a32 && [1/2] Building CXX object CMakeFiles/cmTC_78a32.dir/src.cxx.o
[2/2] Linking CXX executable cmTC_78a32


Source file was:
int main() { return 0; }
Performing C++ SOURCE FILE Test CXX_SUPPORTS_CLASS_MEMACCESS_FLAG succeeded with the following output:
Change Dir: /home/luca/learnhardcode/cpp/emception/build/llvm-native/CMakeFiles/CMakeTmp

Run Build Command(s):/usr/bin/ninja cmTC_75a69 && [1/2] Building CXX object CMakeFiles/cmTC_75a69.dir/src.cxx.o
[2/2] Linking CXX executable cmTC_75a69


Source file was:
int main() { return 0; }
Performing C++ SOURCE FILE Test CXX_SUPPORTS_REDUNDANT_MOVE_FLAG succeeded with the following output:
Change Dir: /home/luca/learnhardcode/cpp/emception/build/llvm-native/CMakeFiles/CMakeTmp

Run Build Command(s):/usr/bin/ninja cmTC_0d496 && [1/2] Building CXX object CMakeFiles/cmTC_0d496.dir/src.cxx.o
[2/2] Linking CXX executable cmTC_0d496


Source file was:
int main() { return 0; }
Performing C++ SOURCE FILE Test CXX_SUPPORTS_PESSIMIZING_MOVE_FLAG succeeded with the following output:
Change Dir: /home/luca/learnhardcode/cpp/emception/build/llvm-native/CMakeFiles/CMakeTmp

Run Build Command(s):/usr/bin/ninja cmTC_8997c && [1/2] Building CXX object CMakeFiles/cmTC_8997c.dir/src.cxx.o
[2/2] Linking CXX executable cmTC_8997c


Source file was:
int main() { return 0; }
Performing C++ SOURCE FILE Test CXX_SUPPORTS_NOEXCEPT_TYPE_FLAG succeeded with the following output:
Change Dir: /home/luca/learnhardcode/cpp/emception/build/llvm-native/CMakeFiles/CMakeTmp

Run Build Command(s):/usr/bin/ninja cmTC_39a34 && [1/2] Building CXX object CMakeFiles/cmTC_39a34.dir/src.cxx.o
[2/2] Linking CXX executable cmTC_39a34


Source file was:
int main() { return 0; }
Performing C++ SOURCE FILE Test CXX_SUPPORTS_SUGGEST_OVERRIDE_FLAG succeeded with the following output:
Change Dir: /home/luca/learnhardcode/cpp/emception/build/llvm-native/CMakeFiles/CMakeTmp

Run Build Command(s):/usr/bin/ninja cmTC_8e0e7 && [1/2] Building CXX object CMakeFiles/cmTC_8e0e7.dir/src.cxx.o
[2/2] Linking CXX executable cmTC_8e0e7


Source file was:
int main() { return 0; }
Performing C++ SOURCE FILE Test CXX_WSUGGEST_OVERRIDE_ALLOWS_ONLY_FINAL succeeded with the following output:
Change Dir: /home/luca/learnhardcode/cpp/emception/build/llvm-native/CMakeFiles/CMakeTmp

Run Build Command(s):/usr/bin/ninja cmTC_5d597 && [1/2] Building CXX object CMakeFiles/cmTC_5d597.dir/src.cxx.o
[2/2] Linking CXX executable cmTC_5d597


Source file was:
class base {public: virtual void anchor();};
                               class derived : base {public: void anchor() final;};
                               int main() { return 0; }
Performing C++ SOURCE FILE Test CXX_SUPPORTS_MISLEADING_INDENTATION_FLAG succeeded with the following output:
Change Dir: /home/luca/learnhardcode/cpp/emception/build/llvm-native/CMakeFiles/CMakeTmp

Run Build Command(s):/usr/bin/ninja cmTC_87cf8 && [1/2] Building CXX object CMakeFiles/cmTC_87cf8.dir/src.cxx.o
[2/2] Linking CXX executable cmTC_87cf8


Source file was:
int main() { return 0; }
Performing C SOURCE FILE Test C_SUPPORTS_FNO_FUNCTION_SECTIONS succeeded with the following output:
Change Dir: /home/luca/learnhardcode/cpp/emception/build/llvm-native/CMakeFiles/CMakeTmp

Run Build Command(s):/usr/bin/ninja cmTC_107f8 && [1/2] Building C object CMakeFiles/cmTC_107f8.dir/src.c.o
[2/2] Linking C executable cmTC_107f8


Source file was:
int main(void) { return 0; }
Performing C SOURCE FILE Test C_SUPPORTS_FFUNCTION_SECTIONS succeeded with the following output:
Change Dir: /home/luca/learnhardcode/cpp/emception/build/llvm-native/CMakeFiles/CMakeTmp

Run Build Command(s):/usr/bin/ninja cmTC_bb855 && [1/2] Building C object CMakeFiles/cmTC_bb855.dir/src.c.o
[2/2] Linking C executable cmTC_bb855


Source file was:
int main(void) { return 0; }
Performing C++ SOURCE FILE Test CXX_SUPPORTS_FFUNCTION_SECTIONS succeeded with the following output:
Change Dir: /home/luca/learnhardcode/cpp/emception/build/llvm-native/CMakeFiles/CMakeTmp

Run Build Command(s):/usr/bin/ninja cmTC_c284b && [1/2] Building CXX object CMakeFiles/cmTC_c284b.dir/src.cxx.o
[2/2] Linking CXX executable cmTC_c284b


Source file was:
int main() { return 0; }
Performing C SOURCE FILE Test C_SUPPORTS_FDATA_SECTIONS succeeded with the following output:
Change Dir: /home/luca/learnhardcode/cpp/emception/build/llvm-native/CMakeFiles/CMakeTmp

Run Build Command(s):/usr/bin/ninja cmTC_7e2fc && [1/2] Building C object CMakeFiles/cmTC_7e2fc.dir/src.c.o
[2/2] Linking C executable cmTC_7e2fc


Source file was:
int main(void) { return 0; }
Performing C++ SOURCE FILE Test CXX_SUPPORTS_FDATA_SECTIONS succeeded with the following output:
Change Dir: /home/luca/learnhardcode/cpp/emception/build/llvm-native/CMakeFiles/CMakeTmp

Run Build Command(s):/usr/bin/ninja cmTC_93db6 && [1/2] Building CXX object CMakeFiles/cmTC_93db6.dir/src.cxx.o
[2/2] Linking CXX executable cmTC_93db6


Source file was:
int main() { return 0; }
Determining if the __x86_64__ exist passed with the following output:
Change Dir: /home/luca/learnhardcode/cpp/emception/build/llvm-native/CMakeFiles/CMakeTmp

Run Build Command(s):/usr/bin/ninja cmTC_1e85a && [1/2] Building C object CMakeFiles/cmTC_1e85a.dir/CheckSymbolExists.c.o
[2/2] Linking C executable cmTC_1e85a


File /home/luca/learnhardcode/cpp/emception/build/llvm-native/CMakeFiles/CMakeTmp/CheckSymbolExists.c:
/* */

int main(int argc, char** argv)
{
  (void)argv;
#ifndef __x86_64__
  return ((int*)(&__x86_64__))[argc];
#else
  (void)argc;
  return 0;
#endif
}
Determining if the include file sys/resource.h exists passed with the following output:
Change Dir: /home/luca/learnhardcode/cpp/emception/build/llvm-native/CMakeFiles/CMakeTmp

Run Build Command(s):/usr/bin/ninja cmTC_1bbf1 && [1/2] Building C object CMakeFiles/cmTC_1bbf1.dir/CheckIncludeFile.c.o
[2/2] Linking C executable cmTC_1bbf1



Determining if files sys/inotify.h exist passed with the following output:
Change Dir: /home/luca/learnhardcode/cpp/emception/build/llvm-native/CMakeFiles/CMakeTmp

Run Build Command(s):/usr/bin/ninja cmTC_1f6e6 && [1/2] Building C object CMakeFiles/cmTC_1f6e6.dir/HAVE_INOTIFY.c.o
[2/2] Linking C executable cmTC_1f6e6



Determining if the function shm_open exists in the rt passed with the following output:
Change Dir: /home/luca/learnhardcode/cpp/emception/build/llvm-native/CMakeFiles/CMakeTmp

Run Build Command(s):/usr/bin/ninja cmTC_4c91b && [1/2] Building C object CMakeFiles/cmTC_4c91b.dir/CheckFunctionExists.c.o
[2/2] Linking C executable cmTC_4c91b



Performing C++ SOURCE FILE Test HAVE_CXX_FLAG_STD_CXX11 succeeded with the following output:
Change Dir: /home/luca/learnhardcode/cpp/emception/build/llvm-native/CMakeFiles/CMakeTmp

Run Build Command(s):/usr/bin/ninja cmTC_f7c8e && [1/2] Building CXX object CMakeFiles/cmTC_f7c8e.dir/src.cxx.o
[2/2] Linking CXX executable cmTC_f7c8e


Source file was:
int main() { return 0; }
Performing C++ SOURCE FILE Test HAVE_CXX_FLAG_WALL succeeded with the following output:
Change Dir: /home/luca/learnhardcode/cpp/emception/build/llvm-native/CMakeFiles/CMakeTmp

Run Build Command(s):/usr/bin/ninja cmTC_e1358 && [1/2] Building CXX object CMakeFiles/cmTC_e1358.dir/src.cxx.o
[2/2] Linking CXX executable cmTC_e1358


Source file was:
int main() { return 0; }
Performing C++ SOURCE FILE Test HAVE_CXX_FLAG_WEXTRA succeeded with the following output:
Change Dir: /home/luca/learnhardcode/cpp/emception/build/llvm-native/CMakeFiles/CMakeTmp

Run Build Command(s):/usr/bin/ninja cmTC_557ed && [1/2] Building CXX object CMakeFiles/cmTC_557ed.dir/src.cxx.o
[2/2] Linking CXX executable cmTC_557ed


Source file was:
int main() { return 0; }
Performing C++ SOURCE FILE Test HAVE_CXX_FLAG_WSHADOW succeeded with the following output:
Change Dir: /home/luca/learnhardcode/cpp/emception/build/llvm-native/CMakeFiles/CMakeTmp

Run Build Command(s):/usr/bin/ninja cmTC_15874 && [1/2] Building CXX object CMakeFiles/cmTC_15874.dir/src.cxx.o
[2/2] Linking CXX executable cmTC_15874


Source file was:
int main() { return 0; }
Performing C++ SOURCE FILE Test HAVE_CXX_FLAG_WSUGGEST_OVERRIDE succeeded with the following output:
Change Dir: /home/luca/learnhardcode/cpp/emception/build/llvm-native/CMakeFiles/CMakeTmp

Run Build Command(s):/usr/bin/ninja cmTC_810dc && [1/2] Building CXX object CMakeFiles/cmTC_810dc.dir/src.cxx.o
[2/2] Linking CXX executable cmTC_810dc


Source file was:
int main() { return 0; }
Performing C++ SOURCE FILE Test HAVE_CXX_FLAG_PEDANTIC succeeded with the following output:
Change Dir: /home/luca/learnhardcode/cpp/emception/build/llvm-native/CMakeFiles/CMakeTmp

Run Build Command(s):/usr/bin/ninja cmTC_3c417 && [1/2] Building CXX object CMakeFiles/cmTC_3c417.dir/src.cxx.o
[2/2] Linking CXX executable cmTC_3c417


Source file was:
int main() { return 0; }
Performing C++ SOURCE FILE Test HAVE_CXX_FLAG_PEDANTIC_ERRORS succeeded with the following output:
Change Dir: /home/luca/learnhardcode/cpp/emception/build/llvm-native/CMakeFiles/CMakeTmp

Run Build Command(s):/usr/bin/ninja cmTC_c6466 && [1/2] Building CXX object CMakeFiles/cmTC_c6466.dir/src.cxx.o
[2/2] Linking CXX executable cmTC_c6466


Source file was:
int main() { return 0; }
Performing C++ SOURCE FILE Test HAVE_CXX_FLAG_FSTRICT_ALIASING succeeded with the following output:
Change Dir: /home/luca/learnhardcode/cpp/emception/build/llvm-native/CMakeFiles/CMakeTmp

Run Build Command(s):/usr/bin/ninja cmTC_03285 && [1/2] Building CXX object CMakeFiles/cmTC_03285.dir/src.cxx.o
[2/2] Linking CXX executable cmTC_03285


Source file was:
int main() { return 0; }
Performing C++ SOURCE FILE Test HAVE_CXX_FLAG_WNO_DEPRECATED_DECLARATIONS succeeded with the following output:
Change Dir: /home/luca/learnhardcode/cpp/emception/build/llvm-native/CMakeFiles/CMakeTmp

Run Build Command(s):/usr/bin/ninja cmTC_73536 && [1/2] Building CXX object CMakeFiles/cmTC_73536.dir/src.cxx.o
[2/2] Linking CXX executable cmTC_73536


Source file was:
int main() { return 0; }
Performing C++ SOURCE FILE Test HAVE_CXX_FLAG_FNO_EXCEPTIONS succeeded with the following output:
Change Dir: /home/luca/learnhardcode/cpp/emception/build/llvm-native/CMakeFiles/CMakeTmp

Run Build Command(s):/usr/bin/ninja cmTC_f9fc6 && [1/2] Building CXX object CMakeFiles/cmTC_f9fc6.dir/src.cxx.o
[2/2] Linking CXX executable cmTC_f9fc6


Source file was:
int main() { return 0; }
Performing C++ SOURCE FILE Test HAVE_CXX_FLAG_WSTRICT_ALIASING succeeded with the following output:
Change Dir: /home/luca/learnhardcode/cpp/emception/build/llvm-native/CMakeFiles/CMakeTmp

Run Build Command(s):/usr/bin/ninja cmTC_ea3c0 && [1/2] Building CXX object CMakeFiles/cmTC_ea3c0.dir/src.cxx.o
[2/2] Linking CXX executable cmTC_ea3c0


Source file was:
int main() { return 0; }
Performing C++ SOURCE FILE Test HAVE_CXX_FLAG_COVERAGE succeeded with the following output:
Change Dir: /home/luca/learnhardcode/cpp/emception/build/llvm-native/CMakeFiles/CMakeTmp

Run Build Command(s):/usr/bin/ninja cmTC_54f03 && [1/2] Building CXX object CMakeFiles/cmTC_54f03.dir/src.cxx.o
[2/2] Linking CXX executable cmTC_54f03


Source file was:
int main() { return 0; }
